Archive member included to satisfy reference by file (symbol)

../VCOM-G1/GuitarPedal/libDaisy/build/libdaisy.a(daisy_seed.o)
                              build/base_hardware_module.o (daisy::DaisySeed::Configure())
../VCOM-G1/GuitarPedal/libDaisy/build/libdaisy.a(codec_ak4556.o)
                              ../VCOM-G1/GuitarPedal/libDaisy/build/libdaisy.a(daisy_seed.o) (daisy::Ak4556::Init(daisy::Pin))
../VCOM-G1/GuitarPedal/libDaisy/build/libdaisy.a(codec_wm8731.o)
                              ../VCOM-G1/GuitarPedal/libDaisy/build/libdaisy.a(daisy_seed.o) (daisy::Wm8731::Init(daisy::Wm8731::Config const&, daisy::I2CHandle))
../VCOM-G1/GuitarPedal/libDaisy/build/libdaisy.a(sdram.o)
                              ../VCOM-G1/GuitarPedal/libDaisy/build/libdaisy.a(daisy_seed.o) (SdramHandle::Init())
../VCOM-G1/GuitarPedal/libDaisy/build/libdaisy.a(audio.o)
                              ../VCOM-G1/GuitarPedal/libDaisy/build/libdaisy.a(daisy_seed.o) (daisy::AudioHandle::Init(daisy::AudioHandle::Config const&, daisy::SaiHandle))
../VCOM-G1/GuitarPedal/libDaisy/build/libdaisy.a(ctrl.o)
                              build/base_hardware_module.o (daisy::AnalogControl::Init(unsigned short*, float, bool, bool, float))
../VCOM-G1/GuitarPedal/libDaisy/build/libdaisy.a(encoder.o)
                              build/base_hardware_module.o (daisy::Encoder::Init(daisy::Pin, daisy::Pin, daisy::Pin, float))
../VCOM-G1/GuitarPedal/libDaisy/build/libdaisy.a(led.o)
                              build/base_hardware_module.o (daisy::Led::Init(daisy::Pin, bool, float))
../VCOM-G1/GuitarPedal/libDaisy/build/libdaisy.a(midi.o)
                              build/base_hardware_module.o (daisy::MidiUartTransport::Config::Config())
../VCOM-G1/GuitarPedal/libDaisy/build/libdaisy.a(midi_parser.o)
                              build/base_hardware_module.o (daisy::MidiParser::Reset())
../VCOM-G1/GuitarPedal/libDaisy/build/libdaisy.a(switch.o)
                              build/base_hardware_module.o (daisy::Switch::Init(daisy::Pin, float))
../VCOM-G1/GuitarPedal/libDaisy/build/libdaisy.a(adc.o)
                              build/base_hardware_module.o (daisy::AdcChannelConfig::InitSingle(daisy::Pin, daisy::AdcChannelConfig::ConversionSpeed))
../VCOM-G1/GuitarPedal/libDaisy/build/libdaisy.a(gpio.o)
                              ../VCOM-G1/GuitarPedal/libDaisy/build/libdaisy.a(daisy_seed.o) (daisy::GPIO::Init(daisy::GPIO::Config const&))
../VCOM-G1/GuitarPedal/libDaisy/build/libdaisy.a(i2c.o)
                              ../VCOM-G1/GuitarPedal/libDaisy/build/libdaisy.a(daisy_seed.o) (daisy::I2CHandle::Init(daisy::I2CHandle::Config const&))
../VCOM-G1/GuitarPedal/libDaisy/build/libdaisy.a(qspi.o)
                              ../VCOM-G1/GuitarPedal/libDaisy/build/libdaisy.a(daisy_seed.o) (daisy::QSPIHandle::Init(daisy::QSPIHandle::Config const&))
../VCOM-G1/GuitarPedal/libDaisy/build/libdaisy.a(sai.o)
                              ../VCOM-G1/GuitarPedal/libDaisy/build/libdaisy.a(daisy_seed.o) (daisy::SaiHandle::Init(daisy::SaiHandle::Config const&))
../VCOM-G1/GuitarPedal/libDaisy/build/libdaisy.a(spi.o)
                              build/base_hardware_module.o (daisy::SpiHandle::Init(daisy::SpiHandle::Config const&))
../VCOM-G1/GuitarPedal/libDaisy/build/libdaisy.a(uart.o)
                              build/base_hardware_module.o (daisy::UartHandler::Init(daisy::UartHandler::Config const&))
../VCOM-G1/GuitarPedal/libDaisy/build/libdaisy.a(dma.o)
                              build/my_pedal.o (dsy_dma_invalidate_cache_for_buffer)
../VCOM-G1/GuitarPedal/libDaisy/build/libdaisy.a(system.o)
                              ../VCOM-G1/GuitarPedal/libDaisy/build/libdaisy.a(daisy_seed.o) (daisy::System::DeInit())
../VCOM-G1/GuitarPedal/libDaisy/build/libdaisy.a(usbd_conf.o)
                              ../VCOM-G1/GuitarPedal/libDaisy/build/libdaisy.a(system.o) (hpcd_USB_OTG_HS)
../VCOM-G1/GuitarPedal/libDaisy/build/libdaisy.a(usbh_conf.o)
                              ../VCOM-G1/GuitarPedal/libDaisy/build/libdaisy.a(system.o) (hhcd_USB_OTG_HS)
../VCOM-G1/GuitarPedal/libDaisy/build/libdaisy.a(oled_fonts.o)
                              build/my_pedal.o (Font_16x26)
../VCOM-G1/GuitarPedal/libDaisy/build/libdaisy.a(stm32h7xx_hal.o)
                              ../VCOM-G1/GuitarPedal/libDaisy/build/libdaisy.a(system.o) (HAL_Init)
../VCOM-G1/GuitarPedal/libDaisy/build/libdaisy.a(stm32h7xx_hal_adc.o)
                              ../VCOM-G1/GuitarPedal/libDaisy/build/libdaisy.a(adc.o) (HAL_ADC_ConfigChannel)
../VCOM-G1/GuitarPedal/libDaisy/build/libdaisy.a(stm32h7xx_hal_adc_ex.o)
                              ../VCOM-G1/GuitarPedal/libDaisy/build/libdaisy.a(adc.o) (HAL_ADCEx_Calibration_Start)
../VCOM-G1/GuitarPedal/libDaisy/build/libdaisy.a(stm32h7xx_hal_cortex.o)
                              ../VCOM-G1/GuitarPedal/libDaisy/build/libdaisy.a(stm32h7xx_hal.o) (HAL_NVIC_SetPriorityGrouping)
[...]
Memory Configuration

Name             Origin             Length             Attributes
FLASH            0x0000000008000000 0x0000000000020000 xr
DTCMRAM          0x0000000020000000 0x0000000000020000 xrw
SRAM             0x0000000024000000 0x0000000000078000 xrw
RAM_D2_DMA       0x0000000030000000 0x0000000000008000 xrw
RAM_D2           0x0000000030008000 0x0000000000040000 xrw
RAM_D3           0x0000000038000000 0x0000000000010000 xrw
BACKUP_SRAM      0x0000000038800000 0x0000000000001000 xrw
ITCMRAM          0x0000000000000000 0x0000000000010000 xrw
SDRAM            0x00000000c0000000 0x0000000004000000 xrw
QSPIFLASH        0x0000000090040000 0x00000000007c0000 xr
*default*        0x0000000000000000 0xffffffffffffffff

Linker script and memory map

LOAD /Library/DaisyToolchain/0.2.0/arm/bin/../lib/gcc/arm-none-eabi/10.3.1/thumb/v7e-m+dp/hard/crti.o
LOAD /Library/DaisyToolchain/0.2.0/arm/bin/../lib/gcc/arm-none-eabi/10.3.1/thumb/v7e-m+dp/hard/crtbegin.o
LOAD /Library/DaisyToolchain/0.2.0/arm/bin/../lib/gcc/arm-none-eabi/10.3.1/../../../../arm-none-eabi/lib/thumb/v7e-m+dp/hard/crt0.o
LOAD build/startup_stm32h750xx.o
LOAD build/my_pedal.o
LOAD build/base_hardware_module.o
LOAD build/guitar_pedal_125b.o
LOAD build/base_effect_module.o
LOAD build/amp_module.o
LOAD build/ImpulseResponse.o
LOAD build/dsp.o
LOAD build/audio_utilities.o
LOAD ../VCOM-G1/GuitarPedal/libDaisy/build/libdaisy.a
LOAD /Library/DaisyToolchain/0.2.0/arm/bin/../lib/gcc/arm-none-eabi/10.3.1/../../../../arm-none-eabi/lib/thumb/v7e-m+dp/hard/libnosys.a
LOAD ../VCOM-G1/GuitarPedal/DaisySP/build/libdaisysp.a
LOAD /Library/DaisyToolchain/0.2.0/arm/bin/../lib/gcc/arm-none-eabi/10.3.1/../../../../arm-none-eabi/lib/thumb/v7e-m+dp/hard/libstdc++_nano.a
LOAD /Library/DaisyToolchain/0.2.0/arm/bin/../lib/gcc/arm-none-eabi/10.3.1/../../../../arm-none-eabi/lib/thumb/v7e-m+dp/hard/libm.a
LOAD /Library/DaisyToolchain/0.2.0/arm/bin/../lib/gcc/arm-none-eabi/10.3.1/../../../../arm-none-eabi/lib/thumb/v7e-m+dp/hard/libc_nano.a
START GROUP
LOAD /Library/DaisyToolchain/0.2.0/arm/bin/../lib/gcc/arm-none-eabi/10.3.1/thumb/v7e-m+dp/hard/libgcc.a
LOAD /Library/DaisyToolchain/0.2.0/arm/bin/../lib/gcc/arm-none-eabi/10.3.1/../../../../arm-none-eabi/lib/thumb/v7e-m+dp/hard/libc_nano.a
END GROUP
START GROUP
LOAD /Library/DaisyToolchain/0.2.0/arm/bin/../lib/gcc/arm-none-eabi/10.3.1/thumb/v7e-m+dp/hard/libgcc.a
LOAD /Library/DaisyToolchain/0.2.0/arm/bin/../lib/gcc/arm-none-eabi/10.3.1/../../../../arm-none-eabi/lib/thumb/v7e-m+dp/hard/libc_nano.a
LOAD /Library/DaisyToolchain/0.2.0/arm/bin/../lib/gcc/arm-none-eabi/10.3.1/../../../../arm-none-eabi/lib/thumb/v7e-m+dp/hard/libnosys.a
END GROUP
START GROUP
LOAD /Library/DaisyToolchain/0.2.0/arm/bin/../lib/gcc/arm-none-eabi/10.3.1/thumb/v7e-m+dp/hard/libgcc.a
LOAD /Library/DaisyToolchain/0.2.0/arm/bin/../lib/gcc/arm-none-eabi/10.3.1/../../../../arm-none-eabi/lib/thumb/v7e-m+dp/hard/libc_nano.a
LOAD /Library/DaisyToolchain/0.2.0/arm/bin/../lib/gcc/arm-none-eabi/10.3.1/../../../../arm-none-eabi/lib/thumb/v7e-m+dp/hard/libnosys.a
END GROUP
LOAD /Library/DaisyToolchain/0.2.0/arm/bin/../lib/gcc/arm-none-eabi/10.3.1/thumb/v7e-m+dp/hard/crtend.o
LOAD /Library/DaisyToolchain/0.2.0/arm/bin/../lib/gcc/arm-none-eabi/10.3.1/thumb/v7e-m+dp/hard/crtn.o
                0x0000000020020000                _estack = 0x20020000

.isr_vector     0x0000000024000000      0x298
                0x0000000024000000                . = ALIGN (0x4)
 *(.isr_vector)
 .isr_vector    0x0000000024000000      0x298 build/startup_stm32h750xx.o
                0x0000000024000000                g_pfnVectors
                0x0000000024000298                . = ALIGN (0x4)

.text           0x00000000240002a0    0x3391c
                0x00000000240002a0                . = ALIGN (0x4)
                0x00000000240002a0                _stext = .
 *(.text)
 .text          0x00000000240002a0       0x40 /Library/DaisyToolchain/0.2.0/arm/bin/../lib/gcc/arm-none-eabi/10.3.1/thumb/v7e-m+dp/hard/crtbegin.o
 .text          0x00000000240002e0       0x14 /Library/DaisyToolchain/0.2.0/arm/bin/../lib/gcc/arm-none-eabi/10.3.1/../../../../arm-none-eabi/lib/thumb/v7e-m+dp/hard/libc_nano.a(lib_a-strcmp.o)
                0x00000000240002e0                strcmp
 .text          0x00000000240002f4       0x10 /Library/DaisyToolchain/0.2.0/arm/bin/../lib/gcc/arm-none-eabi/10.3.1/../../../../arm-none-eabi/lib/thumb/v7e-m+dp/hard/libc_nano.a(lib_a-strlen.o)
                0x00000000240002f4                strlen
 *fill*         0x0000000024000304        0xc 
 .text          0x0000000024000310       0xa0 /Library/DaisyToolchain/0.2.0/arm/bin/../lib/gcc/arm-none-eabi/10.3.1/../../../../arm-none-eabi/lib/thumb/v7e-m+dp/hard/libc_nano.a(lib_a-memchr.o)
                0x0000000024000310                memchr
 .text          0x00000000240003b0      0x378 /Library/DaisyToolchain/0.2.0/arm/bin/../lib/gcc/arm-none-eabi/10.3.1/thumb/v7e-m+dp/hard/libgcc.a(_arm_addsubdf3.o)
                0x00000000240003b0                __aeabi_drsub
                0x00000000240003b8                __subdf3
                0x00000000240003b8                __aeabi_dsub
                0x00000000240003bc                __aeabi_dadd
                0x00000000240003bc                __adddf3
                0x0000000024000634                __aeabi_ui2d
                0x0000000024000634                __floatunsidf
                0x0000000024000654                __floatsidf
                0x0000000024000654                __aeabi_i2d
                0x0000000024000678                __extendsfdf2
                0x0000000024000678                __aeabi_f2d
                0x00000000240006bc                __aeabi_ul2d
                0x00000000240006bc                __floatundidf
                0x00000000240006cc                __aeabi_l2d
                0x00000000240006cc                __floatdidf
 .text          0x0000000024000728       0x30 /Library/DaisyToolchain/0.2.0/arm/bin/../lib/gcc/arm-none-eabi/10.3.1/thumb/v7e-m+dp/hard/libgcc.a(_aeabi_uldivmod.o)
                0x0000000024000728                __aeabi_uldivmod
 .text          0x0000000024000758      0x2d0 /Library/DaisyToolchain/0.2.0/arm/bin/../lib/gcc/arm-none-eabi/10.3.1/thumb/v7e-m+dp/hard/libgcc.a(_udivmoddi4.o)
                0x0000000024000758                __udivmoddi4
 .text          0x0000000024000a28        0x4 /Library/DaisyToolchain/0.2.0/arm/bin/../lib/gcc/arm-none-eabi/10.3.1/thumb/v7e-m+dp/hard/libgcc.a(_dvmd_tls.o)
                0x0000000024000a28                __aeabi_ldiv0
                0x0000000024000a28                __aeabi_idiv0
 *(.text*)
 .text.Default_Handler
                0x0000000024000a2c        0xc build/startup_stm32h750xx.o
                0x0000000024000a2c                SAI1_IRQHandler
                0x0000000024000a2c                HASH_RNG_IRQHandler
                0x0000000024000a2c                EXTI2_IRQHandler
                0x0000000024000a2c                TIM8_CC_IRQHandler
                0x0000000024000a2c                HRTIM1_Master_IRQHandler
                0x0000000024000a2c                DebugMon_Handler
                0x0000000024000a2c                TIM1_CC_IRQHandler
                0x0000000024000a2c                BDMA_Channel6_IRQHandler
                0x0000000024000a2c                DMA2_Stream5_IRQHandler
                0x0000000024000a2c                HRTIM1_FLT_IRQHandler
                0x0000000024000a2c                JPEG_IRQHandler
                0x0000000024000a2c                BDMA_Channel1_IRQHandler
                0x0000000024000a2c                HRTIM1_TIMD_IRQHandler
                0x0000000024000a2c                TAMP_STAMP_IRQHandler
                0x0000000024000a2c                PendSV_Handler
                0x0000000024000a2c                NMI_Handler
                0x0000000024000a2c                EXTI3_IRQHandler
                0x0000000024000a2c                LPTIM4_IRQHandler
                0x0000000024000a2c                TIM8_TRG_COM_TIM14_IRQHandler
                0x0000000024000a2c                LPTIM2_IRQHandler
                0x0000000024000a2c                DFSDM1_FLT1_IRQHandler
                0x0000000024000a2c                DMAMUX2_OVR_IRQHandler
                0x0000000024000a2c                TIM8_UP_TIM13_IRQHandler
                0x0000000024000a2c                I2C3_ER_IRQHandler
                0x0000000024000a2c                DFSDM1_FLT2_IRQHandler
                0x0000000024000a2c                MDMA_IRQHandler
                0x0000000024000a2c                LPTIM3_IRQHandler
                0x0000000024000a2c                HSEM1_IRQHandler
                0x0000000024000a2c                EXTI0_IRQHandler
                0x0000000024000a2c                FPU_IRQHandler
                0x0000000024000a2c                OTG_HS_WKUP_IRQHandler
                0x0000000024000a2c                FDCAN1_IT1_IRQHandler
                0x0000000024000a2c                UsageFault_Handler
                0x0000000024000a2c                LTDC_ER_IRQHandler
                0x0000000024000a2c                HRTIM1_TIME_IRQHandler
                0x0000000024000a2c                TIM6_DAC_IRQHandler
                0x0000000024000a2c                DCMI_IRQHandler
                0x0000000024000a2c                HRTIM1_TIMC_IRQHandler
                0x0000000024000a2c                SAI2_IRQHandler
                0x0000000024000a2c                DFSDM1_FLT3_IRQHandler
                0x0000000024000a2c                TIM17_IRQHandler
                0x0000000024000a2c                CRYP_IRQHandler
                0x0000000024000a2c                BDMA_Channel7_IRQHandler
                0x0000000024000a2c                LPTIM5_IRQHandler
                0x0000000024000a2c                ADC3_IRQHandler
                0x0000000024000a2c                DMA2_Stream0_IRQHandler
                0x0000000024000a2c                BDMA_Channel2_IRQHandler
                0x0000000024000a2c                DMAMUX1_OVR_IRQHandler
                0x0000000024000a2c                TIM16_IRQHandler
                0x0000000024000a2c                BDMA_Channel5_IRQHandler
                0x0000000024000a2c                RCC_IRQHandler
                0x0000000024000a2c                TIM8_BRK_TIM12_IRQHandler
                0x0000000024000a2c                TIM1_TRG_COM_IRQHandler
                0x0000000024000a2c                Default_Handler
                0x0000000024000a2c                ECC_IRQHandler
                0x0000000024000a2c                CEC_IRQHandler
                0x0000000024000a2c                EXTI15_10_IRQHandler
                0x0000000024000a2c                BDMA_Channel0_IRQHandler
                0x0000000024000a2c                ADC_IRQHandler
                0x0000000024000a2c                DMA1_Stream7_IRQHandler
                0x0000000024000a2c                HRTIM1_TIMA_IRQHandler
                0x0000000024000a2c                TIM7_IRQHandler
                0x0000000024000a2c                SDMMC1_IRQHandler
                0x0000000024000a2c                DMA2_Stream7_IRQHandler
                0x0000000024000a2c                TIM15_IRQHandler
                0x0000000024000a2c                PVD_AVD_IRQHandler
                0x0000000024000a2c                EXTI9_5_IRQHandler
                0x0000000024000a2c                RTC_WKUP_IRQHandler
                0x0000000024000a2c                LTDC_IRQHandler
                0x0000000024000a2c                SAI3_IRQHandler
                0x0000000024000a2c                ETH_WKUP_IRQHandler
                0x0000000024000a2c                SPDIF_RX_IRQHandler
                0x0000000024000a2c                MemManage_Handler
                0x0000000024000a2c                SVC_Handler
                0x0000000024000a2c                CRS_IRQHandler
                0x0000000024000a2c                EXTI4_IRQHandler
                0x0000000024000a2c                HRTIM1_TIMB_IRQHandler
                0x0000000024000a2c                FDCAN2_IT1_IRQHandler
                0x0000000024000a2c                ETH_IRQHandler
                0x0000000024000a2c                TIM1_UP_IRQHandler
                0x0000000024000a2c                BDMA_Channel4_IRQHandler
                0x0000000024000a2c                WWDG_IRQHandler
                0x0000000024000a2c                SPI6_IRQHandler
                0x0000000024000a2c                I2C4_EV_IRQHandler
                0x0000000024000a2c                MDIOS_IRQHandler
                0x0000000024000a2c                FDCAN2_IT0_IRQHandler
                0x0000000024000a2c                FDCAN1_IT0_IRQHandler
                0x0000000024000a2c                OTG_FS_WKUP_IRQHandler
                0x0000000024000a2c                DMA2D_IRQHandler
                0x0000000024000a2c                TIM1_BRK_IRQHandler
                0x0000000024000a2c                EXTI1_IRQHandler
                0x0000000024000a2c                SDMMC2_IRQHandler
                0x0000000024000a2c                OTG_FS_EP1_OUT_IRQHandler
                0x0000000024000a2c                BDMA_Channel3_IRQHandler
                0x0000000024000a2c                MDIOS_WKUP_IRQHandler
                0x0000000024000a2c                DFSDM1_FLT0_IRQHandler
                0x0000000024000a2c                SAI4_IRQHandler
                0x0000000024000a2c                I2C2_ER_IRQHandler
                0x0000000024000a2c                DMA2_Stream1_IRQHandler
                0x0000000024000a2c                FLASH_IRQHandler
                0x0000000024000a2c                BusFault_Handler
                0x0000000024000a2c                OTG_FS_IRQHandler
                0x0000000024000a2c                WAKEUP_PIN_IRQHandler
                0x0000000024000a2c                OTG_FS_EP1_IN_IRQHandler
                0x0000000024000a2c                I2C1_ER_IRQHandler
                0x0000000024000a2c                FMC_IRQHandler
                0x0000000024000a2c                FDCAN_CAL_IRQHandler
                0x0000000024000a2c                SWPMI1_IRQHandler
                0x0000000024000a2c                COMP1_IRQHandler
                0x0000000024000a2c                LPTIM1_IRQHandler
                0x0000000024000a2c                I2C4_ER_IRQHandler
                0x0000000024000a2c                DMA2_Stream6_IRQHandler
                0x0000000024000a2c                RTC_Alarm_IRQHandler
 .text.Reset_Handler
                0x0000000024000a38       0x40 build/startup_stm32h750xx.o
                0x0000000024000a38                Reset_Handler
 .text._ZN7daisysp6ChorusD2Ev
                0x0000000024000a78        0x4 build/my_pedal.o
                0x0000000024000a78                daisysp::Chorus::~Chorus()
                0x0000000024000a78                daisysp::Chorus::~Chorus()
 .text._ZN7daisysp6PhaserD2Ev
                0x0000000024000a7c        0x4 build/my_pedal.o
                0x0000000024000a7c                daisysp::Phaser::~Phaser()
                0x0000000024000a7c                daisysp::Phaser::~Phaser()
 .text._ZN7daisysp7TremoloD2Ev
                0x0000000024000a80        0x4 build/my_pedal.o
                0x0000000024000a80                daisysp::Tremolo::~Tremolo()
                0x0000000024000a80                daisysp::Tremolo::~Tremolo()
 .text._ZL14recomputeTempov
                0x0000000024000a84       0xa4 build/my_pedal.o
 .text._ZN7daisysp7FlangerD2Ev
                0x0000000024000b28        0x4 build/my_pedal.o
                0x0000000024000b28                daisysp::Flanger::~Flanger()
                0x0000000024000b28                daisysp::Flanger::~Flanger()
 .text._ZL14applyModParamsv
                0x0000000024000b2c       0xe8 build/my_pedal.o
 .text._ZL14captureCurrentv
                0x0000000024000c14      0x148 build/my_pedal.o
 .text._ZL12getEffectiveiR12StoredPresetRPKcS3_
                0x0000000024000d5c      0x1cc build/my_pedal.o
 .text._ZL9applySongi
                0x0000000024000f28      0x220 build/my_pedal.o
 .text._ZL8gotoTonei
                0x0000000024001148       0x50 build/my_pedal.o
 .text._ZL8gotoSongi
                0x0000000024001198       0x4c build/my_pedal.o
 .text._ZN5daisy21OneBitGraphicsDisplay9SetCursorEtt.constprop.0
                0x00000000240011e4       0x58 build/my_pedal.o
 .text._ZN5daisy12ST7565DriverILj128ELj64ENS_24SSD130x4WireSpiTransportEE6UpdateEv.constprop.0
                0x000000002400123c       0x88 build/my_pedal.o
 .text._ZN5daisy25OneBitGraphicsDisplayImplINS_11OledDisplayINS_12ST7565DriverILj128ELj64ENS_24SSD130x4WireSpiTransportEEEEEE8DrawLineEjjjjb.constprop.0
                0x00000000240012c4       0xc8 build/my_pedal.o
 .text._ZN5daisy25OneBitGraphicsDisplayImplINS_11OledDisplayINS_12ST7565DriverILj128ELj64ENS_24SSD130x4WireSpiTransportEEEEEE11WriteStringEPKc7FontDefb.constprop.0
                0x000000002400138c      0x214 build/my_pedal.o
 .text._ZL14buildSongTablev
                0x00000000240015a0      0x1c0 build/my_pedal.o
 .text._ZN5daisy25OneBitGraphicsDisplayImplINS_11OledDisplayINS_12ST7565DriverILj128ELj64ENS_24SSD130x4WireSpiTransportEEEEEE8DrawRectEjjjjbb.part.0.constprop.0
                0x0000000024001760      0x450 build/my_pedal.o
 .text._ZL13writeCenteredPKci7FontDefb.constprop.0
                0x0000000024001bb0      0x208 build/my_pedal.o
 .text._ZL10drawHeaderPKc
                0x0000000024001db8      0x22c build/my_pedal.o
 .text._ZN5daisy25OneBitGraphicsDisplayImplINS_11OledDisplayINS_12ST7565DriverILj128ELj64ENS_24SSD130x4WireSpiTransportEEEEEE8DrawRectEjjjjbb.constprop.0
                0x0000000024001fe4      0x8c4 build/my_pedal.o
 .text._ZL12drawEditPagei
                0x00000000240028a8      0xb94 build/my_pedal.o
 .text._ZL10drawLooperi.constprop.0
                0x000000002400343c     0x1a30 build/my_pedal.o
 .text._ZN5daisy24SSD130x4WireSpiTransport11SendCommandEh
                0x0000000024004e6c       0x28 build/my_pedal.o
                0x0000000024004e6c                daisy::SSD130x4WireSpiTransport::SendCommand(unsigned char)
 .text._ZN5daisy25OneBitGraphicsDisplayImplINS_11OledDisplayINS_12ST7565DriverILj128ELj64ENS_24SSD130x4WireSpiTransportEEEEEE8DrawLineEjjjjb
                0x0000000024004e94      0x178 build/my_pedal.o
                0x0000000024004e94                daisy::OneBitGraphicsDisplayImpl<daisy::OledDisplay<daisy::ST7565Driver<128u, 64u, daisy::SSD130x4WireSpiTransport> > >::DrawLine(unsigned int, unsigned int, unsigned int, unsigned int, bool)
 .text._ZN5daisy17PersistentStorageI8SaveDataE22StoreSettingsIfChangedEv
                0x000000002400500c       0x88 build/my_pedal.o
                0x000000002400500c                daisy::PersistentStorage<SaveData>::StoreSettingsIfChanged()
 .text.startup._GLOBAL__sub_I_hardware
                0x0000000024005094       0xb8 build/my_pedal.o
 .text.startup.main
                0x000000002400514c     0x35d4 build/my_pedal.o
                0x000000002400514c                main
 .text._ZL13AudioCallbackPKPKfPPfj
                0x0000000024008720      0xc48 build/my_pedal.o
 .text._ZN5daisy11OledDisplayINS_12ST7565DriverILj128ELj64ENS_24SSD130x4WireSpiTransportEEEED2Ev
                0x0000000024009368        0x4 build/base_hardware_module.o
                0x0000000024009368                daisy::OledDisplay<daisy::ST7565Driver<128u, 64u, daisy::SSD130x4WireSpiTransport> >::~OledDisplay()
                0x0000000024009368                daisy::OledDisplay<daisy::ST7565Driver<128u, 64u, daisy::SSD130x4WireSpiTransport> >::~OledDisplay()
 .text._ZNK5daisy11OledDisplayINS_12ST7565DriverILj128ELj64ENS_24SSD130x4WireSpiTransportEEEE6HeightEv
                0x000000002400936c        0x4 build/base_hardware_module.o
                0x000000002400936c                daisy::OledDisplay<daisy::ST7565Driver<128u, 64u, daisy::SSD130x4WireSpiTransport> >::Height() const
 .text._ZNK5daisy11OledDisplayINS_12ST7565DriverILj128ELj64ENS_24SSD130x4WireSpiTransportEEEE5WidthEv
                0x0000000024009370        0x4 build/base_hardware_module.o
                0x0000000024009370                daisy::OledDisplay<daisy::ST7565Driver<128u, 64u, daisy::SSD130x4WireSpiTransport> >::Width() const
 .text._ZN5daisy11OledDisplayINS_12ST7565DriverILj128ELj64ENS_24SSD130x4WireSpiTransportEEEE4FillEb
                0x0000000024009374       0x10 build/base_hardware_module.o
                0x0000000024009374                daisy::OledDisplay<daisy::ST7565Driver<128u, 64u, daisy::SSD130x4WireSpiTransport> >::Fill(bool)
 .text._ZN5daisy11OledDisplayINS_12ST7565DriverILj128ELj64ENS_24SSD130x4WireSpiTransportEEEE14UpdateFinishedEv
                0x0000000024009384        0x4 build/base_hardware_module.o
                0x0000000024009384                daisy::OledDisplay<daisy::ST7565Driver<128u, 64u, daisy::SSD130x4WireSpiTransport> >::UpdateFinished()
 .text._ZN5daisy11OledDisplayINS_12ST7565DriverILj128ELj64ENS_24SSD130x4WireSpiTransportEEEED0Ev
                0x0000000024009388       0x10 build/base_hardware_module.o
                0x0000000024009388                daisy::OledDisplay<daisy::ST7565Driver<128u, 64u, daisy::SSD130x4WireSpiTransport> >::~OledDisplay()
 .text._ZN10bkshepherd18BaseHardwareModuleD2Ev
                0x0000000024009398       0x64 build/base_hardware_module.o
                0x0000000024009398                bkshepherd::BaseHardwareModule::~BaseHardwareModule()
                0x0000000024009398                bkshepherd::BaseHardwareModule::~BaseHardwareModule()
 .text._ZN5daisy11OledDisplayINS_12ST7565DriverILj128ELj64ENS_24SSD130x4WireSpiTransportEEEE6UpdateEv
                0x00000000240093fc       0x8c build/base_hardware_module.o
                0x00000000240093fc                daisy::OledDisplay<daisy::ST7565Driver<128u, 64u, daisy::SSD130x4WireSpiTransport> >::Update()
 .text._ZN5daisy25OneBitGraphicsDisplayImplINS_11OledDisplayINS_12ST7565DriverILj128ELj64ENS_24SSD130x4WireSpiTransportEEEEEE11WriteStringEPKc7FontDefb
                0x0000000024009488      0x22c build/base_hardware_module.o
                0x0000000024009488                daisy::OneBitGraphicsDisplayImpl<daisy::OledDisplay<daisy::ST7565Driver<128u, 64u, daisy::SSD130x4WireSpiTransport> > >::WriteString(char const*, FontDef, bool)
 .text._ZN5daisy25OneBitGraphicsDisplayImplINS_11OledDisplayINS_12ST7565DriverILj128ELj64ENS_24SSD130x4WireSpiTransportEEEEEE9WriteCharEc7FontDefb
                0x00000000240096b4      0x1e4 build/base_hardware_module.o
                0x00000000240096b4                daisy::OneBitGraphicsDisplayImpl<daisy::OledDisplay<daisy::ST7565Driver<128u, 64u, daisy::SSD130x4WireSpiTransport> > >::WriteChar(char, FontDef, bool)
 .text._ZN5daisy11OledDisplayINS_12ST7565DriverILj128ELj64ENS_24SSD130x4WireSpiTransportEEEE9DrawPixelEjjb
                0x0000000024009898       0x4c build/base_hardware_module.o
                0x0000000024009898                daisy::OledDisplay<daisy::ST7565Driver<128u, 64u, daisy::SSD130x4WireSpiTransport> >::DrawPixel(unsigned int, unsigned int, bool)
 .text._ZN10bkshepherd18BaseHardwareModuleD0Ev
                0x00000000240098e4       0x70 build/base_hardware_module.o
                0x00000000240098e4                bkshepherd::BaseHardwareModule::~BaseHardwareModule()
 .text._ZN5daisy25OneBitGraphicsDisplayImplINS_11OledDisplayINS_12ST7565DriverILj128ELj64ENS_24SSD130x4WireSpiTransportEEEEEE18WriteStringAlignedEPKcRK7FontDefNS_9RectangleENS_9AlignmentEb
                0x0000000024009954      0x448 build/base_hardware_module.o
                0x0000000024009954                daisy::OneBitGraphicsDisplayImpl<daisy::OledDisplay<daisy::ST7565Driver<128u, 64u, daisy::SSD130x4WireSpiTransport> > >::WriteStringAligned(char const*, FontDef const&, daisy::Rectangle, daisy::Alignment, bool)
 *fill*         0x0000000024009d9c        0x4 
 .text._ZN5daisy25OneBitGraphicsDisplayImplINS_11OledDisplayINS_12ST7565DriverILj128ELj64ENS_24SSD130x4WireSpiTransportEEEEEE7DrawArcEjjjiib
                0x0000000024009da0      0x460 build/base_hardware_module.o
                0x0000000024009da0                daisy::OneBitGraphicsDisplayImpl<daisy::OledDisplay<daisy::ST7565Driver<128u, 64u, daisy::SSD130x4WireSpiTransport> > >::DrawArc(unsigned int, unsigned int, unsigned int, int, int, bool)
 .text._ZN5daisy25OneBitGraphicsDisplayImplINS_11OledDisplayINS_12ST7565DriverILj128ELj64ENS_24SSD130x4WireSpiTransportEEEEEE8DrawRectEjjjjbb
                0x000000002400a200      0x8a8 build/base_hardware_module.o
                0x000000002400a200                daisy::OneBitGraphicsDisplayImpl<daisy::OledDisplay<daisy::ST7565Driver<128u, 64u, daisy::SSD130x4WireSpiTransport> > >::DrawRect(unsigned int, unsigned int, unsigned int, unsigned int, bool, bool)
 .text._ZN10bkshepherd18BaseHardwareModuleC2Ev
                0x000000002400aaa8       0xe8 build/base_hardware_module.o
                0x000000002400aaa8                bkshepherd::BaseHardwareModule::BaseHardwareModule()
                0x000000002400aaa8                bkshepherd::BaseHardwareModule::BaseHardwareModule()
 .text._ZN10bkshepherd18BaseHardwareModule7DelayMsEj
                0x000000002400ab90        0x8 build/base_hardware_module.o
                0x000000002400ab90                bkshepherd::BaseHardwareModule::DelayMs(unsigned int)
 .text._ZN10bkshepherd18BaseHardwareModule17SetHidUpdateRatesEv
                0x000000002400ab98       0x70 build/base_hardware_module.o
                0x000000002400ab98                bkshepherd::BaseHardwareModule::SetHidUpdateRates()
 .text._ZN10bkshepherd18BaseHardwareModule4InitEjb
                0x000000002400ac08       0x30 build/base_hardware_module.o
                0x000000002400ac08                bkshepherd::BaseHardwareModule::Init(unsigned int, bool)
 .text._ZN10bkshepherd18BaseHardwareModule10StartAudioEPFvPKPKfPPfjE
                0x000000002400ac38        0x8 build/base_hardware_module.o
                0x000000002400ac38                bkshepherd::BaseHardwareModule::StartAudio(void (*)(float const* const*, float**, unsigned int))
 .text._ZN10bkshepherd18BaseHardwareModule17SetAudioBlockSizeEj
                0x000000002400ac40       0x14 build/base_hardware_module.o
                0x000000002400ac40                bkshepherd::BaseHardwareModule::SetAudioBlockSize(unsigned int)
 .text._ZN10bkshepherd18BaseHardwareModule15AudioSampleRateEv
                0x000000002400ac54        0x8 build/base_hardware_module.o
                0x000000002400ac54                bkshepherd::BaseHardwareModule::AudioSampleRate()
 .text._ZN10bkshepherd18BaseHardwareModule8StartAdcEv
                0x000000002400ac5c        0x8 build/base_hardware_module.o
                0x000000002400ac5c                bkshepherd::BaseHardwareModule::StartAdc()
 .text._ZN10bkshepherd18BaseHardwareModule21ProcessAnalogControlsEv
                0x000000002400ac64       0x2c build/base_hardware_module.o
                0x000000002400ac64                bkshepherd::BaseHardwareModule::ProcessAnalogControls()
 .text._ZN10bkshepherd18BaseHardwareModule22ProcessDigitalControlsEv
                0x000000002400ac90       0x6c build/base_hardware_module.o
                0x000000002400ac90                bkshepherd::BaseHardwareModule::ProcessDigitalControls()
 .text._ZN10bkshepherd18BaseHardwareModule25GetNumberOfSamplesForTimeEf
                0x000000002400acfc       0x24 build/base_hardware_module.o
                0x000000002400acfc                bkshepherd::BaseHardwareModule::GetNumberOfSamplesForTime(float)
 .text._ZN10bkshepherd18BaseHardwareModule12GetKnobValueEi
                0x000000002400ad20       0x28 build/base_hardware_module.o
                0x000000002400ad20                bkshepherd::BaseHardwareModule::GetKnobValue(int)
 .text._ZN10bkshepherd18BaseHardwareModule6SetLedEif
                0x000000002400ad48       0x2c build/base_hardware_module.o
                0x000000002400ad48                bkshepherd::BaseHardwareModule::SetLed(int, float)
 .text._ZN10bkshepherd18BaseHardwareModule10UpdateLedsEv
                0x000000002400ad74       0x38 build/base_hardware_module.o
                0x000000002400ad74                bkshepherd::BaseHardwareModule::UpdateLeds()
 .text._ZN10bkshepherd18BaseHardwareModule14SetAudioBypassEb
                0x000000002400adac       0x1c build/base_hardware_module.o
                0x000000002400adac                bkshepherd::BaseHardwareModule::SetAudioBypass(bool)
 .text._ZN10bkshepherd18BaseHardwareModule12SetAudioMuteEb
                0x000000002400adc8       0x14 build/base_hardware_module.o
                0x000000002400adc8                bkshepherd::BaseHardwareModule::SetAudioMute(bool)
 .text._ZN10bkshepherd18BaseHardwareModule8InitMidiEN5daisy3PinES2_
                0x000000002400addc       0xa8 build/base_hardware_module.o
                0x000000002400addc                bkshepherd::BaseHardwareModule::InitMidi(daisy::Pin, daisy::Pin)
 *fill*         0x000000002400ae84        0x4 
 .text._ZN10bkshepherd18BaseHardwareModule11InitDisplayEN5daisy3PinES2_
                0x000000002400ae88      0x1f8 build/base_hardware_module.o
                0x000000002400ae88                bkshepherd::BaseHardwareModule::InitDisplay(daisy::Pin, daisy::Pin)
 .text._ZN10bkshepherd18BaseHardwareModule14InitTrueBypassEN5daisy3PinES2_
                0x000000002400b080       0x60 build/base_hardware_module.o
                0x000000002400b080                bkshepherd::BaseHardwareModule::InitTrueBypass(daisy::Pin, daisy::Pin)
 .text._ZNSt6vectorIN5daisy13AnalogControlESaIS1_EE17_M_realloc_insertIJRKS1_EEEvN9__gnu_cxx17__normal_iteratorIPS1_S3_EEDpOT_
                0x000000002400b0e0       0xe4 build/base_hardware_module.o
                0x000000002400b0e0                void std::vector<daisy::AnalogControl, std::allocator<daisy::AnalogControl> >::_M_realloc_insert<daisy::AnalogControl const&>(__gnu_cxx::__normal_iterator<daisy::AnalogControl*, std::vector<daisy::AnalogControl, std::allocator<daisy::AnalogControl> > >, daisy::AnalogControl const&)
 .text._ZN10bkshepherd18BaseHardwareModule9InitKnobsEiPN5daisy3PinE
                0x000000002400b1c4      0x12c build/base_hardware_module.o
                0x000000002400b1c4                bkshepherd::BaseHardwareModule::InitKnobs(int, daisy::Pin*)
 .text._ZNSt6vectorIN5daisy6SwitchESaIS1_EE17_M_realloc_insertIJRKS1_EEEvN9__gnu_cxx17__normal_iteratorIPS1_S3_EEDpOT_
                0x000000002400b2f0      0x12c build/base_hardware_module.o
                0x000000002400b2f0                void std::vector<daisy::Switch, std::allocator<daisy::Switch> >::_M_realloc_insert<daisy::Switch const&>(__gnu_cxx::__normal_iterator<daisy::Switch*, std::vector<daisy::Switch, std::allocator<daisy::Switch> > >, daisy::Switch const&)
 .text._ZN10bkshepherd18BaseHardwareModule12InitSwitchesEiPN5daisy3PinE
                0x000000002400b41c       0x8c build/base_hardware_module.o
                0x000000002400b41c                bkshepherd::BaseHardwareModule::InitSwitches(int, daisy::Pin*)
 .text._ZNSt6vectorIN5daisy7EncoderESaIS1_EE17_M_realloc_insertIJRKS1_EEEvN9__gnu_cxx17__normal_iteratorIPS1_S3_EEDpOT_
                0x000000002400b4a8      0x10c build/base_hardware_module.o
                0x000000002400b4a8                void std::vector<daisy::Encoder, std::allocator<daisy::Encoder> >::_M_realloc_insert<daisy::Encoder const&>(__gnu_cxx::__normal_iterator<daisy::Encoder*, std::vector<daisy::Encoder, std::allocator<daisy::Encoder> > >, daisy::Encoder const&)
 *fill*         0x000000002400b5b4        0x4 
 .text._ZN10bkshepherd18BaseHardwareModule12InitEncodersEiPA3_N5daisy3PinE
                0x000000002400b5b8       0xb4 build/base_hardware_module.o
                0x000000002400b5b8                bkshepherd::BaseHardwareModule::InitEncoders(int, daisy::Pin (*) [3])
 .text._ZNSt6vectorIN5daisy3LedESaIS1_EE17_M_realloc_insertIJRKS1_EEEvN9__gnu_cxx17__normal_iteratorIPS1_S3_EEDpOT_
                0x000000002400b66c      0x130 build/base_hardware_module.o
                0x000000002400b66c                void std::vector<daisy::Led, std::allocator<daisy::Led> >::_M_realloc_insert<daisy::Led const&>(__gnu_cxx::__normal_iterator<daisy::Led*, std::vector<daisy::Led, std::allocator<daisy::Led> > >, daisy::Led const&)
 .text._ZN10bkshepherd18BaseHardwareModule8InitLedsEiPN5daisy3PinE
                0x000000002400b79c       0x94 build/base_hardware_module.o
                0x000000002400b79c                bkshepherd::BaseHardwareModule::InitLeds(int, daisy::Pin*)
 .text._ZN10bkshepherd15GuitarPedal125BD2Ev
                0x000000002400b830       0x14 build/guitar_pedal_125b.o
                0x000000002400b830                bkshepherd::GuitarPedal125B::~GuitarPedal125B()
                0x000000002400b830                bkshepherd::GuitarPedal125B::~GuitarPedal125B()
 .text._ZN10bkshepherd15GuitarPedal125BD0Ev
                0x000000002400b844       0x20 build/guitar_pedal_125b.o
                0x000000002400b844                bkshepherd::GuitarPedal125B::~GuitarPedal125B()
 .text._ZN10bkshepherd15GuitarPedal125BC2Ev
                0x000000002400b864       0x28 build/guitar_pedal_125b.o
                0x000000002400b864                bkshepherd::GuitarPedal125B::GuitarPedal125B()
                0x000000002400b864                bkshepherd::GuitarPedal125B::GuitarPedal125B()
 .text._ZN10bkshepherd15GuitarPedal125B4InitEjb
                0x000000002400b88c       0xa8 build/guitar_pedal_125b.o
                0x000000002400b88c                bkshepherd::GuitarPedal125B::Init(unsigned int, bool)
 .text._ZNK10bkshepherd16BaseEffectModule27AlternateFootswitchForTempoEv
                0x000000002400b934        0x4 build/base_effect_module.o
                0x000000002400b934                bkshepherd::BaseEffectModule::AlternateFootswitchForTempo() const
 .text._ZN10bkshepherd16BaseEffectModule26AlternateFootswitchPressedEv
                0x000000002400b938        0x4 build/base_effect_module.o
                0x000000002400b938                bkshepherd::BaseEffectModule::AlternateFootswitchPressed()
 .text._ZN10bkshepherd16BaseEffectModule27AlternateFootswitchReleasedEv
                0x000000002400b93c        0x4 build/base_effect_module.o
                0x000000002400b93c                bkshepherd::BaseEffectModule::AlternateFootswitchReleased()
 .text._ZN10bkshepherd16BaseEffectModule33AlternateFootswitchHeldFor1SecondEv
                0x000000002400b940        0x4 build/base_effect_module.o
                0x000000002400b940                bkshepherd::BaseEffectModule::AlternateFootswitchHeldFor1Second()
 .text._ZN10bkshepherd16BaseEffectModule4InitEf
                0x000000002400b944        0x8 build/base_effect_module.o
                0x000000002400b944                bkshepherd::BaseEffectModule::Init(float)
 .text._ZN10bkshepherd16BaseEffectModule8OnNoteOnEff
                0x000000002400b94c        0x4 build/base_effect_module.o
                0x000000002400b94c                bkshepherd::BaseEffectModule::OnNoteOn(float, float)
                0x000000002400b94c                bkshepherd::BaseEffectModule::OnNoteOff(float, float)
 .text._ZN10bkshepherd16BaseEffectModule11ProcessMonoEf
                0x000000002400b950        0xc build/base_effect_module.o
                0x000000002400b950                bkshepherd::BaseEffectModule::ProcessMono(float)
 .text._ZN10bkshepherd16BaseEffectModule13ProcessStereoEff
                0x000000002400b95c        0xc build/base_effect_module.o
                0x000000002400b95c                bkshepherd::BaseEffectModule::ProcessStereo(float, float)
 .text._ZNK10bkshepherd16BaseEffectModule19GetBrightnessForLEDEi
                0x000000002400b968       0x18 build/base_effect_module.o
                0x000000002400b968                bkshepherd::BaseEffectModule::GetBrightnessForLED(int) const
 .text._ZN10bkshepherd16BaseEffectModule10SetEnabledEb
                0x000000002400b980        0x8 build/base_effect_module.o
                0x000000002400b980                bkshepherd::BaseEffectModule::SetEnabled(bool)
 .text._ZN10bkshepherd16BaseEffectModule8SetTempoEm
                0x000000002400b988        0x4 build/base_effect_module.o
                0x000000002400b988                bkshepherd::BaseEffectModule::SetTempo(unsigned long)
 .text._ZN10bkshepherd16BaseEffectModule16ParameterChangedEi
                0x000000002400b98c        0x4 build/base_effect_module.o
                0x000000002400b98c                bkshepherd::BaseEffectModule::ParameterChanged(int)
 .text._ZN10bkshepherd16BaseEffectModule8UpdateUIEf
                0x000000002400b990        0x4 build/base_effect_module.o
                0x000000002400b990                bkshepherd::BaseEffectModule::UpdateUI(float)
 .text._ZN10bkshepherd16BaseEffectModule6DrawUIERN5daisy21OneBitGraphicsDisplayEiiNS1_9RectangleEb
                0x000000002400b994      0x224 build/base_effect_module.o
                0x000000002400b994                bkshepherd::BaseEffectModule::DrawUI(daisy::OneBitGraphicsDisplay&, int, int, daisy::Rectangle, bool)
 .text._ZN10bkshepherd16BaseEffectModuleD2Ev
                0x000000002400bbb8       0x18 build/base_effect_module.o
                0x000000002400bbb8                bkshepherd::BaseEffectModule::~BaseEffectModule()
                0x000000002400bbb8                bkshepherd::BaseEffectModule::~BaseEffectModule()
 .text._ZN10bkshepherd16BaseEffectModuleD0Ev
                0x000000002400bbd0       0x20 build/base_effect_module.o
                0x000000002400bbd0                bkshepherd::BaseEffectModule::~BaseEffectModule()
 .text._ZN10bkshepherd16BaseEffectModule10InitParamsEi
                0x000000002400bbf0       0x5c build/base_effect_module.o
                0x000000002400bbf0                bkshepherd::BaseEffectModule::InitParams(int)
 .text._ZN10bkshepherd16BaseEffectModuleC2Ev
                0x000000002400bc4c       0x34 build/base_effect_module.o
                0x000000002400bc4c                bkshepherd::BaseEffectModule::BaseEffectModule()
                0x000000002400bc4c                bkshepherd::BaseEffectModule::BaseEffectModule()
 .text._ZNK10bkshepherd16BaseEffectModule16GetParameterNameEi
                0x000000002400bc80       0x24 build/base_effect_module.o
                0x000000002400bc80                bkshepherd::BaseEffectModule::GetParameterName(int) const
 .text._ZNK10bkshepherd16BaseEffectModule20GetParameterBinNamesEi
                0x000000002400bca4       0x34 build/base_effect_module.o
                0x000000002400bca4                bkshepherd::BaseEffectModule::GetParameterBinNames(int) const
 .text._ZNK10bkshepherd16BaseEffectModule19GetParameterAsFloatEi
                0x000000002400bcd8       0x1c build/base_effect_module.o
                0x000000002400bcd8                bkshepherd::BaseEffectModule::GetParameterAsFloat(int) const
 .text._ZNK10bkshepherd16BaseEffectModule23GetParameterAsMagnitudeEi
                0x000000002400bcf4      0x164 build/base_effect_module.o
                0x000000002400bcf4                bkshepherd::BaseEffectModule::GetParameterAsMagnitude(int) const
 .text._ZNK10bkshepherd16BaseEffectModule18GetParameterAsBoolEi
                0x000000002400be58       0x34 build/base_effect_module.o
                0x000000002400be58                bkshepherd::BaseEffectModule::GetParameterAsBool(int) const
 .text._ZNK10bkshepherd16BaseEffectModule25GetParameterAsBinnedValueEi
                0x000000002400be8c       0x40 build/base_effect_module.o
                0x000000002400be8c                bkshepherd::BaseEffectModule::GetParameterAsBinnedValue(int) const
 .text._ZNK10bkshepherd16BaseEffectModule27GetMappedParameterIDForKnobEi
                0x000000002400becc       0x34 build/base_effect_module.o
                0x000000002400becc                bkshepherd::BaseEffectModule::GetMappedParameterIDForKnob(int) const
 .text._ZN10bkshepherd16BaseEffectModule25SetParameterAsBinnedValueEii
                0x000000002400bf00       0x60 build/base_effect_module.o
                0x000000002400bf00                bkshepherd::BaseEffectModule::SetParameterAsBinnedValue(int, int)
 .text._ZN10bkshepherd16BaseEffectModule23SetParameterAsMagnitudeEif
                0x000000002400bf60      0x238 build/base_effect_module.o
                0x000000002400bf60                bkshepherd::BaseEffectModule::SetParameterAsMagnitude(int, float)
 .text._ZN10bkshepherd16BaseEffectModule23MidiCCValueNotificationEhh
                0x000000002400c198       0x48 build/base_effect_module.o
                0x000000002400c198                bkshepherd::BaseEffectModule::MidiCCValueNotification(unsigned char, unsigned char)
 .text._ZNK10bkshepherd16BaseEffectModule12GetAudioLeftEv
                0x000000002400c1e0        0x8 build/base_effect_module.o
                0x000000002400c1e0                bkshepherd::BaseEffectModule::GetAudioLeft() const
 .text._ZN10bkshepherd9AmpModule13ProcessStereoEff
                0x000000002400c1e8        0x8 build/amp_module.o
                0x000000002400c1e8                bkshepherd::AmpModule::ProcessStereo(float, float)
 .text._ZNSt6vectorIfSaIfEED2Ev
                0x000000002400c1f0       0x14 build/amp_module.o
                0x000000002400c1f0                std::vector<float, std::allocator<float> >::~vector()
                0x000000002400c1f0                std::vector<float, std::allocator<float> >::~vector()
 .text._ZN8RTNeural6ModelTIfLi1ELi1EJNS_9GRULayerTIfLi1ELi9ELNS_24SampleRateCorrectionModeE0ENS_20DefaultMathsProviderEEENS_6DenseTIfLi9ELi1ELb1EEEEED2Ev
                0x000000002400c204       0x18 build/amp_module.o
                0x000000002400c204                RTNeural::ModelT<float, 1, 1, RTNeural::GRULayerT<float, 1, 9, (RTNeural::SampleRateCorrectionMode)0, RTNeural::DefaultMathsProvider>, RTNeural::DenseT<float, 9, 1, true> >::~ModelT()
                0x000000002400c204                RTNeural::ModelT<float, 1, 1, RTNeural::GRULayerT<float, 1, 9, (RTNeural::SampleRateCorrectionMode)0, RTNeural::DefaultMathsProvider>, RTNeural::DenseT<float, 9, 1, true> >::~ModelT()
 .text._ZN10bkshepherd9AmpModuleD2Ev
                0x000000002400c21c       0x1c build/amp_module.o
                0x000000002400c21c                bkshepherd::AmpModule::~AmpModule()
                0x000000002400c21c                bkshepherd::AmpModule::~AmpModule()
 .text._ZN10bkshepherd9AmpModuleD0Ev
                0x000000002400c238       0x24 build/amp_module.o
                0x000000002400c238                bkshepherd::AmpModule::~AmpModule()
 .text._ZN5Eigen8internal29general_matrix_vector_productIifNS0_22const_blas_data_mapperIfiLi0EEELi0ELb0EfNS2_IfiLi1EEELb0ELi0EE3runEiiRKS3_RKS4_Pfif.constprop.0
                0x000000002400c25c      0x2b0 build/amp_module.o
 .text._ZNSt6vectorIfSaIfEEaSERKS1_.isra.0
                0x000000002400c50c       0xc0 build/amp_module.o
 .text.startup._ZNSt6vectorIfSaIfEE19_M_range_initializeIPKfEEvT_S5_St20forward_iterator_tag.constprop.0
                0x000000002400c5cc       0x48 build/amp_module.o
 .text._ZNSt6vectorIfSaIfEE13_M_assign_auxIPKfEEvT_S5_St20forward_iterator_tag.isra.0
                0x000000002400c614       0xc4 build/amp_module.o
 .text._ZNSt6vectorIS_IfSaIfEESaIS1_EED2Ev
                0x000000002400c6d8       0x3c build/amp_module.o
                0x000000002400c6d8                std::vector<std::vector<float, std::allocator<float> >, std::allocator<std::vector<float, std::allocator<float> > > >::~vector()
                0x000000002400c6d8                std::vector<std::vector<float, std::allocator<float> >, std::allocator<std::vector<float, std::allocator<float> > > >::~vector()
 .text._ZNSt6vectorI9modelDataSaIS0_EED2Ev
                0x000000002400c714      0x158 build/amp_module.o
                0x000000002400c714                std::vector<modelData, std::allocator<modelData> >::~vector()
                0x000000002400c714                std::vector<modelData, std::allocator<modelData> >::~vector()
 .text._ZN9modelDataD2Ev
                0x000000002400c86c       0xe8 build/amp_module.o
                0x000000002400c86c                modelData::~modelData()
                0x000000002400c86c                modelData::~modelData()
 .text._ZNSt6vectorIS_IfSaIfEESaIS1_EE13_M_assign_auxIPKS1_EEvT_S7_St20forward_iterator_tag.constprop.0
                0x000000002400c954      0x23c build/amp_module.o
 .text._ZNSt6vectorIS_IfSaIfEESaIS1_EEaSERKS3_.isra.0
                0x000000002400cb90      0x21c build/amp_module.o
 .text._ZN9modelDataC2ERKS_
                0x000000002400cdac      0x334 build/amp_module.o
                0x000000002400cdac                modelData::modelData(modelData const&)
                0x000000002400cdac                modelData::modelData(modelData const&)
 .text._Z12setupWeightsv
                0x000000002400d0e0     0x3044 build/amp_module.o
                0x000000002400d0e0                setupWeights()
 .text._ZN10bkshepherd9AmpModuleC2Ev
                0x0000000024010124       0x6c build/amp_module.o
                0x0000000024010124                bkshepherd::AmpModule::AmpModule()
                0x0000000024010124                bkshepherd::AmpModule::AmpModule()
 .text._ZN10bkshepherd9AmpModule8SelectIREv
                0x0000000024010190       0xb0 build/amp_module.o
                0x0000000024010190                bkshepherd::AmpModule::SelectIR()
 .text._ZN5Eigen8internal23generic_fast_tanh_floatIfEET_RKS2_
                0x0000000024010240       0xcc build/amp_module.o
                0x0000000024010240                float Eigen::internal::generic_fast_tanh_float<float>(float const&)
 .text._ZNSt6vectorIfSaIfEEC2ERKS1_
                0x000000002401030c       0x58 build/amp_module.o
                0x000000002401030c                std::vector<float, std::allocator<float> >::vector(std::vector<float, std::allocator<float> > const&)
                0x000000002401030c                std::vector<float, std::allocator<float> >::vector(std::vector<float, std::allocator<float> > const&)
 .text._ZN8RTNeural9GRULayerTIfLi1ELi9ELNS_24SampleRateCorrectionModeE0ENS_20DefaultMathsProviderEE5resetEv
                0x0000000024010364       0x48 build/amp_module.o
                0x0000000024010364                RTNeural::GRULayerT<float, 1, 9, (RTNeural::SampleRateCorrectionMode)0, RTNeural::DefaultMathsProvider>::reset()
 .text._ZN10bkshepherd9AmpModule11SelectModelEv
                0x00000000240103ac      0x100 build/amp_module.o
                0x00000000240103ac                bkshepherd::AmpModule::SelectModel()
 *fill*         0x00000000240104ac        0x4 
 .text._ZN10bkshepherd9AmpModule16ParameterChangedEi
                0x00000000240104b0       0xe8 build/amp_module.o
                0x00000000240104b0                bkshepherd::AmpModule::ParameterChanged(int)
 .text._ZN8RTNeural9GRULayerTIfLi1ELi9ELNS_24SampleRateCorrectionModeE0ENS_20DefaultMathsProviderEE7forwardERKN5Eigen6MatrixIfLi1ELi1ELi0ELi1ELi1EEE
                0x0000000024010598      0x3d8 build/amp_module.o
                0x0000000024010598                RTNeural::GRULayerT<float, 1, 9, (RTNeural::SampleRateCorrectionMode)0, RTNeural::DefaultMathsProvider>::forward(Eigen::Matrix<float, 1, 1, 0, 1, 1> const&)
 .text._ZN8RTNeural9GRULayerTIfLi1ELi9ELNS_24SampleRateCorrectionModeE0ENS_20DefaultMathsProviderEEC2Ev
                0x0000000024010970       0xc0 build/amp_module.o
                0x0000000024010970                RTNeural::GRULayerT<float, 1, 9, (RTNeural::SampleRateCorrectionMode)0, RTNeural::DefaultMathsProvider>::GRULayerT()
                0x0000000024010970                RTNeural::GRULayerT<float, 1, 9, (RTNeural::SampleRateCorrectionMode)0, RTNeural::DefaultMathsProvider>::GRULayerT()
 .text.startup._Z41__static_initialization_and_destruction_0ii.constprop.0
                0x0000000024010a30      0x4ec build/amp_module.o
 .text.startup._GLOBAL__sub_I_Model1
                0x0000000024010f1c        0x4 build/amp_module.o
 .text._ZN10bkshepherd9AmpModule4InitEf
                0x0000000024010f20      0x1ac build/amp_module.o
                0x0000000024010f20                bkshepherd::AmpModule::Init(float)
 *fill*         0x00000000240110cc        0x4 
 .text._ZN10bkshepherd9AmpModule11ProcessMonoEf
                0x00000000240110d0      0x1dc build/amp_module.o
                0x00000000240110d0                bkshepherd::AmpModule::ProcessMono(float)
 .text._ZNK10bkshepherd9AmpModule19GetBrightnessForLEDEi
                0x00000000240112ac       0x1c build/amp_module.o
                0x00000000240112ac                bkshepherd::AmpModule::GetBrightnessForLED(int) const
 .text._ZN15ImpulseResponseC2Ev
                0x00000000240112c8       0x20 build/ImpulseResponse.o
                0x00000000240112c8                ImpulseResponse::ImpulseResponse()
                0x00000000240112c8                ImpulseResponse::ImpulseResponse()
 .text._ZN15ImpulseResponseD2Ev
                0x00000000240112e8       0x28 build/ImpulseResponse.o
                0x00000000240112e8                ImpulseResponse::~ImpulseResponse()
                0x00000000240112e8                ImpulseResponse::~ImpulseResponse()
 .text._ZN15ImpulseResponse7ProcessEf
                0x0000000024011310       0x98 build/ImpulseResponse.o
                0x0000000024011310                ImpulseResponse::Process(float)
 .text._ZNSt6vectorIfSaIfEE17_M_default_appendEj
                0x00000000240113a8       0xd8 build/ImpulseResponse.o
                0x00000000240113a8                std::vector<float, std::allocator<float> >::_M_default_append(unsigned int)
 .text._ZN15ImpulseResponse11_SetWeightsEv
                0x0000000024011480      0x114 build/ImpulseResponse.o
                0x0000000024011480                ImpulseResponse::_SetWeights()
 .text._ZN15ImpulseResponse4InitESt6vectorIfSaIfEE
                0x0000000024011594       0xc8 build/ImpulseResponse.o
                0x0000000024011594                ImpulseResponse::Init(std::vector<float, std::allocator<float> >)
 .text._ZN7HistoryC2Ev
                0x000000002401165c       0x10 build/dsp.o
                0x000000002401165c                History::History()
                0x000000002401165c                History::History()
 .text._ZN7HistoryD2Ev
                0x000000002401166c       0x14 build/dsp.o
                0x000000002401166c                History::~History()
                0x000000002401166c                History::~History()
 .text._ZN7History20_AdvanceHistoryIndexEj
                0x0000000024011680        0x8 build/dsp.o
                0x0000000024011680                History::_AdvanceHistoryIndex(unsigned int)
 .text._ZN7History14_UpdateHistoryEf
                0x0000000024011688       0x40 build/dsp.o
                0x0000000024011688                History::_UpdateHistory(float)
 .text._ZN5daisy9DaisySeed9ConfigureEv
                0x00000000240116c8        0x4 ../VCOM-G1/GuitarPedal/libDaisy/build/libdaisy.a(daisy_seed.o)
                0x00000000240116c8                daisy::DaisySeed::Configure()
 .text._ZN5daisy9DaisySeed7DelayMsEj
                0x00000000240116cc        0x8 ../VCOM-G1/GuitarPedal/libDaisy/build/libdaisy.a(daisy_seed.o)
                0x00000000240116cc                daisy::DaisySeed::DelayMs(unsigned int)
 .text._ZN5daisy9DaisySeed10StartAudioEPFvPKPKfPPfjE
                0x00000000240116d4        0x8 ../VCOM-G1/GuitarPedal/libDaisy/build/libdaisy.a(daisy_seed.o)
                0x00000000240116d4                daisy::DaisySeed::StartAudio(void (*)(float const* const*, float**, unsigned int))
 .text._ZN5daisy9DaisySeed15AudioSampleRateEv
                0x00000000240116dc        0x8 ../VCOM-G1/GuitarPedal/libDaisy/build/libdaisy.a(daisy_seed.o)
                0x00000000240116dc                daisy::DaisySeed::AudioSampleRate()
 .text._ZN5daisy9DaisySeed17SetAudioBlockSizeEj
                0x00000000240116e4       0x38 ../VCOM-G1/GuitarPedal/libDaisy/build/libdaisy.a(daisy_seed.o)
                0x00000000240116e4                daisy::DaisySeed::SetAudioBlockSize(unsigned int)
 .text._ZNK5daisy9DaisySeed17AudioCallbackRateEv
                0x000000002401171c        0x8 ../VCOM-G1/GuitarPedal/libDaisy/build/libdaisy.a(daisy_seed.o)
                0x000000002401171c                daisy::DaisySeed::AudioCallbackRate() const
 .text._ZN5daisy9DaisySeed17CheckBoardVersionEv
                0x0000000024011724       0x6c ../VCOM-G1/GuitarPedal/libDaisy/build/libdaisy.a(daisy_seed.o)
                0x0000000024011724                daisy::DaisySeed::CheckBoardVersion()
 .text._ZN5daisy9DaisySeed14ConfigureAudioEv
                0x0000000024011790      0x110 ../VCOM-G1/GuitarPedal/libDaisy/build/libdaisy.a(daisy_seed.o)
                0x0000000024011790                daisy::DaisySeed::ConfigureAudio()
 .text._ZN5daisy9DaisySeed4InitEb
                0x00000000240118a0      0x104 ../VCOM-G1/GuitarPedal/libDaisy/build/libdaisy.a(daisy_seed.o)
                0x00000000240118a0                daisy::DaisySeed::Init(bool)
 .text._ZN5daisy6Ak45564InitENS_3PinE
                0x00000000240119a4       0x44 ../VCOM-G1/GuitarPedal/libDaisy/build/libdaisy.a(codec_ak4556.o)
                0x00000000240119a4                daisy::Ak4556::Init(daisy::Pin)
 .text._ZN5daisy6Wm873120WriteControlRegisterEht
                0x00000000240119e8       0x3c ../VCOM-G1/GuitarPedal/libDaisy/build/libdaisy.a(codec_wm8731.o)
                0x00000000240119e8                daisy::Wm8731::WriteControlRegister(unsigned char, unsigned short)
 .text._ZN5daisy6Wm87314InitERKNS0_6ConfigENS_9I2CHandleE
                0x0000000024011a24      0x1bc ../VCOM-G1/GuitarPedal/libDaisy/build/libdaisy.a(codec_wm8731.o)
                0x0000000024011a24                daisy::Wm8731::Init(daisy::Wm8731::Config const&, daisy::I2CHandle)
 .text._ZN11SdramHandle10DeviceInitEv
                0x0000000024011be0       0x98 ../VCOM-G1/GuitarPedal/libDaisy/build/libdaisy.a(sdram.o)
                0x0000000024011be0                SdramHandle::DeviceInit()
 .text._ZN11SdramHandle4InitEv
                0x0000000024011c78       0x7c ../VCOM-G1/GuitarPedal/libDaisy/build/libdaisy.a(sdram.o)
                0x0000000024011c78                SdramHandle::Init()
 .text.HAL_SDRAM_MspInit
                0x0000000024011cf4      0x1a8 ../VCOM-G1/GuitarPedal/libDaisy/build/libdaisy.a(sdram.o)
                0x0000000024011cf4                HAL_SDRAM_MspInit
 .text._ZN5daisy11AudioHandle4Impl16InternalCallbackEPlS2_j
                0x0000000024011e9c      0xbbc ../VCOM-G1/GuitarPedal/libDaisy/build/libdaisy.a(audio.o)
                0x0000000024011e9c                daisy::AudioHandle::Impl::InternalCallback(long*, long*, unsigned int)
 .text._ZN5daisy11AudioHandle4InitERKNS0_6ConfigENS_9SaiHandleE
                0x0000000024012a58       0x70 ../VCOM-G1/GuitarPedal/libDaisy/build/libdaisy.a(audio.o)
                0x0000000024012a58                daisy::AudioHandle::Init(daisy::AudioHandle::Config const&, daisy::SaiHandle)
 .text._ZNK5daisy11AudioHandle9GetConfigEv
                0x0000000024012ac8        0x8 ../VCOM-G1/GuitarPedal/libDaisy/build/libdaisy.a(audio.o)
                0x0000000024012ac8                daisy::AudioHandle::GetConfig() const
 .text._ZN5daisy11AudioHandle12SetBlockSizeEj
                0x0000000024012ad0       0x1c ../VCOM-G1/GuitarPedal/libDaisy/build/libdaisy.a(audio.o)
                0x0000000024012ad0                daisy::AudioHandle::SetBlockSize(unsigned int)
 .text._ZN5daisy11AudioHandle13GetSampleRateEv
                0x0000000024012aec        0x8 ../VCOM-G1/GuitarPedal/libDaisy/build/libdaisy.a(audio.o)
                0x0000000024012aec                daisy::AudioHandle::GetSampleRate()
 .text._ZN5daisy11AudioHandle5StartEPFvPKPKfPPfjE
                0x0000000024012af4       0x44 ../VCOM-G1/GuitarPedal/libDaisy/build/libdaisy.a(audio.o)
                0x0000000024012af4                daisy::AudioHandle::Start(void (*)(float const* const*, float**, unsigned int))
 .text.startup._GLOBAL__sub_I__ZN5daisy11AudioHandle4Impl4InitENS0_6ConfigENS_9SaiHandleE
                0x0000000024012b38       0x24 ../VCOM-G1/GuitarPedal/libDaisy/build/libdaisy.a(audio.o)
 .text._ZN5daisy13AnalogControl4InitEPtfbbf
                0x0000000024012b5c       0x64 ../VCOM-G1/GuitarPedal/libDaisy/build/libdaisy.a(ctrl.o)
                0x0000000024012b5c                daisy::AnalogControl::Init(unsigned short*, float, bool, bool, float)
 .text._ZN5daisy13AnalogControl7ProcessEv
                0x0000000024012bc0       0x48 ../VCOM-G1/GuitarPedal/libDaisy/build/libdaisy.a(ctrl.o)
                0x0000000024012bc0                daisy::AnalogControl::Process()
 .text._ZN5daisy13AnalogControl13SetSampleRateEf
                0x0000000024012c08       0x58 ../VCOM-G1/GuitarPedal/libDaisy/build/libdaisy.a(ctrl.o)
                0x0000000024012c08                daisy::AnalogControl::SetSampleRate(float)
 .text._ZN5daisy7Encoder4InitENS_3PinES1_S1_f
                0x0000000024012c60       0x5c ../VCOM-G1/GuitarPedal/libDaisy/build/libdaisy.a(encoder.o)
                0x0000000024012c60                daisy::Encoder::Init(daisy::Pin, daisy::Pin, daisy::Pin, float)
 .text._ZN5daisy7Encoder8DebounceEv
                0x0000000024012cbc       0x7c ../VCOM-G1/GuitarPedal/libDaisy/build/libdaisy.a(encoder.o)
                0x0000000024012cbc                daisy::Encoder::Debounce()
 .text._ZN5daisy3Led4InitENS_3PinEbf
                0x0000000024012d38       0x44 ../VCOM-G1/GuitarPedal/libDaisy/build/libdaisy.a(led.o)
                0x0000000024012d38                daisy::Led::Init(daisy::Pin, bool, float)
 .text._ZN5daisy3Led3SetEf
                0x0000000024012d7c       0x24 ../VCOM-G1/GuitarPedal/libDaisy/build/libdaisy.a(led.o)
                0x0000000024012d7c                daisy::Led::Set(float)
 .text._ZN5daisy3Led6UpdateEv
                0x0000000024012da0       0x48 ../VCOM-G1/GuitarPedal/libDaisy/build/libdaisy.a(led.o)
                0x0000000024012da0                daisy::Led::Update()
 .text._ZN5daisy17MidiUartTransport6ConfigC2Ev
                0x0000000024012de8       0x24 ../VCOM-G1/GuitarPedal/libDaisy/build/libdaisy.a(midi.o)
                0x0000000024012de8                daisy::MidiUartTransport::Config::Config()
                0x0000000024012de8                daisy::MidiUartTransport::Config::Config()
 .text._ZN5daisy10MidiParser5ResetEv
                0x0000000024012e0c        0xc ../VCOM-G1/GuitarPedal/libDaisy/build/libdaisy.a(midi_parser.o)
                0x0000000024012e0c                daisy::MidiParser::Reset()
 .text._ZN5daisy6Switch4InitENS_3PinEf
                0x0000000024012e18       0x30 ../VCOM-G1/GuitarPedal/libDaisy/build/libdaisy.a(switch.o)
                0x0000000024012e18                daisy::Switch::Init(daisy::Pin, float)
 .text._ZN5daisy6Switch8DebounceEv
                0x0000000024012e48       0x54 ../VCOM-G1/GuitarPedal/libDaisy/build/libdaisy.a(switch.o)
                0x0000000024012e48                daisy::Switch::Debounce()
 .text._ZN5daisy16AdcChannelConfig10InitSingleENS_3PinENS0_15ConversionSpeedE
                0x0000000024012e9c       0x20 ../VCOM-G1/GuitarPedal/libDaisy/build/libdaisy.a(adc.o)
                0x0000000024012e9c                daisy::AdcChannelConfig::InitSingle(daisy::Pin, daisy::AdcChannelConfig::ConversionSpeed)
 .text._ZN5daisy9AdcHandle4InitEPNS_16AdcChannelConfigEjNS0_12OverSamplingE
                0x0000000024012ebc      0x410 ../VCOM-G1/GuitarPedal/libDaisy/build/libdaisy.a(adc.o)
                0x0000000024012ebc                daisy::AdcHandle::Init(daisy::AdcChannelConfig*, unsigned int, daisy::AdcHandle::OverSampling)
 .text._ZN5daisy9AdcHandle5StartEv
                0x00000000240132cc       0x2c ../VCOM-G1/GuitarPedal/libDaisy/build/libdaisy.a(adc.o)
                0x00000000240132cc                daisy::AdcHandle::Start()
 .text._ZNK5daisy9AdcHandle6GetPtrEh
                0x00000000240132f8       0x14 ../VCOM-G1/GuitarPedal/libDaisy/build/libdaisy.a(adc.o)
                0x00000000240132f8                daisy::AdcHandle::GetPtr(unsigned char) const
 .text.HAL_ADC_MspInit
                0x000000002401330c       0xa4 ../VCOM-G1/GuitarPedal/libDaisy/build/libdaisy.a(adc.o)
                0x000000002401330c                HAL_ADC_MspInit
 .text.DMA1_Stream2_IRQHandler
                0x00000000240133b0        0xc ../VCOM-G1/GuitarPedal/libDaisy/build/libdaisy.a(adc.o)
                0x00000000240133b0                DMA1_Stream2_IRQHandler
 .text.HAL_ADC_ConvCpltCallback
                0x00000000240133bc      0x15c ../VCOM-G1/GuitarPedal/libDaisy/build/libdaisy.a(adc.o)
                0x00000000240133bc                HAL_ADC_ConvCpltCallback
 .text.HAL_ADC_ErrorCallback
                0x0000000024013518        0x4 ../VCOM-G1/GuitarPedal/libDaisy/build/libdaisy.a(adc.o)
                0x0000000024013518                HAL_ADC_ErrorCallback
 .text.startup._GLOBAL__sub_I__ZN5daisy16AdcChannelConfig10InitSingleENS_3PinENS0_15ConversionSpeedE
                0x000000002401351c       0x38 ../VCOM-G1/GuitarPedal/libDaisy/build/libdaisy.a(adc.o)
 .text._ZN5daisy4GPIO4InitERKNS0_6ConfigE
                0x0000000024013554      0x1cc ../VCOM-G1/GuitarPedal/libDaisy/build/libdaisy.a(gpio.o)
                0x0000000024013554                daisy::GPIO::Init(daisy::GPIO::Config const&)
 .text._ZN5daisy4GPIO4InitEv
                0x0000000024013720      0x1bc ../VCOM-G1/GuitarPedal/libDaisy/build/libdaisy.a(gpio.o)
                0x0000000024013720                daisy::GPIO::Init()
 .text._ZN5daisy4GPIO4InitENS_3PinENS0_4ModeENS0_4PullENS0_5SpeedE
                0x00000000240138dc      0x1cc ../VCOM-G1/GuitarPedal/libDaisy/build/libdaisy.a(gpio.o)
                0x00000000240138dc                daisy::GPIO::Init(daisy::Pin, daisy::GPIO::Mode, daisy::GPIO::Pull, daisy::GPIO::Speed)
 .text._ZN5daisy4GPIO4ReadEv
                0x0000000024013aa8       0x18 ../VCOM-G1/GuitarPedal/libDaisy/build/libdaisy.a(gpio.o)
                0x0000000024013aa8                daisy::GPIO::Read()
 .text._ZN5daisy4GPIO5WriteEb
                0x0000000024013ac0       0x14 ../VCOM-G1/GuitarPedal/libDaisy/build/libdaisy.a(gpio.o)
                0x0000000024013ac0                daisy::GPIO::Write(bool)
 .text._ZN5daisy9I2CHandle4Impl8InitPinsEv
                0x0000000024013ad4       0x70 ../VCOM-G1/GuitarPedal/libDaisy/build/libdaisy.a(i2c.o)
                0x0000000024013ad4                daisy::I2CHandle::Impl::InitPins()
 .text.HAL_I2C_MspInit
                0x0000000024013b44      0x1b4 ../VCOM-G1/GuitarPedal/libDaisy/build/libdaisy.a(i2c.o)
                0x0000000024013b44                HAL_I2C_MspInit
 .text.dsy_i2c_global_init
                0x0000000024013cf8       0x78 ../VCOM-G1/GuitarPedal/libDaisy/build/libdaisy.a(i2c.o)
                0x0000000024013cf8                dsy_i2c_global_init
 .text.DMA1_Stream6_IRQHandler
                0x0000000024013d70       0x34 ../VCOM-G1/GuitarPedal/libDaisy/build/libdaisy.a(i2c.o)
                0x0000000024013d70                DMA1_Stream6_IRQHandler
 .text.I2C1_EV_IRQHandler
                0x0000000024013da4        0xc ../VCOM-G1/GuitarPedal/libDaisy/build/libdaisy.a(i2c.o)
                0x0000000024013da4                I2C1_EV_IRQHandler
 .text.I2C2_EV_IRQHandler
                0x0000000024013db0        0xc ../VCOM-G1/GuitarPedal/libDaisy/build/libdaisy.a(i2c.o)
                0x0000000024013db0                I2C2_EV_IRQHandler
 .text.I2C3_EV_IRQHandler
                0x0000000024013dbc        0xc ../VCOM-G1/GuitarPedal/libDaisy/build/libdaisy.a(i2c.o)
                0x0000000024013dbc                I2C3_EV_IRQHandler
 .text._ZN5daisy9I2CHandle4InitERKNS0_6ConfigE
                0x0000000024013dc8      0x130 ../VCOM-G1/GuitarPedal/libDaisy/build/libdaisy.a(i2c.o)
                0x0000000024013dc8                daisy::I2CHandle::Init(daisy::I2CHandle::Config const&)
 .text._ZN5daisy9I2CHandle16TransmitBlockingEtPhtm
                0x0000000024013ef8       0x50 ../VCOM-G1/GuitarPedal/libDaisy/build/libdaisy.a(i2c.o)
                0x0000000024013ef8                daisy::I2CHandle::TransmitBlocking(unsigned short, unsigned char*, unsigned short, unsigned long)
 .text.startup._GLOBAL__sub_I__ZN5daisy9I2CHandle4Impl10GlobalInitEv
                0x0000000024013f48       0x2c ../VCOM-G1/GuitarPedal/libDaisy/build/libdaisy.a(i2c.o)
 .text._ZN5daisy10QSPIHandle4Impl11WriteEnableEv
                0x0000000024013f74       0x8c ../VCOM-G1/GuitarPedal/libDaisy/build/libdaisy.a(qspi.o)
                0x0000000024013f74                daisy::QSPIHandle::Impl::WriteEnable()
 .text._ZN5daisy10QSPIHandle4Impl17DummyCyclesConfigENS0_6Config6DeviceE
                0x0000000024014000      0x118 ../VCOM-G1/GuitarPedal/libDaisy/build/libdaisy.a(qspi.o)
                0x0000000024014000                daisy::QSPIHandle::Impl::DummyCyclesConfig(daisy::QSPIHandle::Config::Device)
 .text._ZN5daisy10QSPIHandle4Impl10QuadEnableEv
                0x0000000024014118      0x168 ../VCOM-G1/GuitarPedal/libDaisy/build/libdaisy.a(qspi.o)
                0x0000000024014118                daisy::QSPIHandle::Impl::QuadEnable()
 .text._ZN5daisy10QSPIHandle4Impl21DefaultStatusRegisterEv
                0x0000000024014280      0x158 ../VCOM-G1/GuitarPedal/libDaisy/build/libdaisy.a(qspi.o)
                0x0000000024014280                daisy::QSPIHandle::Impl::DefaultStatusRegister()
 .text._ZN5daisy10QSPIHandle4Impl7PreInitEm
                0x00000000240143d8      0x198 ../VCOM-G1/GuitarPedal/libDaisy/build/libdaisy.a(qspi.o)
                0x00000000240143d8                daisy::QSPIHandle::Impl::PreInit(unsigned long)
 .text._ZN5daisy10QSPIHandle4Impl4InitERKNS0_6ConfigE
                0x0000000024014570      0x1b4 ../VCOM-G1/GuitarPedal/libDaisy/build/libdaisy.a(qspi.o)
                0x0000000024014570                daisy::QSPIHandle::Impl::Init(daisy::QSPIHandle::Config const&)
 *fill*         0x0000000024014724        0x4 
 .text._ZN5daisy10QSPIHandle4Impl7SetModeENS0_6Config4ModeE.part.0
                0x0000000024014728      0x1a4 ../VCOM-G1/GuitarPedal/libDaisy/build/libdaisy.a(qspi.o)
 .text._ZN5daisy10QSPIHandle4Impl9WritePageEmmPhb
                0x00000000240148cc      0x194 ../VCOM-G1/GuitarPedal/libDaisy/build/libdaisy.a(qspi.o)
                0x00000000240148cc                daisy::QSPIHandle::Impl::WritePage(unsigned long, unsigned long, unsigned char*, bool)
 .text._ZN5daisy10QSPIHandle4Impl13EraseBlock64KEm
                0x0000000024014a60      0x124 ../VCOM-G1/GuitarPedal/libDaisy/build/libdaisy.a(qspi.o)
                0x0000000024014a60                daisy::QSPIHandle::Impl::EraseBlock64K(unsigned long)
 *fill*         0x0000000024014b84        0x4 
 .text._ZN5daisy10QSPIHandle4Impl5EraseEmm
                0x0000000024014b88      0x21c ../VCOM-G1/GuitarPedal/libDaisy/build/libdaisy.a(qspi.o)
                0x0000000024014b88                daisy::QSPIHandle::Impl::Erase(unsigned long, unsigned long)
 *fill*         0x0000000024014da4        0x4 
 .text._ZN5daisy10QSPIHandle4Impl5WriteEmmPh
                0x0000000024014da8      0x320 ../VCOM-G1/GuitarPedal/libDaisy/build/libdaisy.a(qspi.o)
                0x0000000024014da8                daisy::QSPIHandle::Impl::Write(unsigned long, unsigned long, unsigned char*)
 .text._ZN5daisy10QSPIHandle4InitERKNS0_6ConfigE
                0x00000000240150c8      0x1b4 ../VCOM-G1/GuitarPedal/libDaisy/build/libdaisy.a(qspi.o)
                0x00000000240150c8                daisy::QSPIHandle::Init(daisy::QSPIHandle::Config const&)
 .text._ZN5daisy10QSPIHandle5WriteEmmPh
                0x000000002401527c        0x8 ../VCOM-G1/GuitarPedal/libDaisy/build/libdaisy.a(qspi.o)
                0x000000002401527c                daisy::QSPIHandle::Write(unsigned long, unsigned long, unsigned char*)
 .text._ZN5daisy10QSPIHandle5EraseEmm
                0x0000000024015284        0x8 ../VCOM-G1/GuitarPedal/libDaisy/build/libdaisy.a(qspi.o)
                0x0000000024015284                daisy::QSPIHandle::Erase(unsigned long, unsigned long)
 .text._ZN5daisy10QSPIHandle7GetDataEm
                0x000000002401528c        0xc ../VCOM-G1/GuitarPedal/libDaisy/build/libdaisy.a(qspi.o)
                0x000000002401528c                daisy::QSPIHandle::GetData(unsigned long)
 .text.HAL_QSPI_MspInit
                0x0000000024015298      0x194 ../VCOM-G1/GuitarPedal/libDaisy/build/libdaisy.a(qspi.o)
                0x0000000024015298                HAL_QSPI_MspInit
 .text.HAL_QSPI_MspDeInit
                0x000000002401542c       0x7c ../VCOM-G1/GuitarPedal/libDaisy/build/libdaisy.a(qspi.o)
                0x000000002401542c                HAL_QSPI_MspDeInit
 .text.QUADSPI_IRQHandler
                0x00000000240154a8        0xc ../VCOM-G1/GuitarPedal/libDaisy/build/libdaisy.a(qspi.o)
                0x00000000240154a8                QUADSPI_IRQHandler
 .text.startup._GLOBAL__sub_I__ZN5daisy10QSPIHandle4Impl7PreInitEm
                0x00000000240154b4       0x40 ../VCOM-G1/GuitarPedal/libDaisy/build/libdaisy.a(qspi.o)
 .text._ZN5daisy9SaiHandle4Impl7InitDmaENS1_15PeripheralBlockE
                0x00000000240154f4       0xa0 ../VCOM-G1/GuitarPedal/libDaisy/build/libdaisy.a(sai.o)
                0x00000000240154f4                daisy::SaiHandle::Impl::InitDma(daisy::SaiHandle::Impl::PeripheralBlock)
 .text._ZN5daisy9SaiHandle4Impl8InitPinsEv
                0x0000000024015594       0xbc ../VCOM-G1/GuitarPedal/libDaisy/build/libdaisy.a(sai.o)
                0x0000000024015594                daisy::SaiHandle::Impl::InitPins()
 .text.HAL_SAI_MspInit
                0x0000000024015650      0x164 ../VCOM-G1/GuitarPedal/libDaisy/build/libdaisy.a(sai.o)
                0x0000000024015650                HAL_SAI_MspInit
 .text.DMA1_Stream0_IRQHandler
                0x00000000240157b4        0xc ../VCOM-G1/GuitarPedal/libDaisy/build/libdaisy.a(sai.o)
                0x00000000240157b4                DMA1_Stream0_IRQHandler
 .text.DMA1_Stream1_IRQHandler
                0x00000000240157c0        0xc ../VCOM-G1/GuitarPedal/libDaisy/build/libdaisy.a(sai.o)
                0x00000000240157c0                DMA1_Stream1_IRQHandler
 .text.DMA1_Stream3_IRQHandler
                0x00000000240157cc        0xc ../VCOM-G1/GuitarPedal/libDaisy/build/libdaisy.a(sai.o)
                0x00000000240157cc                DMA1_Stream3_IRQHandler
 .text.DMA1_Stream4_IRQHandler
                0x00000000240157d8        0xc ../VCOM-G1/GuitarPedal/libDaisy/build/libdaisy.a(sai.o)
                0x00000000240157d8                DMA1_Stream4_IRQHandler
 .text.HAL_SAI_RxHalfCpltCallback
                0x00000000240157e4       0x78 ../VCOM-G1/GuitarPedal/libDaisy/build/libdaisy.a(sai.o)
                0x00000000240157e4                HAL_SAI_RxHalfCpltCallback
 .text.HAL_SAI_RxCpltCallback
                0x000000002401585c       0x70 ../VCOM-G1/GuitarPedal/libDaisy/build/libdaisy.a(sai.o)
                0x000000002401585c                HAL_SAI_RxCpltCallback
 *fill*         0x00000000240158cc        0x4 
 .text._ZN5daisy9SaiHandle4InitERKNS0_6ConfigE
                0x00000000240158d0      0x1f0 ../VCOM-G1/GuitarPedal/libDaisy/build/libdaisy.a(sai.o)
                0x00000000240158d0                daisy::SaiHandle::Init(daisy::SaiHandle::Config const&)
 .text._ZNK5daisy9SaiHandle9GetConfigEv
                0x0000000024015ac0        0x4 ../VCOM-G1/GuitarPedal/libDaisy/build/libdaisy.a(sai.o)
                0x0000000024015ac0                daisy::SaiHandle::GetConfig() const
 .text._ZN5daisy9SaiHandle8StartDmaEPlS1_jPFvS1_S1_jE
                0x0000000024015ac4       0xbc ../VCOM-G1/GuitarPedal/libDaisy/build/libdaisy.a(sai.o)
                0x0000000024015ac4                daisy::SaiHandle::StartDma(long*, long*, unsigned int, void (*)(long*, long*, unsigned int))
 .text._ZN5daisy9SaiHandle13GetSampleRateEv
                0x0000000024015b80       0x24 ../VCOM-G1/GuitarPedal/libDaisy/build/libdaisy.a(sai.o)
                0x0000000024015b80                daisy::SaiHandle::GetSampleRate()
 .text._ZNK5daisy9SaiHandle9GetOffsetEv
                0x0000000024015ba4        0x8 ../VCOM-G1/GuitarPedal/libDaisy/build/libdaisy.a(sai.o)
                0x0000000024015ba4                daisy::SaiHandle::GetOffset() const
 .text.startup._GLOBAL__sub_I__ZN5daisy9SaiHandle4Impl4InitERKNS0_6ConfigE
                0x0000000024015bac       0x20 ../VCOM-G1/GuitarPedal/libDaisy/build/libdaisy.a(sai.o)
 .text._ZN5daisy9SpiHandle4Impl7InitDmaEv
                0x0000000024015bcc       0xec ../VCOM-G1/GuitarPedal/libDaisy/build/libdaisy.a(spi.o)
                0x0000000024015bcc                daisy::SpiHandle::Impl::InitDma()
 .text._ZN5daisy9SpiHandle4Impl10StartDmaTxEPhjPFvPvEPFvS3_NS0_6ResultEES3_
                0x0000000024015cb8       0xc8 ../VCOM-G1/GuitarPedal/libDaisy/build/libdaisy.a(spi.o)
                0x0000000024015cb8                daisy::SpiHandle::Impl::StartDmaTx(unsigned char*, unsigned int, void (*)(void*), void (*)(void*, daisy::SpiHandle::Result), void*)
 .text._ZN5daisy9SpiHandle4Impl10StartDmaRxEPhjPFvPvEPFvS3_NS0_6ResultEES3_
                0x0000000024015d80       0xc8 ../VCOM-G1/GuitarPedal/libDaisy/build/libdaisy.a(spi.o)
                0x0000000024015d80                daisy::SpiHandle::Impl::StartDmaRx(unsigned char*, unsigned int, void (*)(void*), void (*)(void*, daisy::SpiHandle::Result), void*)
 .text._ZN5daisy9SpiHandle4Impl12StartDmaRxTxEPhS2_jPFvPvEPFvS3_NS0_6ResultEES3_
                0x0000000024015e48       0xcc ../VCOM-G1/GuitarPedal/libDaisy/build/libdaisy.a(spi.o)
                0x0000000024015e48                daisy::SpiHandle::Impl::StartDmaRxTx(unsigned char*, unsigned char*, unsigned int, void (*)(void*), void (*)(void*, daisy::SpiHandle::Result), void*)
 .text._ZN5daisy9SpiHandle4Impl8InitPinsEv
                0x0000000024015f14      0x25c ../VCOM-G1/GuitarPedal/libDaisy/build/libdaisy.a(spi.o)
                0x0000000024015f14                daisy::SpiHandle::Impl::InitPins()
 .text.HAL_SPI_MspInit
                0x0000000024016170      0x6e8 ../VCOM-G1/GuitarPedal/libDaisy/build/libdaisy.a(spi.o)
                0x0000000024016170                HAL_SPI_MspInit
 .text.dsy_spi_global_init
                0x0000000024016858       0x80 ../VCOM-G1/GuitarPedal/libDaisy/build/libdaisy.a(spi.o)
                0x0000000024016858                dsy_spi_global_init
 .text.SPI1_IRQHandler
                0x00000000240168d8        0xc ../VCOM-G1/GuitarPedal/libDaisy/build/libdaisy.a(spi.o)
                0x00000000240168d8                SPI1_IRQHandler
 .text.SPI2_IRQHandler
                0x00000000240168e4        0xc ../VCOM-G1/GuitarPedal/libDaisy/build/libdaisy.a(spi.o)
                0x00000000240168e4                SPI2_IRQHandler
 .text.SPI3_IRQHandler
                0x00000000240168f0        0xc ../VCOM-G1/GuitarPedal/libDaisy/build/libdaisy.a(spi.o)
                0x00000000240168f0                SPI3_IRQHandler
 .text.SPI4_IRQHandler
                0x00000000240168fc        0xc ../VCOM-G1/GuitarPedal/libDaisy/build/libdaisy.a(spi.o)
                0x00000000240168fc                SPI4_IRQHandler
 .text.SPI5_IRQHandler
                0x0000000024016908        0xc ../VCOM-G1/GuitarPedal/libDaisy/build/libdaisy.a(spi.o)
                0x0000000024016908                SPI5_IRQHandler
 .text.DMA2_Stream2_IRQHandler
                0x0000000024016914       0x34 ../VCOM-G1/GuitarPedal/libDaisy/build/libdaisy.a(spi.o)
                0x0000000024016914                DMA2_Stream2_IRQHandler
 .text.DMA2_Stream3_IRQHandler
                0x0000000024016948       0x38 ../VCOM-G1/GuitarPedal/libDaisy/build/libdaisy.a(spi.o)
                0x0000000024016948                DMA2_Stream3_IRQHandler
 .text.HAL_SPI_TxCpltCallback
                0x0000000024016980       0xc4 ../VCOM-G1/GuitarPedal/libDaisy/build/libdaisy.a(spi.o)
                0x0000000024016980                HAL_SPI_TxCpltCallback
 .text.HAL_SPI_RxCpltCallback
                0x0000000024016a44       0xc4 ../VCOM-G1/GuitarPedal/libDaisy/build/libdaisy.a(spi.o)
                0x0000000024016a44                HAL_SPI_RxCpltCallback
 .text.HAL_SPI_TxRxCpltCallback
                0x0000000024016b08       0xc4 ../VCOM-G1/GuitarPedal/libDaisy/build/libdaisy.a(spi.o)
                0x0000000024016b08                HAL_SPI_TxRxCpltCallback
 .text.HAL_SPI_ErrorCallback
                0x0000000024016bcc       0xc8 ../VCOM-G1/GuitarPedal/libDaisy/build/libdaisy.a(spi.o)
                0x0000000024016bcc                HAL_SPI_ErrorCallback
 .text._ZN5daisy9SpiHandle4InitERKNS0_6ConfigE
                0x0000000024016c94      0x110 ../VCOM-G1/GuitarPedal/libDaisy/build/libdaisy.a(spi.o)
                0x0000000024016c94                daisy::SpiHandle::Init(daisy::SpiHandle::Config const&)
 .text._ZN5daisy9SpiHandle16BlockingTransmitEPhjm
                0x0000000024016da4       0x14 ../VCOM-G1/GuitarPedal/libDaisy/build/libdaisy.a(spi.o)
                0x0000000024016da4                daisy::SpiHandle::BlockingTransmit(unsigned char*, unsigned int, unsigned long)
 .text.startup._GLOBAL__sub_I__Z19MapInstanceToHandleP11SPI_TypeDef
                0x0000000024016db8      0x1d8 ../VCOM-G1/GuitarPedal/libDaisy/build/libdaisy.a(spi.o)
 .text._ZL20UART_CheckRxListenerPN5daisy11UartHandler4ImplE
                0x0000000024016f90       0x84 ../VCOM-G1/GuitarPedal/libDaisy/build/libdaisy.a(uart.o)
 .text._ZN5daisy11UartHandler4Impl10StartDmaTxEPhjPFvPvEPFvS3_NS0_6ResultEES3_
                0x0000000024017014      0x184 ../VCOM-G1/GuitarPedal/libDaisy/build/libdaisy.a(uart.o)
                0x0000000024017014                daisy::UartHandler::Impl::StartDmaTx(unsigned char*, unsigned int, void (*)(void*), void (*)(void*, daisy::UartHandler::Result), void*)
 .text._ZN5daisy11UartHandler4Impl10StartDmaRxEPhjPFvPvEPFvS3_NS0_6ResultEES3_
                0x0000000024017198      0x184 ../VCOM-G1/GuitarPedal/libDaisy/build/libdaisy.a(uart.o)
                0x0000000024017198                daisy::UartHandler::Impl::StartDmaRx(unsigned char*, unsigned int, void (*)(void*), void (*)(void*, daisy::UartHandler::Result), void*)
 .text._ZN5daisy11UartHandler4Impl19DmaTransferFinishedEP20__UART_HandleTypeDefNS0_6ResultE
                0x000000002401731c       0xc0 ../VCOM-G1/GuitarPedal/libDaisy/build/libdaisy.a(uart.o)
                0x000000002401731c                daisy::UartHandler::Impl::DmaTransferFinished(__UART_HandleTypeDef*, daisy::UartHandler::Result)
 .text._ZN5daisy11UartHandler4Impl8InitPinsEv
                0x00000000240173dc      0x148 ../VCOM-G1/GuitarPedal/libDaisy/build/libdaisy.a(uart.o)
                0x00000000240173dc                daisy::UartHandler::Impl::InitPins()
 .text.HAL_UART_MspInit
                0x0000000024017524      0x4b4 ../VCOM-G1/GuitarPedal/libDaisy/build/libdaisy.a(uart.o)
                0x0000000024017524                HAL_UART_MspInit
 .text.dsy_uart_global_init
                0x00000000240179d8       0xfc ../VCOM-G1/GuitarPedal/libDaisy/build/libdaisy.a(uart.o)
                0x00000000240179d8                dsy_uart_global_init
 .text.USART1_IRQHandler
                0x0000000024017ad4       0x2c ../VCOM-G1/GuitarPedal/libDaisy/build/libdaisy.a(uart.o)
                0x0000000024017ad4                USART1_IRQHandler
 .text.USART2_IRQHandler
                0x0000000024017b00       0x34 ../VCOM-G1/GuitarPedal/libDaisy/build/libdaisy.a(uart.o)
                0x0000000024017b00                USART2_IRQHandler
 .text.USART3_IRQHandler
                0x0000000024017b34       0x34 ../VCOM-G1/GuitarPedal/libDaisy/build/libdaisy.a(uart.o)
                0x0000000024017b34                USART3_IRQHandler
 .text.UART4_IRQHandler
                0x0000000024017b68       0x34 ../VCOM-G1/GuitarPedal/libDaisy/build/libdaisy.a(uart.o)
                0x0000000024017b68                UART4_IRQHandler
 .text.UART5_IRQHandler
                0x0000000024017b9c       0x34 ../VCOM-G1/GuitarPedal/libDaisy/build/libdaisy.a(uart.o)
                0x0000000024017b9c                UART5_IRQHandler
 .text.USART6_IRQHandler
                0x0000000024017bd0       0x34 ../VCOM-G1/GuitarPedal/libDaisy/build/libdaisy.a(uart.o)
                0x0000000024017bd0                USART6_IRQHandler
 .text.UART7_IRQHandler
                0x0000000024017c04       0x34 ../VCOM-G1/GuitarPedal/libDaisy/build/libdaisy.a(uart.o)
                0x0000000024017c04                UART7_IRQHandler
 .text.UART8_IRQHandler
                0x0000000024017c38       0x34 ../VCOM-G1/GuitarPedal/libDaisy/build/libdaisy.a(uart.o)
                0x0000000024017c38                UART8_IRQHandler
 .text.LPUART1_IRQHandler
                0x0000000024017c6c       0x34 ../VCOM-G1/GuitarPedal/libDaisy/build/libdaisy.a(uart.o)
                0x0000000024017c6c                LPUART1_IRQHandler
 .text.DMA1_Stream5_IRQHandler
                0x0000000024017ca0       0x34 ../VCOM-G1/GuitarPedal/libDaisy/build/libdaisy.a(uart.o)
                0x0000000024017ca0                DMA1_Stream5_IRQHandler
 .text.DMA2_Stream4_IRQHandler
                0x0000000024017cd4       0x38 ../VCOM-G1/GuitarPedal/libDaisy/build/libdaisy.a(uart.o)
                0x0000000024017cd4                DMA2_Stream4_IRQHandler
 .text.HAL_UART_TxCpltCallback
                0x0000000024017d0c        0x8 ../VCOM-G1/GuitarPedal/libDaisy/build/libdaisy.a(uart.o)
                0x0000000024017d0c                HAL_UART_TxCpltCallback
 .text.HAL_UART_RxCpltCallback
                0x0000000024017d14       0x94 ../VCOM-G1/GuitarPedal/libDaisy/build/libdaisy.a(uart.o)
                0x0000000024017d14                HAL_UART_RxCpltCallback
 .text.HAL_UART_RxHalfCpltCallback
                0x0000000024017da8       0x90 ../VCOM-G1/GuitarPedal/libDaisy/build/libdaisy.a(uart.o)
                0x0000000024017da8                HAL_UART_RxHalfCpltCallback
 .text.HAL_UART_ErrorCallback
                0x0000000024017e38       0x94 ../VCOM-G1/GuitarPedal/libDaisy/build/libdaisy.a(uart.o)
                0x0000000024017e38                HAL_UART_ErrorCallback
 .text._ZN5daisy11UartHandler4InitERKNS0_6ConfigE
                0x0000000024017ecc       0xd4 ../VCOM-G1/GuitarPedal/libDaisy/build/libdaisy.a(uart.o)
                0x0000000024017ecc                daisy::UartHandler::Init(daisy::UartHandler::Config const&)
 .text.startup._GLOBAL__sub_I__Z19MapInstanceToHandleP13USART_TypeDef
                0x0000000024017fa0      0x1ac ../VCOM-G1/GuitarPedal/libDaisy/build/libdaisy.a(uart.o)
 .text.dsy_dma_init
                0x000000002401814c      0x100 ../VCOM-G1/GuitarPedal/libDaisy/build/libdaisy.a(dma.o)
                0x000000002401814c                dsy_dma_init
 .text.dsy_dma_invalidate_cache_for_buffer
                0x000000002401824c       0x2c ../VCOM-G1/GuitarPedal/libDaisy/build/libdaisy.a(dma.o)
                0x000000002401824c                dsy_dma_invalidate_cache_for_buffer
 .text._ZN5daisy11TimerHandleD2Ev
                0x0000000024018278        0x4 ../VCOM-G1/GuitarPedal/libDaisy/build/libdaisy.a(system.o)
                0x0000000024018278                daisy::TimerHandle::~TimerHandle()
                0x0000000024018278                daisy::TimerHandle::~TimerHandle()
 .text.SysTick_Handler
                0x000000002401827c       0x10 ../VCOM-G1/GuitarPedal/libDaisy/build/libdaisy.a(system.o)
                0x000000002401827c                SysTick_Handler
 .text.OTG_HS_EP1_OUT_IRQHandler
                0x000000002401828c       0x24 ../VCOM-G1/GuitarPedal/libDaisy/build/libdaisy.a(system.o)
                0x000000002401828c                OTG_HS_EP1_OUT_IRQHandler
 .text.OTG_HS_EP1_IN_IRQHandler
                0x00000000240182b0       0x24 ../VCOM-G1/GuitarPedal/libDaisy/build/libdaisy.a(system.o)
                0x00000000240182b0                OTG_HS_EP1_IN_IRQHandler
 .text.OTG_HS_IRQHandler
                0x00000000240182d4       0x24 ../VCOM-G1/GuitarPedal/libDaisy/build/libdaisy.a(system.o)
                0x00000000240182d4                OTG_HS_IRQHandler
 .text.HardFault_Handler
                0x00000000240182f8       0xe0 ../VCOM-G1/GuitarPedal/libDaisy/build/libdaisy.a(system.o)
                0x00000000240182f8                HardFault_Handler
 .text._ZN5daisy6System6GetNowEv
                0x00000000240183d8        0x4 ../VCOM-G1/GuitarPedal/libDaisy/build/libdaisy.a(system.o)
                0x00000000240183d8                daisy::System::GetNow()
 .text._ZN5daisy6System5GetUsEv
                0x00000000240183dc        0xc ../VCOM-G1/GuitarPedal/libDaisy/build/libdaisy.a(system.o)
                0x00000000240183dc                daisy::System::GetUs()
 .text._ZN5daisy6System5DelayEm
                0x00000000240183e8        0x4 ../VCOM-G1/GuitarPedal/libDaisy/build/libdaisy.a(system.o)
                0x00000000240183e8                daisy::System::Delay(unsigned long)
 .text._ZN5daisy6System20GetBootloaderVersionEv
                0x00000000240183ec       0x34 ../VCOM-G1/GuitarPedal/libDaisy/build/libdaisy.a(system.o)
                0x00000000240183ec                daisy::System::GetBootloaderVersion()
 .text._ZN5daisy6System15ConfigureClocksEv
                0x0000000024018420      0x1a4 ../VCOM-G1/GuitarPedal/libDaisy/build/libdaisy.a(system.o)
                0x0000000024018420                daisy::System::ConfigureClocks()
 .text._ZN5daisy6System12ConfigureMpuEv
                0x00000000240185c4       0x7c ../VCOM-G1/GuitarPedal/libDaisy/build/libdaisy.a(system.o)
                0x00000000240185c4                daisy::System::ConfigureMpu()
 .text._ZN5daisy6System4InitERKNS0_6ConfigE
                0x0000000024018640       0xf8 ../VCOM-G1/GuitarPedal/libDaisy/build/libdaisy.a(system.o)
                0x0000000024018640                daisy::System::Init(daisy::System::Config const&)
 .text._ZN5daisy6System12GetPClk1FreqEv
                0x0000000024018738        0x4 ../VCOM-G1/GuitarPedal/libDaisy/build/libdaisy.a(system.o)
                0x0000000024018738                daisy::System::GetPClk1Freq()
 .text._ZN5daisy6System22GetProgramMemoryRegionEv
                0x000000002401873c       0x78 ../VCOM-G1/GuitarPedal/libDaisy/build/libdaisy.a(system.o)
                0x000000002401873c                daisy::System::GetProgramMemoryRegion()
 .text.startup._GLOBAL__sub_I__ZN5daisy9boot_infoE
                0x00000000240187b4       0x1c ../VCOM-G1/GuitarPedal/libDaisy/build/libdaisy.a(system.o)
 .text.HAL_PCD_SetupStageCallback
                0x00000000240187d0        0xc ../VCOM-G1/GuitarPedal/libDaisy/build/libdaisy.a(usbd_conf.o)
                0x00000000240187d0                HAL_PCD_SetupStageCallback
 .text.HAL_PCD_DataOutStageCallback
                0x00000000240187dc       0x14 ../VCOM-G1/GuitarPedal/libDaisy/build/libdaisy.a(usbd_conf.o)
                0x00000000240187dc                HAL_PCD_DataOutStageCallback
 .text.HAL_PCD_DataInStageCallback
                0x00000000240187f0       0x14 ../VCOM-G1/GuitarPedal/libDaisy/build/libdaisy.a(usbd_conf.o)
                0x00000000240187f0                HAL_PCD_DataInStageCallback
 .text.HAL_PCD_SOFCallback
                0x0000000024018804        0x8 ../VCOM-G1/GuitarPedal/libDaisy/build/libdaisy.a(usbd_conf.o)
                0x0000000024018804                HAL_PCD_SOFCallback
 .text.HAL_PCD_ResetCallback
                0x000000002401880c       0x24 ../VCOM-G1/GuitarPedal/libDaisy/build/libdaisy.a(usbd_conf.o)
                0x000000002401880c                HAL_PCD_ResetCallback
 .text.HAL_PCD_SuspendCallback
                0x0000000024018830       0x30 ../VCOM-G1/GuitarPedal/libDaisy/build/libdaisy.a(usbd_conf.o)
                0x0000000024018830                HAL_PCD_SuspendCallback
 .text.HAL_PCD_ResumeCallback
                0x0000000024018860        0x8 ../VCOM-G1/GuitarPedal/libDaisy/build/libdaisy.a(usbd_conf.o)
                0x0000000024018860                HAL_PCD_ResumeCallback
 .text.HAL_PCD_ISOOUTIncompleteCallback
                0x0000000024018868        0x8 ../VCOM-G1/GuitarPedal/libDaisy/build/libdaisy.a(usbd_conf.o)
                0x0000000024018868                HAL_PCD_ISOOUTIncompleteCallback
 .text.HAL_PCD_ISOINIncompleteCallback
                0x0000000024018870        0x8 ../VCOM-G1/GuitarPedal/libDaisy/build/libdaisy.a(usbd_conf.o)
                0x0000000024018870                HAL_PCD_ISOINIncompleteCallback
 .text.HAL_PCD_ConnectCallback
                0x0000000024018878        0x8 ../VCOM-G1/GuitarPedal/libDaisy/build/libdaisy.a(usbd_conf.o)
                0x0000000024018878                HAL_PCD_ConnectCallback
 .text.HAL_PCD_DisconnectCallback
                0x0000000024018880        0x8 ../VCOM-G1/GuitarPedal/libDaisy/build/libdaisy.a(usbd_conf.o)
                0x0000000024018880                HAL_PCD_DisconnectCallback
 .text.USBD_LL_OpenEP
                0x0000000024018888       0x24 ../VCOM-G1/GuitarPedal/libDaisy/build/libdaisy.a(usbd_conf.o)
                0x0000000024018888                USBD_LL_OpenEP
 .text.USBD_LL_StallEP
                0x00000000240188ac       0x1c ../VCOM-G1/GuitarPedal/libDaisy/build/libdaisy.a(usbd_conf.o)
                0x00000000240188ac                USBD_LL_StallEP
 .text.USBD_LL_ClearStallEP
                0x00000000240188c8       0x1c ../VCOM-G1/GuitarPedal/libDaisy/build/libdaisy.a(usbd_conf.o)
                0x00000000240188c8                USBD_LL_ClearStallEP
 .text.USBD_LL_IsStallEP
                0x00000000240188e4       0x28 ../VCOM-G1/GuitarPedal/libDaisy/build/libdaisy.a(usbd_conf.o)
                0x00000000240188e4                USBD_LL_IsStallEP
 .text.USBD_LL_SetUSBAddress
                0x000000002401890c       0x1c ../VCOM-G1/GuitarPedal/libDaisy/build/libdaisy.a(usbd_conf.o)
                0x000000002401890c                USBD_LL_SetUSBAddress
 .text.USBD_LL_Transmit
                0x0000000024018928       0x1c ../VCOM-G1/GuitarPedal/libDaisy/build/libdaisy.a(usbd_conf.o)
                0x0000000024018928                USBD_LL_Transmit
 .text.USBD_LL_PrepareReceive
                0x0000000024018944       0x1c ../VCOM-G1/GuitarPedal/libDaisy/build/libdaisy.a(usbd_conf.o)
                0x0000000024018944                USBD_LL_PrepareReceive
 .text.HAL_HCD_SOF_Callback
                0x0000000024018960        0x8 ../VCOM-G1/GuitarPedal/libDaisy/build/libdaisy.a(usbh_conf.o)
                0x0000000024018960                HAL_HCD_SOF_Callback
 .text.HAL_HCD_Connect_Callback
                0x0000000024018968        0x8 ../VCOM-G1/GuitarPedal/libDaisy/build/libdaisy.a(usbh_conf.o)
                0x0000000024018968                HAL_HCD_Connect_Callback
 .text.HAL_HCD_Disconnect_Callback
                0x0000000024018970        0x8 ../VCOM-G1/GuitarPedal/libDaisy/build/libdaisy.a(usbh_conf.o)
                0x0000000024018970                HAL_HCD_Disconnect_Callback
 .text.HAL_HCD_HC_NotifyURBChange_Callback
                0x0000000024018978        0x4 ../VCOM-G1/GuitarPedal/libDaisy/build/libdaisy.a(usbh_conf.o)
                0x0000000024018978                HAL_HCD_HC_NotifyURBChange_Callback
 .text.HAL_HCD_PortEnabled_Callback
                0x000000002401897c        0x8 ../VCOM-G1/GuitarPedal/libDaisy/build/libdaisy.a(usbh_conf.o)
                0x000000002401897c                HAL_HCD_PortEnabled_Callback
 .text.HAL_HCD_PortDisabled_Callback
                0x0000000024018984        0x8 ../VCOM-G1/GuitarPedal/libDaisy/build/libdaisy.a(usbh_conf.o)
                0x0000000024018984                HAL_HCD_PortDisabled_Callback
 .text.USBH_LL_Stop
                0x000000002401898c       0x1c ../VCOM-G1/GuitarPedal/libDaisy/build/libdaisy.a(usbh_conf.o)
                0x000000002401898c                USBH_LL_Stop
 .text.HAL_MspInit
                0x00000000240189a8        0x4 ../VCOM-G1/GuitarPedal/libDaisy/build/libdaisy.a(stm32h7xx_hal.o)
                0x00000000240189a8                HAL_MspInit
 .text.HAL_InitTick
                0x00000000240189ac       0x4c ../VCOM-G1/GuitarPedal/libDaisy/build/libdaisy.a(stm32h7xx_hal.o)
                0x00000000240189ac                HAL_InitTick
 .text.HAL_Init
                0x00000000240189f8       0x60 ../VCOM-G1/GuitarPedal/libDaisy/build/libdaisy.a(stm32h7xx_hal.o)
                0x00000000240189f8                HAL_Init
 .text.HAL_IncTick
                0x0000000024018a58       0x18 ../VCOM-G1/GuitarPedal/libDaisy/build/libdaisy.a(stm32h7xx_hal.o)
                0x0000000024018a58                HAL_IncTick
 .text.HAL_GetTick
                0x0000000024018a70        0xc ../VCOM-G1/GuitarPedal/libDaisy/build/libdaisy.a(stm32h7xx_hal.o)
                0x0000000024018a70                HAL_GetTick
 .text.HAL_Delay
                0x0000000024018a7c       0x24 ../VCOM-G1/GuitarPedal/libDaisy/build/libdaisy.a(stm32h7xx_hal.o)
                0x0000000024018a7c                HAL_Delay
 .text.HAL_GetREVID
                0x0000000024018aa0        0xc ../VCOM-G1/GuitarPedal/libDaisy/build/libdaisy.a(stm32h7xx_hal.o)
                0x0000000024018aa0                HAL_GetREVID
 .text.HAL_ADC_ConvHalfCpltCallback
                0x0000000024018aac        0x4 ../VCOM-G1/GuitarPedal/libDaisy/build/libdaisy.a(stm32h7xx_hal_adc.o)
                0x0000000024018aac                HAL_ADC_ConvHalfCpltCallback
 .text.ADC_DMAHalfConvCplt
                0x0000000024018ab0        0xc ../VCOM-G1/GuitarPedal/libDaisy/build/libdaisy.a(stm32h7xx_hal_adc.o)
                0x0000000024018ab0                ADC_DMAHalfConvCplt
 .text.ADC_DMAConvCplt
                0x0000000024018abc       0x6c ../VCOM-G1/GuitarPedal/libDaisy/build/libdaisy.a(stm32h7xx_hal_adc.o)
                0x0000000024018abc                ADC_DMAConvCplt
 .text.ADC_DMAError
                0x0000000024018b28       0x1c ../VCOM-G1/GuitarPedal/libDaisy/build/libdaisy.a(stm32h7xx_hal_adc.o)
                0x0000000024018b28                ADC_DMAError
 .text.HAL_ADC_ConfigChannel