Archive member included to satisfy reference by file (symbol)

../VCOM-G1/GuitarPedal/libDaisy/build\libdaisy.a(daisy_seed.o)
                              build/base_hardware_module.o (daisy::DaisySeed::Configure())
../VCOM-G1/GuitarPedal/libDaisy/build\libdaisy.a(codec_ak4556.o)
                              ../VCOM-G1/GuitarPedal/libDaisy/build\libdaisy.a(daisy_seed.o) (daisy::Ak4556::Init(daisy::Pin))
../VCOM-G1/GuitarPedal/libDaisy/build\libdaisy.a(codec_wm8731.o)
                              ../VCOM-G1/GuitarPedal/libDaisy/build\libdaisy.a(daisy_seed.o) (daisy::Wm8731::Init(daisy::Wm8731::Config const&, daisy::I2CHandle))
../VCOM-G1/GuitarPedal/libDaisy/build\libdaisy.a(sdram.o)
                              ../VCOM-G1/GuitarPedal/libDaisy/build\libdaisy.a(daisy_seed.o) (SdramHandle::Init())
../VCOM-G1/GuitarPedal/libDaisy/build\libdaisy.a(audio.o)
                              ../VCOM-G1/GuitarPedal/libDaisy/build\libdaisy.a(daisy_seed.o) (daisy::AudioHandle::Init(daisy::AudioHandle::Config const&, daisy::SaiHandle))
../VCOM-G1/GuitarPedal/libDaisy/build\libdaisy.a(ctrl.o)
                              build/base_hardware_module.o (daisy::AnalogControl::Init(unsigned short*, float, bool, bool, float))
../VCOM-G1/GuitarPedal/libDaisy/build\libdaisy.a(encoder.o)
                              build/base_hardware_module.o (daisy::Encoder::Init(daisy::Pin, daisy::Pin, daisy::Pin, float))
../VCOM-G1/GuitarPedal/libDaisy/build\libdaisy.a(led.o)
                              build/base_hardware_module.o (daisy::Led::Init(daisy::Pin, bool, float))
../VCOM-G1/GuitarPedal/libDaisy/build\libdaisy.a(midi.o)
                              build/base_hardware_module.o (daisy::MidiUartTransport::Config::Config())
../VCOM-G1/GuitarPedal/libDaisy/build\libdaisy.a(midi_parser.o)
                              build/base_hardware_module.o (daisy::MidiParser::Reset())
../VCOM-G1/GuitarPedal/libDaisy/build\libdaisy.a(switch.o)
                              build/base_hardware_module.o (daisy::Switch::Init(daisy::Pin, float))
../VCOM-G1/GuitarPedal/libDaisy/build\libdaisy.a(adc.o)
                              build/base_hardware_module.o (daisy::AdcChannelConfig::InitSingle(daisy::Pin, daisy::AdcChannelConfig::ConversionSpeed))
../VCOM-G1/GuitarPedal/libDaisy/build\libdaisy.a(gpio.o)
                              ../VCOM-G1/GuitarPedal/libDaisy/build\libdaisy.a(daisy_seed.o) (daisy::GPIO::Init(daisy::GPIO::Config const&))
../VCOM-G1/GuitarPedal/libDaisy/build\libdaisy.a(i2c.o)
                              ../VCOM-G1/GuitarPedal/libDaisy/build\libdaisy.a(daisy_seed.o) (daisy::I2CHandle::Init(daisy::I2CHandle::Config const&))
../VCOM-G1/GuitarPedal/libDaisy/build\libdaisy.a(qspi.o)
                              ../VCOM-G1/GuitarPedal/libDaisy/build\libdaisy.a(daisy_seed.o) (daisy::QSPIHandle::Init(daisy::QSPIHandle::Config const&))
../VCOM-G1/GuitarPedal/libDaisy/build\libdaisy.a(sai.o)
                              ../VCOM-G1/GuitarPedal/libDaisy/build\libdaisy.a(daisy_seed.o) (daisy::SaiHandle::Init(daisy::SaiHandle::Config const&))
../VCOM-G1/GuitarPedal/libDaisy/build\libdaisy.a(spi.o)
                              build/base_hardware_module.o (daisy::SpiHandle::Init(daisy::SpiHandle::Config const&))
../VCOM-G1/GuitarPedal/libDaisy/build\libdaisy.a(uart.o)
                              build/base_hardware_module.o (daisy::UartHandler::Init(daisy::UartHandler::Config const&))
../VCOM-G1/GuitarPedal/libDaisy/build\libdaisy.a(dma.o)
                              build/my_pedal.o (dsy_dma_invalidate_cache_for_buffer)
../VCOM-G1/GuitarPedal/libDaisy/build\libdaisy.a(system.o)
                              ../VCOM-G1/GuitarPedal/libDaisy/build\libdaisy.a(daisy_seed.o) (daisy::System::DeInit())
../VCOM-G1/GuitarPedal/libDaisy/build\libdaisy.a(usbd_conf.o)
                              ../VCOM-G1/GuitarPedal/libDaisy/build\libdaisy.a(system.o) (hpcd_USB_OTG_HS)
../VCOM-G1/GuitarPedal/libDaisy/build\libdaisy.a(usbh_conf.o)
                              ../VCOM-G1/GuitarPedal/libDaisy/build\libdaisy.a(system.o) (hhcd_USB_OTG_HS)
../VCOM-G1/GuitarPedal/libDaisy/build\libdaisy.a(oled_fonts.o)
                              build/my_pedal.o (Font_16x26)
../VCOM-G1/GuitarPedal/libDaisy/build\libdaisy.a(stm32h7xx_hal.o)
                              ../VCOM-G1/GuitarPedal/libDaisy/build\libdaisy.a(system.o) (HAL_Init)
../VCOM-G1/GuitarPedal/libDaisy/build\libdaisy.a(stm32h7xx_hal_adc.o)
                              ../VCOM-G1/GuitarPedal/libDaisy/build\libdaisy.a(adc.o) (HAL_ADC_ConfigChannel)
../VCOM-G1/GuitarPedal/libDaisy/build\libdaisy.a(stm32h7xx_hal_adc_ex.o)
                              ../VCOM-G1/GuitarPedal/libDaisy/build\libdaisy.a(adc.o) (HAL_ADCEx_Calibration_Start)
../VCOM-G1/GuitarPedal/libDaisy/build\libdaisy.a(stm32h7xx_hal_cortex.o)
                              ../VCOM-G1/GuitarPedal/libDaisy/build\libdaisy.a(stm32h7xx_hal.o) (HAL_NVIC_SetPriorityGrouping)
[...]
Memory Configuration

Name             Origin             Length             Attributes
FLASH            0x08000000         0x00020000         xr
DTCMRAM          0x20000000         0x00020000         xrw
SRAM             0x24000000         0x00078000         xrw
RAM_D2_DMA       0x30000000         0x00008000         xrw
RAM_D2           0x30008000         0x00040000         xrw
RAM_D3           0x38000000         0x00010000         xrw
BACKUP_SRAM      0x38800000         0x00001000         xrw
ITCMRAM          0x00000000         0x00010000         xrw
SDRAM            0xc0000000         0x04000000         xrw
QSPIFLASH        0x90040000         0x007c0000         xr
*default*        0x00000000         0xffffffff

Linker script and memory map

LOAD c:/users/vinok/toolchains/gcc10/gcc-arm-none-eabi-10.3-2021.10/bin/../lib/gcc/arm-none-eabi/10.3.1/thumb/v7e-m+dp/hard/crti.o
LOAD c:/users/vinok/toolchains/gcc10/gcc-arm-none-eabi-10.3-2021.10/bin/../lib/gcc/arm-none-eabi/10.3.1/thumb/v7e-m+dp/hard/crtbegin.o
LOAD c:/users/vinok/toolchains/gcc10/gcc-arm-none-eabi-10.3-2021.10/bin/../lib/gcc/arm-none-eabi/10.3.1/../../../../arm-none-eabi/lib/thumb/v7e-m+dp/hard/crt0.o
LOAD build/startup_stm32h750xx.o
LOAD build/my_pedal.o
LOAD build/base_hardware_module.o
LOAD build/guitar_pedal_125b.o
LOAD build/base_effect_module.o
LOAD build/amp_module.o
LOAD build/ImpulseResponse.o
LOAD build/dsp.o
LOAD build/audio_utilities.o
LOAD ../VCOM-G1/GuitarPedal/libDaisy/build\libdaisy.a
LOAD c:/users/vinok/toolchains/gcc10/gcc-arm-none-eabi-10.3-2021.10/bin/../lib/gcc/arm-none-eabi/10.3.1/../../../../arm-none-eabi/lib/thumb/v7e-m+dp/hard\libnosys.a
LOAD ../VCOM-G1/GuitarPedal/DaisySP/build\libdaisysp.a
LOAD c:/users/vinok/toolchains/gcc10/gcc-arm-none-eabi-10.3-2021.10/bin/../lib/gcc/arm-none-eabi/10.3.1/../../../../arm-none-eabi/lib/thumb/v7e-m+dp/hard\libstdc++_nano.a
LOAD c:/users/vinok/toolchains/gcc10/gcc-arm-none-eabi-10.3-2021.10/bin/../lib/gcc/arm-none-eabi/10.3.1/../../../../arm-none-eabi/lib/thumb/v7e-m+dp/hard\libm.a
LOAD c:/users/vinok/toolchains/gcc10/gcc-arm-none-eabi-10.3-2021.10/bin/../lib/gcc/arm-none-eabi/10.3.1/../../../../arm-none-eabi/lib/thumb/v7e-m+dp/hard\libc_nano.a
START GROUP
LOAD c:/users/vinok/toolchains/gcc10/gcc-arm-none-eabi-10.3-2021.10/bin/../lib/gcc/arm-none-eabi/10.3.1/thumb/v7e-m+dp/hard\libgcc.a
LOAD c:/users/vinok/toolchains/gcc10/gcc-arm-none-eabi-10.3-2021.10/bin/../lib/gcc/arm-none-eabi/10.3.1/../../../../arm-none-eabi/lib/thumb/v7e-m+dp/hard\libc_nano.a
END GROUP
START GROUP
LOAD c:/users/vinok/toolchains/gcc10/gcc-arm-none-eabi-10.3-2021.10/bin/../lib/gcc/arm-none-eabi/10.3.1/thumb/v7e-m+dp/hard\libgcc.a
LOAD c:/users/vinok/toolchains/gcc10/gcc-arm-none-eabi-10.3-2021.10/bin/../lib/gcc/arm-none-eabi/10.3.1/../../../../arm-none-eabi/lib/thumb/v7e-m+dp/hard\libc_nano.a
LOAD c:/users/vinok/toolchains/gcc10/gcc-arm-none-eabi-10.3-2021.10/bin/../lib/gcc/arm-none-eabi/10.3.1/../../../../arm-none-eabi/lib/thumb/v7e-m+dp/hard\libnosys.a
END GROUP
START GROUP
LOAD c:/users/vinok/toolchains/gcc10/gcc-arm-none-eabi-10.3-2021.10/bin/../lib/gcc/arm-none-eabi/10.3.1/thumb/v7e-m+dp/hard\libgcc.a
LOAD c:/users/vinok/toolchains/gcc10/gcc-arm-none-eabi-10.3-2021.10/bin/../lib/gcc/arm-none-eabi/10.3.1/../../../../arm-none-eabi/lib/thumb/v7e-m+dp/hard\libc_nano.a
LOAD c:/users/vinok/toolchains/gcc10/gcc-arm-none-eabi-10.3-2021.10/bin/../lib/gcc/arm-none-eabi/10.3.1/../../../../arm-none-eabi/lib/thumb/v7e-m+dp/hard\libnosys.a
END GROUP
LOAD c:/users/vinok/toolchains/gcc10/gcc-arm-none-eabi-10.3-2021.10/bin/../lib/gcc/arm-none-eabi/10.3.1/thumb/v7e-m+dp/hard/crtend.o
LOAD c:/users/vinok/toolchains/gcc10/gcc-arm-none-eabi-10.3-2021.10/bin/../lib/gcc/arm-none-eabi/10.3.1/thumb/v7e-m+dp/hard/crtn.o
                0x20020000                _estack = 0x20020000

.isr_vector     0x24000000      0x298
                0x24000000                . = ALIGN (0x4)
 *(.isr_vector)
 .isr_vector    0x24000000      0x298 build/startup_stm32h750xx.o
                0x24000000                g_pfnVectors
                0x24000298                . = ALIGN (0x4)

.text           0x240002a0    0x341fc
                0x240002a0                . = ALIGN (0x4)
                0x240002a0                _stext = .
 *(.text)
 .text          0x240002a0       0x40 c:/users/vinok/toolchains/gcc10/gcc-arm-none-eabi-10.3-2021.10/bin/../lib/gcc/arm-none-eabi/10.3.1/thumb/v7e-m+dp/hard/crtbegin.o
 .text          0x240002e0       0x14 c:/users/vinok/toolchains/gcc10/gcc-arm-none-eabi-10.3-2021.10/bin/../lib/gcc/arm-none-eabi/10.3.1/../../../../arm-none-eabi/lib/thumb/v7e-m+dp/hard\libc_nano.a(lib_a-strcmp.o)
                0x240002e0                strcmp
 .text          0x240002f4       0x10 c:/users/vinok/toolchains/gcc10/gcc-arm-none-eabi-10.3-2021.10/bin/../lib/gcc/arm-none-eabi/10.3.1/../../../../arm-none-eabi/lib/thumb/v7e-m+dp/hard\libc_nano.a(lib_a-strlen.o)
                0x240002f4                strlen
 *fill*         0x24000304        0xc 
 .text          0x24000310       0xa0 c:/users/vinok/toolchains/gcc10/gcc-arm-none-eabi-10.3-2021.10/bin/../lib/gcc/arm-none-eabi/10.3.1/../../../../arm-none-eabi/lib/thumb/v7e-m+dp/hard\libc_nano.a(lib_a-memchr.o)
                0x24000310                memchr
 .text          0x240003b0      0x378 c:/users/vinok/toolchains/gcc10/gcc-arm-none-eabi-10.3-2021.10/bin/../lib/gcc/arm-none-eabi/10.3.1/thumb/v7e-m+dp/hard\libgcc.a(_arm_addsubdf3.o)
                0x240003b0                __aeabi_drsub
                0x240003b8                __aeabi_dsub
                0x240003b8                __subdf3
                0x240003bc                __aeabi_dadd
                0x240003bc                __adddf3
                0x24000634                __floatunsidf
                0x24000634                __aeabi_ui2d
                0x24000654                __floatsidf
                0x24000654                __aeabi_i2d
                0x24000678                __aeabi_f2d
                0x24000678                __extendsfdf2
                0x240006bc                __floatundidf
                0x240006bc                __aeabi_ul2d
                0x240006cc                __floatdidf
                0x240006cc                __aeabi_l2d
 .text          0x24000728       0x30 c:/users/vinok/toolchains/gcc10/gcc-arm-none-eabi-10.3-2021.10/bin/../lib/gcc/arm-none-eabi/10.3.1/thumb/v7e-m+dp/hard\libgcc.a(_aeabi_uldivmod.o)
                0x24000728                __aeabi_uldivmod
 .text          0x24000758      0x2d0 c:/users/vinok/toolchains/gcc10/gcc-arm-none-eabi-10.3-2021.10/bin/../lib/gcc/arm-none-eabi/10.3.1/thumb/v7e-m+dp/hard\libgcc.a(_udivmoddi4.o)
                0x24000758                __udivmoddi4
 .text          0x24000a28        0x4 c:/users/vinok/toolchains/gcc10/gcc-arm-none-eabi-10.3-2021.10/bin/../lib/gcc/arm-none-eabi/10.3.1/thumb/v7e-m+dp/hard\libgcc.a(_dvmd_tls.o)
                0x24000a28                __aeabi_idiv0
                0x24000a28                __aeabi_ldiv0
 *(.text*)
 .text.Default_Handler
                0x24000a2c        0xc build/startup_stm32h750xx.o
                0x24000a2c                RTC_Alarm_IRQHandler
                0x24000a2c                HASH_RNG_IRQHandler
                0x24000a2c                EXTI2_IRQHandler
                0x24000a2c                TIM8_CC_IRQHandler
                0x24000a2c                HRTIM1_Master_IRQHandler
                0x24000a2c                DebugMon_Handler
                0x24000a2c                TIM1_CC_IRQHandler
                0x24000a2c                BDMA_Channel6_IRQHandler
                0x24000a2c                DMA2_Stream5_IRQHandler
                0x24000a2c                HRTIM1_FLT_IRQHandler
                0x24000a2c                JPEG_IRQHandler
                0x24000a2c                BDMA_Channel1_IRQHandler
                0x24000a2c                HRTIM1_TIMD_IRQHandler
                0x24000a2c                TAMP_STAMP_IRQHandler
                0x24000a2c                PendSV_Handler
                0x24000a2c                NMI_Handler
                0x24000a2c                EXTI3_IRQHandler
                0x24000a2c                LPTIM4_IRQHandler
                0x24000a2c                TIM8_TRG_COM_TIM14_IRQHandler
                0x24000a2c                LPTIM2_IRQHandler
                0x24000a2c                DFSDM1_FLT1_IRQHandler
                0x24000a2c                DMAMUX2_OVR_IRQHandler
                0x24000a2c                TIM8_UP_TIM13_IRQHandler
                0x24000a2c                I2C3_ER_IRQHandler
                0x24000a2c                DFSDM1_FLT2_IRQHandler
                0x24000a2c                MDMA_IRQHandler
                0x24000a2c                LPTIM3_IRQHandler
                0x24000a2c                HSEM1_IRQHandler
                0x24000a2c                EXTI0_IRQHandler
                0x24000a2c                FPU_IRQHandler
                0x24000a2c                OTG_HS_WKUP_IRQHandler
                0x24000a2c                FDCAN1_IT1_IRQHandler
                0x24000a2c                UsageFault_Handler
                0x24000a2c                LTDC_ER_IRQHandler
                0x24000a2c                HRTIM1_TIME_IRQHandler
                0x24000a2c                TIM6_DAC_IRQHandler
                0x24000a2c                DCMI_IRQHandler
                0x24000a2c                HRTIM1_TIMC_IRQHandler
                0x24000a2c                SAI2_IRQHandler
                0x24000a2c                DFSDM1_FLT3_IRQHandler
                0x24000a2c                TIM17_IRQHandler
                0x24000a2c                CRYP_IRQHandler
                0x24000a2c                BDMA_Channel7_IRQHandler
                0x24000a2c                LPTIM5_IRQHandler
                0x24000a2c                ADC3_IRQHandler
                0x24000a2c                DMA2_Stream0_IRQHandler
                0x24000a2c                BDMA_Channel2_IRQHandler
                0x24000a2c                DMAMUX1_OVR_IRQHandler
                0x24000a2c                TIM16_IRQHandler
                0x24000a2c                BDMA_Channel5_IRQHandler
                0x24000a2c                RCC_IRQHandler
                0x24000a2c                TIM8_BRK_TIM12_IRQHandler
                0x24000a2c                TIM1_TRG_COM_IRQHandler
                0x24000a2c                Default_Handler
                0x24000a2c                ECC_IRQHandler
                0x24000a2c                CEC_IRQHandler
                0x24000a2c                EXTI15_10_IRQHandler
                0x24000a2c                BDMA_Channel0_IRQHandler
                0x24000a2c                ADC_IRQHandler
                0x24000a2c                DMA1_Stream7_IRQHandler
                0x24000a2c                HRTIM1_TIMA_IRQHandler
                0x24000a2c                TIM7_IRQHandler
                0x24000a2c                SDMMC1_IRQHandler
                0x24000a2c                DMA2_Stream7_IRQHandler
                0x24000a2c                TIM15_IRQHandler
                0x24000a2c                PVD_AVD_IRQHandler
                0x24000a2c                EXTI9_5_IRQHandler
                0x24000a2c                RTC_WKUP_IRQHandler
                0x24000a2c                LTDC_IRQHandler
                0x24000a2c                SAI3_IRQHandler
                0x24000a2c                ETH_WKUP_IRQHandler
                0x24000a2c                SPDIF_RX_IRQHandler
                0x24000a2c                MemManage_Handler
                0x24000a2c                SVC_Handler
                0x24000a2c                CRS_IRQHandler
                0x24000a2c                EXTI4_IRQHandler
                0x24000a2c                HRTIM1_TIMB_IRQHandler
                0x24000a2c                FDCAN2_IT1_IRQHandler
                0x24000a2c                ETH_IRQHandler
                0x24000a2c                TIM1_UP_IRQHandler
                0x24000a2c                BDMA_Channel4_IRQHandler
                0x24000a2c                WWDG_IRQHandler
                0x24000a2c                SPI6_IRQHandler
                0x24000a2c                I2C4_EV_IRQHandler
                0x24000a2c                MDIOS_IRQHandler
                0x24000a2c                FDCAN2_IT0_IRQHandler
                0x24000a2c                FDCAN1_IT0_IRQHandler
                0x24000a2c                OTG_FS_WKUP_IRQHandler
                0x24000a2c                DMA2D_IRQHandler
                0x24000a2c                TIM1_BRK_IRQHandler
                0x24000a2c                EXTI1_IRQHandler
                0x24000a2c                SDMMC2_IRQHandler
                0x24000a2c                OTG_FS_EP1_OUT_IRQHandler
                0x24000a2c                BDMA_Channel3_IRQHandler
                0x24000a2c                MDIOS_WKUP_IRQHandler
                0x24000a2c                DFSDM1_FLT0_IRQHandler
                0x24000a2c                SAI4_IRQHandler
                0x24000a2c                I2C2_ER_IRQHandler
                0x24000a2c                DMA2_Stream1_IRQHandler
                0x24000a2c                FLASH_IRQHandler
                0x24000a2c                BusFault_Handler
                0x24000a2c                OTG_FS_IRQHandler
                0x24000a2c                WAKEUP_PIN_IRQHandler
                0x24000a2c                OTG_FS_EP1_IN_IRQHandler
                0x24000a2c                I2C1_ER_IRQHandler
                0x24000a2c                FMC_IRQHandler
                0x24000a2c                FDCAN_CAL_IRQHandler
                0x24000a2c                SWPMI1_IRQHandler
                0x24000a2c                COMP1_IRQHandler
                0x24000a2c                LPTIM1_IRQHandler
                0x24000a2c                I2C4_ER_IRQHandler
                0x24000a2c                DMA2_Stream6_IRQHandler
                0x24000a2c                SAI1_IRQHandler
 .text.Reset_Handler
                0x24000a38       0x40 build/startup_stm32h750xx.o
                0x24000a38                Reset_Handler
 .text._ZN7daisysp6ChorusD2Ev
                0x24000a78        0x4 build/my_pedal.o
                0x24000a78                daisysp::Chorus::~Chorus()
                0x24000a78                daisysp::Chorus::~Chorus()
 .text._ZN7daisysp6PhaserD2Ev
                0x24000a7c        0x4 build/my_pedal.o
                0x24000a7c                daisysp::Phaser::~Phaser()
                0x24000a7c                daisysp::Phaser::~Phaser()
 .text._ZN7daisysp7TremoloD2Ev
                0x24000a80        0x4 build/my_pedal.o
                0x24000a80                daisysp::Tremolo::~Tremolo()
                0x24000a80                daisysp::Tremolo::~Tremolo()
 .text._ZL14recomputeTempov
                0x24000a84       0xa4 build/my_pedal.o
 .text._ZN7daisysp7FlangerD2Ev
                0x24000b28        0x4 build/my_pedal.o
                0x24000b28                daisysp::Flanger::~Flanger()
                0x24000b28                daisysp::Flanger::~Flanger()
 .text._ZL14applyModParamsv
                0x24000b2c       0xe8 build/my_pedal.o
 .text._ZL14captureCurrentv
                0x24000c14      0x148 build/my_pedal.o
 .text._ZL12getEffectiveiR12StoredPresetRPKcS3_
                0x24000d5c      0x1cc build/my_pedal.o
 .text._ZL9applySongi
                0x24000f28      0x220 build/my_pedal.o
 .text._ZN5daisy21OneBitGraphicsDisplay9SetCursorEtt.constprop.0
                0x24001148       0x58 build/my_pedal.o
 .text._ZN5daisy12ST7565DriverILj128ELj64ENS_24SSD130x4WireSpiTransportEE6UpdateEv.constprop.0
                0x240011a0       0x88 build/my_pedal.o
 .text._ZN5daisy25OneBitGraphicsDisplayImplINS_11OledDisplayINS_12ST7565DriverILj128ELj64ENS_24SSD130x4WireSpiTransportEEEEEE11WriteStringEPKc7FontDefb.constprop.0
                0x24001228      0x214 build/my_pedal.o
 .text._ZL14buildSongTablev
                0x2400143c      0x1c0 build/my_pedal.o
 .text._ZL13writeCenteredPKci7FontDefb.constprop.0
                0x240015fc      0x208 build/my_pedal.o
 .text._ZL10drawHeaderPKc
                0x24001804      0x22c build/my_pedal.o
 .text._ZN5daisy25OneBitGraphicsDisplayImplINS_11OledDisplayINS_12ST7565DriverILj128ELj64ENS_24SSD130x4WireSpiTransportEEEEEE8DrawRectEjjjjbb.part.0.constprop.0
                0x24001a30      0x450 build/my_pedal.o
 .text._ZL12drawEditPagei
                0x24001e80      0xb94 build/my_pedal.o
 .text._ZL8drawPlayv
                0x24002a14      0xd84 build/my_pedal.o
 .text._ZL10drawLooperi
                0x24003798     0x19c8 build/my_pedal.o
 .text._ZN5daisy24SSD130x4WireSpiTransport11SendCommandEh
                0x24005160       0x28 build/my_pedal.o
                0x24005160                daisy::SSD130x4WireSpiTransport::SendCommand(unsigned char)
 .text._ZN5daisy25OneBitGraphicsDisplayImplINS_11OledDisplayINS_12ST7565DriverILj128ELj64ENS_24SSD130x4WireSpiTransportEEEEEE8DrawLineEjjjjb
                0x24005188      0x178 build/my_pedal.o
                0x24005188                daisy::OneBitGraphicsDisplayImpl<daisy::OledDisplay<daisy::ST7565Driver<128u, 64u, daisy::SSD130x4WireSpiTransport> > >::DrawLine(unsigned int, unsigned int, unsigned int, unsigned int, bool)
 .text._ZN5daisy17PersistentStorageI8SaveDataE22StoreSettingsIfChangedEv
                0x24005300       0x88 build/my_pedal.o
                0x24005300                daisy::PersistentStorage<SaveData>::StoreSettingsIfChanged()
 .text.startup._GLOBAL__sub_I_hardware
                0x24005388       0xb8 build/my_pedal.o
 .text.startup.main
                0x24005440     0x3200 build/my_pedal.o
                0x24005440                main
 .text._ZL13AudioCallbackPKPKfPPfj
                0x24008640      0xbac build/my_pedal.o
 .text._ZN5daisy11OledDisplayINS_12ST7565DriverILj128ELj64ENS_24SSD130x4WireSpiTransportEEEED2Ev
                0x240091ec        0x4 build/base_hardware_module.o
                0x240091ec                daisy::OledDisplay<daisy::ST7565Driver<128u, 64u, daisy::SSD130x4WireSpiTransport> >::~OledDisplay()
                0x240091ec                daisy::OledDisplay<daisy::ST7565Driver<128u, 64u, daisy::SSD130x4WireSpiTransport> >::~OledDisplay()
 .text._ZNK5daisy11OledDisplayINS_12ST7565DriverILj128ELj64ENS_24SSD130x4WireSpiTransportEEEE6HeightEv
                0x240091f0        0x4 build/base_hardware_module.o
                0x240091f0                daisy::OledDisplay<daisy::ST7565Driver<128u, 64u, daisy::SSD130x4WireSpiTransport> >::Height() const
 .text._ZNK5daisy11OledDisplayINS_12ST7565DriverILj128ELj64ENS_24SSD130x4WireSpiTransportEEEE5WidthEv
                0x240091f4        0x4 build/base_hardware_module.o
                0x240091f4                daisy::OledDisplay<daisy::ST7565Driver<128u, 64u, daisy::SSD130x4WireSpiTransport> >::Width() const
 .text._ZN5daisy11OledDisplayINS_12ST7565DriverILj128ELj64ENS_24SSD130x4WireSpiTransportEEEE4FillEb
                0x240091f8       0x10 build/base_hardware_module.o
                0x240091f8                daisy::OledDisplay<daisy::ST7565Driver<128u, 64u, daisy::SSD130x4WireSpiTransport> >::Fill(bool)
 .text._ZN5daisy11OledDisplayINS_12ST7565DriverILj128ELj64ENS_24SSD130x4WireSpiTransportEEEE14UpdateFinishedEv
                0x24009208        0x4 build/base_hardware_module.o
                0x24009208                daisy::OledDisplay<daisy::ST7565Driver<128u, 64u, daisy::SSD130x4WireSpiTransport> >::UpdateFinished()
 .text._ZN5daisy11OledDisplayINS_12ST7565DriverILj128ELj64ENS_24SSD130x4WireSpiTransportEEEED0Ev
                0x2400920c       0x10 build/base_hardware_module.o
                0x2400920c                daisy::OledDisplay<daisy::ST7565Driver<128u, 64u, daisy::SSD130x4WireSpiTransport> >::~OledDisplay()
 .text._ZN10bkshepherd18BaseHardwareModuleD2Ev
                0x2400921c       0x64 build/base_hardware_module.o
                0x2400921c                bkshepherd::BaseHardwareModule::~BaseHardwareModule()
                0x2400921c                bkshepherd::BaseHardwareModule::~BaseHardwareModule()
 .text._ZN5daisy11OledDisplayINS_12ST7565DriverILj128ELj64ENS_24SSD130x4WireSpiTransportEEEE6UpdateEv
                0x24009280       0x8c build/base_hardware_module.o
                0x24009280                daisy::OledDisplay<daisy::ST7565Driver<128u, 64u, daisy::SSD130x4WireSpiTransport> >::Update()
 .text._ZN5daisy25OneBitGraphicsDisplayImplINS_11OledDisplayINS_12ST7565DriverILj128ELj64ENS_24SSD130x4WireSpiTransportEEEEEE11WriteStringEPKc7FontDefb
                0x2400930c      0x22c build/base_hardware_module.o
                0x2400930c                daisy::OneBitGraphicsDisplayImpl<daisy::OledDisplay<daisy::ST7565Driver<128u, 64u, daisy::SSD130x4WireSpiTransport> > >::WriteString(char const*, FontDef, bool)
 .text._ZN5daisy25OneBitGraphicsDisplayImplINS_11OledDisplayINS_12ST7565DriverILj128ELj64ENS_24SSD130x4WireSpiTransportEEEEEE9WriteCharEc7FontDefb
                0x24009538      0x1e4 build/base_hardware_module.o
                0x24009538                daisy::OneBitGraphicsDisplayImpl<daisy::OledDisplay<daisy::ST7565Driver<128u, 64u, daisy::SSD130x4WireSpiTransport> > >::WriteChar(char, FontDef, bool)
 .text._ZN5daisy11OledDisplayINS_12ST7565DriverILj128ELj64ENS_24SSD130x4WireSpiTransportEEEE9DrawPixelEjjb
                0x2400971c       0x4c build/base_hardware_module.o
                0x2400971c                daisy::OledDisplay<daisy::ST7565Driver<128u, 64u, daisy::SSD130x4WireSpiTransport> >::DrawPixel(unsigned int, unsigned int, bool)
 .text._ZN10bkshepherd18BaseHardwareModuleD0Ev
                0x24009768       0x70 build/base_hardware_module.o
                0x24009768                bkshepherd::BaseHardwareModule::~BaseHardwareModule()
 .text._ZN5daisy25OneBitGraphicsDisplayImplINS_11OledDisplayINS_12ST7565DriverILj128ELj64ENS_24SSD130x4WireSpiTransportEEEEEE18WriteStringAlignedEPKcRK7FontDefNS_9RectangleENS_9AlignmentEb
                0x240097d8      0x448 build/base_hardware_module.o
                0x240097d8                daisy::OneBitGraphicsDisplayImpl<daisy::OledDisplay<daisy::ST7565Driver<128u, 64u, daisy::SSD130x4WireSpiTransport> > >::WriteStringAligned(char const*, FontDef const&, daisy::Rectangle, daisy::Alignment, bool)
 .text._ZN5daisy25OneBitGraphicsDisplayImplINS_11OledDisplayINS_12ST7565DriverILj128ELj64ENS_24SSD130x4WireSpiTransportEEEEEE7DrawArcEjjjiib
                0x24009c20      0x460 build/base_hardware_module.o
                0x24009c20                daisy::OneBitGraphicsDisplayImpl<daisy::OledDisplay<daisy::ST7565Driver<128u, 64u, daisy::SSD130x4WireSpiTransport> > >::DrawArc(unsigned int, unsigned int, unsigned int, int, int, bool)
 .text._ZN5daisy25OneBitGraphicsDisplayImplINS_11OledDisplayINS_12ST7565DriverILj128ELj64ENS_24SSD130x4WireSpiTransportEEEEEE8DrawRectEjjjjbb
                0x2400a080      0x8a8 build/base_hardware_module.o
                0x2400a080                daisy::OneBitGraphicsDisplayImpl<daisy::OledDisplay<daisy::ST7565Driver<128u, 64u, daisy::SSD130x4WireSpiTransport> > >::DrawRect(unsigned int, unsigned int, unsigned int, unsigned int, bool, bool)
 .text._ZN10bkshepherd18BaseHardwareModuleC2Ev
                0x2400a928       0xe8 build/base_hardware_module.o
                0x2400a928                bkshepherd::BaseHardwareModule::BaseHardwareModule()
                0x2400a928                bkshepherd::BaseHardwareModule::BaseHardwareModule()
 .text._ZN10bkshepherd18BaseHardwareModule7DelayMsEj
                0x2400aa10        0x8 build/base_hardware_module.o
                0x2400aa10                bkshepherd::BaseHardwareModule::DelayMs(unsigned int)
 .text._ZN10bkshepherd18BaseHardwareModule17SetHidUpdateRatesEv
                0x2400aa18       0x70 build/base_hardware_module.o
                0x2400aa18                bkshepherd::BaseHardwareModule::SetHidUpdateRates()
 .text._ZN10bkshepherd18BaseHardwareModule4InitEjb
                0x2400aa88       0x30 build/base_hardware_module.o
                0x2400aa88                bkshepherd::BaseHardwareModule::Init(unsigned int, bool)
 .text._ZN10bkshepherd18BaseHardwareModule10StartAudioEPFvPKPKfPPfjE
                0x2400aab8        0x8 build/base_hardware_module.o
                0x2400aab8                bkshepherd::BaseHardwareModule::StartAudio(void (*)(float const* const*, float**, unsigned int))
 .text._ZN10bkshepherd18BaseHardwareModule17SetAudioBlockSizeEj
                0x2400aac0       0x14 build/base_hardware_module.o
                0x2400aac0                bkshepherd::BaseHardwareModule::SetAudioBlockSize(unsigned int)
 .text._ZN10bkshepherd18BaseHardwareModule15AudioSampleRateEv
                0x2400aad4        0x8 build/base_hardware_module.o
                0x2400aad4                bkshepherd::BaseHardwareModule::AudioSampleRate()
 .text._ZN10bkshepherd18BaseHardwareModule8StartAdcEv
                0x2400aadc        0x8 build/base_hardware_module.o
                0x2400aadc                bkshepherd::BaseHardwareModule::StartAdc()
 .text._ZN10bkshepherd18BaseHardwareModule21ProcessAnalogControlsEv
                0x2400aae4       0x2c build/base_hardware_module.o
                0x2400aae4                bkshepherd::BaseHardwareModule::ProcessAnalogControls()
 .text._ZN10bkshepherd18BaseHardwareModule22ProcessDigitalControlsEv
                0x2400ab10       0x6c build/base_hardware_module.o
                0x2400ab10                bkshepherd::BaseHardwareModule::ProcessDigitalControls()
 .text._ZN10bkshepherd18BaseHardwareModule25GetNumberOfSamplesForTimeEf
                0x2400ab7c       0x24 build/base_hardware_module.o
                0x2400ab7c                bkshepherd::BaseHardwareModule::GetNumberOfSamplesForTime(float)
 .text._ZN10bkshepherd18BaseHardwareModule12GetKnobValueEi
                0x2400aba0       0x28 build/base_hardware_module.o
                0x2400aba0                bkshepherd::BaseHardwareModule::GetKnobValue(int)
 .text._ZN10bkshepherd18BaseHardwareModule6SetLedEif
                0x2400abc8       0x2c build/base_hardware_module.o
                0x2400abc8                bkshepherd::BaseHardwareModule::SetLed(int, float)
 .text._ZN10bkshepherd18BaseHardwareModule10UpdateLedsEv
                0x2400abf4       0x38 build/base_hardware_module.o
                0x2400abf4                bkshepherd::BaseHardwareModule::UpdateLeds()
 .text._ZN10bkshepherd18BaseHardwareModule14SetAudioBypassEb
                0x2400ac2c       0x1c build/base_hardware_module.o
                0x2400ac2c                bkshepherd::BaseHardwareModule::SetAudioBypass(bool)
 .text._ZN10bkshepherd18BaseHardwareModule12SetAudioMuteEb
                0x2400ac48       0x14 build/base_hardware_module.o
                0x2400ac48                bkshepherd::BaseHardwareModule::SetAudioMute(bool)
 .text._ZN10bkshepherd18BaseHardwareModule8InitMidiEN5daisy3PinES2_
                0x2400ac5c       0xa8 build/base_hardware_module.o
                0x2400ac5c                bkshepherd::BaseHardwareModule::InitMidi(daisy::Pin, daisy::Pin)
 *fill*         0x2400ad04        0x4 
 .text._ZN10bkshepherd18BaseHardwareModule11InitDisplayEN5daisy3PinES2_
                0x2400ad08      0x1f8 build/base_hardware_module.o
                0x2400ad08                bkshepherd::BaseHardwareModule::InitDisplay(daisy::Pin, daisy::Pin)
 .text._ZN10bkshepherd18BaseHardwareModule14InitTrueBypassEN5daisy3PinES2_
                0x2400af00       0x60 build/base_hardware_module.o
                0x2400af00                bkshepherd::BaseHardwareModule::InitTrueBypass(daisy::Pin, daisy::Pin)
 .text._ZNSt6vectorIN5daisy13AnalogControlESaIS1_EE17_M_realloc_insertIJRKS1_EEEvN9__gnu_cxx17__normal_iteratorIPS1_S3_EEDpOT_
                0x2400af60       0xe4 build/base_hardware_module.o
                0x2400af60                void std::vector<daisy::AnalogControl, std::allocator<daisy::AnalogControl> >::_M_realloc_insert<daisy::AnalogControl const&>(__gnu_cxx::__normal_iterator<daisy::AnalogControl*, std::vector<daisy::AnalogControl, std::allocator<daisy::AnalogControl> > >, daisy::AnalogControl const&)
 .text._ZN10bkshepherd18BaseHardwareModule9InitKnobsEiPN5daisy3PinE
                0x2400b044      0x12c build/base_hardware_module.o
                0x2400b044                bkshepherd::BaseHardwareModule::InitKnobs(int, daisy::Pin*)
 .text._ZNSt6vectorIN5daisy6SwitchESaIS1_EE17_M_realloc_insertIJRKS1_EEEvN9__gnu_cxx17__normal_iteratorIPS1_S3_EEDpOT_
                0x2400b170      0x12c build/base_hardware_module.o
                0x2400b170                void std::vector<daisy::Switch, std::allocator<daisy::Switch> >::_M_realloc_insert<daisy::Switch const&>(__gnu_cxx::__normal_iterator<daisy::Switch*, std::vector<daisy::Switch, std::allocator<daisy::Switch> > >, daisy::Switch const&)
 .text._ZN10bkshepherd18BaseHardwareModule12InitSwitchesEiPN5daisy3PinE
                0x2400b29c       0x8c build/base_hardware_module.o
                0x2400b29c                bkshepherd::BaseHardwareModule::InitSwitches(int, daisy::Pin*)
 .text._ZNSt6vectorIN5daisy7EncoderESaIS1_EE17_M_realloc_insertIJRKS1_EEEvN9__gnu_cxx17__normal_iteratorIPS1_S3_EEDpOT_
                0x2400b328      0x10c build/base_hardware_module.o
                0x2400b328                void std::vector<daisy::Encoder, std::allocator<daisy::Encoder> >::_M_realloc_insert<daisy::Encoder const&>(__gnu_cxx::__normal_iterator<daisy::Encoder*, std::vector<daisy::Encoder, std::allocator<daisy::Encoder> > >, daisy::Encoder const&)
 *fill*         0x2400b434        0x4 
 .text._ZN10bkshepherd18BaseHardwareModule12InitEncodersEiPA3_N5daisy3PinE
                0x2400b438       0xb4 build/base_hardware_module.o
                0x2400b438                bkshepherd::BaseHardwareModule::InitEncoders(int, daisy::Pin (*) [3])
 .text._ZNSt6vectorIN5daisy3LedESaIS1_EE17_M_realloc_insertIJRKS1_EEEvN9__gnu_cxx17__normal_iteratorIPS1_S3_EEDpOT_
                0x2400b4ec      0x130 build/base_hardware_module.o
                0x2400b4ec                void std::vector<daisy::Led, std::allocator<daisy::Led> >::_M_realloc_insert<daisy::Led const&>(__gnu_cxx::__normal_iterator<daisy::Led*, std::vector<daisy::Led, std::allocator<daisy::Led> > >, daisy::Led const&)
 .text._ZN10bkshepherd18BaseHardwareModule8InitLedsEiPN5daisy3PinE
                0x2400b61c       0x94 build/base_hardware_module.o
                0x2400b61c                bkshepherd::BaseHardwareModule::InitLeds(int, daisy::Pin*)
 .text._ZN10bkshepherd15GuitarPedal125BD2Ev
                0x2400b6b0       0x14 build/guitar_pedal_125b.o
                0x2400b6b0                bkshepherd::GuitarPedal125B::~GuitarPedal125B()
                0x2400b6b0                bkshepherd::GuitarPedal125B::~GuitarPedal125B()
 .text._ZN10bkshepherd15GuitarPedal125BD0Ev
                0x2400b6c4       0x20 build/guitar_pedal_125b.o
                0x2400b6c4                bkshepherd::GuitarPedal125B::~GuitarPedal125B()
 .text._ZN10bkshepherd15GuitarPedal125BC2Ev
                0x2400b6e4       0x28 build/guitar_pedal_125b.o
                0x2400b6e4                bkshepherd::GuitarPedal125B::GuitarPedal125B()
                0x2400b6e4                bkshepherd::GuitarPedal125B::GuitarPedal125B()
 .text._ZN10bkshepherd15GuitarPedal125B4InitEjb
                0x2400b70c       0xa8 build/guitar_pedal_125b.o
                0x2400b70c                bkshepherd::GuitarPedal125B::Init(unsigned int, bool)
 .text._ZNK10bkshepherd16BaseEffectModule27AlternateFootswitchForTempoEv
                0x2400b7b4        0x4 build/base_effect_module.o
                0x2400b7b4                bkshepherd::BaseEffectModule::AlternateFootswitchForTempo() const
 .text._ZN10bkshepherd16BaseEffectModule26AlternateFootswitchPressedEv
                0x2400b7b8        0x4 build/base_effect_module.o
                0x2400b7b8                bkshepherd::BaseEffectModule::AlternateFootswitchPressed()
 .text._ZN10bkshepherd16BaseEffectModule27AlternateFootswitchReleasedEv
                0x2400b7bc        0x4 build/base_effect_module.o
                0x2400b7bc                bkshepherd::BaseEffectModule::AlternateFootswitchReleased()
 .text._ZN10bkshepherd16BaseEffectModule33AlternateFootswitchHeldFor1SecondEv
                0x2400b7c0        0x4 build/base_effect_module.o
                0x2400b7c0                bkshepherd::BaseEffectModule::AlternateFootswitchHeldFor1Second()
 .text._ZN10bkshepherd16BaseEffectModule4InitEf
                0x2400b7c4        0x8 build/base_effect_module.o
                0x2400b7c4                bkshepherd::BaseEffectModule::Init(float)
 .text._ZN10bkshepherd16BaseEffectModule8OnNoteOnEff
                0x2400b7cc        0x4 build/base_effect_module.o
                0x2400b7cc                bkshepherd::BaseEffectModule::OnNoteOff(float, float)
                0x2400b7cc                bkshepherd::BaseEffectModule::OnNoteOn(float, float)
 .text._ZN10bkshepherd16BaseEffectModule11ProcessMonoEf
                0x2400b7d0        0xc build/base_effect_module.o
                0x2400b7d0                bkshepherd::BaseEffectModule::ProcessMono(float)
 .text._ZN10bkshepherd16BaseEffectModule13ProcessStereoEff
                0x2400b7dc        0xc build/base_effect_module.o
                0x2400b7dc                bkshepherd::BaseEffectModule::ProcessStereo(float, float)
 .text._ZNK10bkshepherd16BaseEffectModule19GetBrightnessForLEDEi
                0x2400b7e8       0x18 build/base_effect_module.o
                0x2400b7e8                bkshepherd::BaseEffectModule::GetBrightnessForLED(int) const
 .text._ZN10bkshepherd16BaseEffectModule10SetEnabledEb
                0x2400b800        0x8 build/base_effect_module.o
                0x2400b800                bkshepherd::BaseEffectModule::SetEnabled(bool)
 .text._ZN10bkshepherd16BaseEffectModule8SetTempoEm
                0x2400b808        0x4 build/base_effect_module.o
                0x2400b808                bkshepherd::BaseEffectModule::SetTempo(unsigned long)
 .text._ZN10bkshepherd16BaseEffectModule16ParameterChangedEi
                0x2400b80c        0x4 build/base_effect_module.o
                0x2400b80c                bkshepherd::BaseEffectModule::ParameterChanged(int)
 .text._ZN10bkshepherd16BaseEffectModule8UpdateUIEf
                0x2400b810        0x4 build/base_effect_module.o
                0x2400b810                bkshepherd::BaseEffectModule::UpdateUI(float)
 .text._ZN10bkshepherd16BaseEffectModule6DrawUIERN5daisy21OneBitGraphicsDisplayEiiNS1_9RectangleEb
                0x2400b814      0x224 build/base_effect_module.o
                0x2400b814                bkshepherd::BaseEffectModule::DrawUI(daisy::OneBitGraphicsDisplay&, int, int, daisy::Rectangle, bool)
 .text._ZN10bkshepherd16BaseEffectModuleD2Ev
                0x2400ba38       0x18 build/base_effect_module.o
                0x2400ba38                bkshepherd::BaseEffectModule::~BaseEffectModule()
                0x2400ba38                bkshepherd::BaseEffectModule::~BaseEffectModule()
 .text._ZN10bkshepherd16BaseEffectModuleD0Ev
                0x2400ba50       0x20 build/base_effect_module.o
                0x2400ba50                bkshepherd::BaseEffectModule::~BaseEffectModule()
 .text._ZN10bkshepherd16BaseEffectModule10InitParamsEi
                0x2400ba70       0x5c build/base_effect_module.o
                0x2400ba70                bkshepherd::BaseEffectModule::InitParams(int)
 .text._ZN10bkshepherd16BaseEffectModuleC2Ev
                0x2400bacc       0x34 build/base_effect_module.o
                0x2400bacc                bkshepherd::BaseEffectModule::BaseEffectModule()
                0x2400bacc                bkshepherd::BaseEffectModule::BaseEffectModule()
 .text._ZNK10bkshepherd16BaseEffectModule16GetParameterNameEi
                0x2400bb00       0x24 build/base_effect_module.o
                0x2400bb00                bkshepherd::BaseEffectModule::GetParameterName(int) const
 .text._ZNK10bkshepherd16BaseEffectModule20GetParameterBinNamesEi
                0x2400bb24       0x34 build/base_effect_module.o
                0x2400bb24                bkshepherd::BaseEffectModule::GetParameterBinNames(int) const
 .text._ZNK10bkshepherd16BaseEffectModule19GetParameterAsFloatEi
                0x2400bb58       0x1c build/base_effect_module.o
                0x2400bb58                bkshepherd::BaseEffectModule::GetParameterAsFloat(int) const
 .text._ZNK10bkshepherd16BaseEffectModule23GetParameterAsMagnitudeEi
                0x2400bb74      0x164 build/base_effect_module.o
                0x2400bb74                bkshepherd::BaseEffectModule::GetParameterAsMagnitude(int) const
 .text._ZNK10bkshepherd16BaseEffectModule18GetParameterAsBoolEi
                0x2400bcd8       0x34 build/base_effect_module.o
                0x2400bcd8                bkshepherd::BaseEffectModule::GetParameterAsBool(int) const
 .text._ZNK10bkshepherd16BaseEffectModule25GetParameterAsBinnedValueEi
                0x2400bd0c       0x40 build/base_effect_module.o
                0x2400bd0c                bkshepherd::BaseEffectModule::GetParameterAsBinnedValue(int) const
 .text._ZNK10bkshepherd16BaseEffectModule27GetMappedParameterIDForKnobEi
                0x2400bd4c       0x34 build/base_effect_module.o
                0x2400bd4c                bkshepherd::BaseEffectModule::GetMappedParameterIDForKnob(int) const
 .text._ZN10bkshepherd16BaseEffectModule25SetParameterAsBinnedValueEii
                0x2400bd80       0x60 build/base_effect_module.o
                0x2400bd80                bkshepherd::BaseEffectModule::SetParameterAsBinnedValue(int, int)
 .text._ZN10bkshepherd16BaseEffectModule23SetParameterAsMagnitudeEif
                0x2400bde0      0x238 build/base_effect_module.o
                0x2400bde0                bkshepherd::BaseEffectModule::SetParameterAsMagnitude(int, float)
 .text._ZN10bkshepherd16BaseEffectModule23MidiCCValueNotificationEhh
                0x2400c018       0x48 build/base_effect_module.o
                0x2400c018                bkshepherd::BaseEffectModule::MidiCCValueNotification(unsigned char, unsigned char)
 .text._ZNK10bkshepherd16BaseEffectModule12GetAudioLeftEv
                0x2400c060        0x8 build/base_effect_module.o
                0x2400c060                bkshepherd::BaseEffectModule::GetAudioLeft() const
 .text._ZN10bkshepherd9AmpModule13ProcessStereoEff
                0x2400c068        0x8 build/amp_module.o
                0x2400c068                bkshepherd::AmpModule::ProcessStereo(float, float)
 .text._ZNSt6vectorIfSaIfEED2Ev
                0x2400c070       0x14 build/amp_module.o
                0x2400c070                std::vector<float, std::allocator<float> >::~vector()
                0x2400c070                std::vector<float, std::allocator<float> >::~vector()
 .text._ZN8RTNeural6ModelTIfLi1ELi1EJNS_9GRULayerTIfLi1ELi9ELNS_24SampleRateCorrectionModeE0ENS_20DefaultMathsProviderEEENS_6DenseTIfLi9ELi1ELb1EEEEED2Ev
                0x2400c084       0x18 build/amp_module.o
                0x2400c084                RTNeural::ModelT<float, 1, 1, RTNeural::GRULayerT<float, 1, 9, (RTNeural::SampleRateCorrectionMode)0, RTNeural::DefaultMathsProvider>, RTNeural::DenseT<float, 9, 1, true> >::~ModelT()
                0x2400c084                RTNeural::ModelT<float, 1, 1, RTNeural::GRULayerT<float, 1, 9, (RTNeural::SampleRateCorrectionMode)0, RTNeural::DefaultMathsProvider>, RTNeural::DenseT<float, 9, 1, true> >::~ModelT()
 .text._ZN10bkshepherd9AmpModuleD2Ev
                0x2400c09c       0x1c build/amp_module.o
                0x2400c09c                bkshepherd::AmpModule::~AmpModule()
                0x2400c09c                bkshepherd::AmpModule::~AmpModule()
 .text._ZN10bkshepherd9AmpModuleD0Ev
                0x2400c0b8       0x24 build/amp_module.o
                0x2400c0b8                bkshepherd::AmpModule::~AmpModule()
 .text._ZN5Eigen8internal29general_matrix_vector_productIifNS0_22const_blas_data_mapperIfiLi0EEELi0ELb0EfNS2_IfiLi1EEELb0ELi0EE3runEiiRKS3_RKS4_Pfif.constprop.0
                0x2400c0dc      0x2b0 build/amp_module.o
 .text._ZNSt6vectorIfSaIfEEaSERKS1_.isra.0
                0x2400c38c       0xc0 build/amp_module.o
 .text.startup._ZNSt6vectorIfSaIfEE19_M_range_initializeIPKfEEvT_S5_St20forward_iterator_tag.constprop.0
                0x2400c44c       0x48 build/amp_module.o
 .text._ZNSt6vectorIfSaIfEE13_M_assign_auxIPKfEEvT_S5_St20forward_iterator_tag.isra.0
                0x2400c494       0xc4 build/amp_module.o
 .text._ZNSt6vectorIS_IfSaIfEESaIS1_EED2Ev
                0x2400c558       0x3c build/amp_module.o
                0x2400c558                std::vector<std::vector<float, std::allocator<float> >, std::allocator<std::vector<float, std::allocator<float> > > >::~vector()
                0x2400c558                std::vector<std::vector<float, std::allocator<float> >, std::allocator<std::vector<float, std::allocator<float> > > >::~vector()
 .text._ZNSt6vectorI9modelDataSaIS0_EED2Ev
                0x2400c594      0x158 build/amp_module.o
                0x2400c594                std::vector<modelData, std::allocator<modelData> >::~vector()
                0x2400c594                std::vector<modelData, std::allocator<modelData> >::~vector()
 .text._ZN9modelDataD2Ev
                0x2400c6ec       0xe8 build/amp_module.o
                0x2400c6ec                modelData::~modelData()
                0x2400c6ec                modelData::~modelData()
 .text._ZNSt6vectorIS_IfSaIfEESaIS1_EE13_M_assign_auxIPKS1_EEvT_S7_St20forward_iterator_tag.constprop.0
                0x2400c7d4      0x23c build/amp_module.o
 .text._ZNSt6vectorIS_IfSaIfEESaIS1_EEaSERKS3_.isra.0
                0x2400ca10      0x21c build/amp_module.o
 .text._ZN9modelDataC2ERKS_
                0x2400cc2c      0x334 build/amp_module.o
                0x2400cc2c                modelData::modelData(modelData const&)
                0x2400cc2c                modelData::modelData(modelData const&)
 .text._Z12setupWeightsv
                0x2400cf60     0x2e48 build/amp_module.o
                0x2400cf60                setupWeights()
 .text._ZN10bkshepherd9AmpModuleC2Ev
                0x2400fda8       0x6c build/amp_module.o
                0x2400fda8                bkshepherd::AmpModule::AmpModule()
                0x2400fda8                bkshepherd::AmpModule::AmpModule()
 .text._ZN10bkshepherd9AmpModule11SelectModelEv
                0x2400fe14      0x134 build/amp_module.o
                0x2400fe14                bkshepherd::AmpModule::SelectModel()
 .text._ZN10bkshepherd9AmpModule8SelectIREv
                0x2400ff48       0xb0 build/amp_module.o
                0x2400ff48                bkshepherd::AmpModule::SelectIR()
 .text._ZN10bkshepherd9AmpModule16ParameterChangedEi
                0x2400fff8       0xe8 build/amp_module.o
                0x2400fff8                bkshepherd::AmpModule::ParameterChanged(int)
 .text._ZNSt6vectorIfSaIfEEC2ERKS1_
                0x240100e0       0x58 build/amp_module.o
                0x240100e0                std::vector<float, std::allocator<float> >::vector(std::vector<float, std::allocator<float> > const&)
                0x240100e0                std::vector<float, std::allocator<float> >::vector(std::vector<float, std::allocator<float> > const&)
 .text._ZN8RTNeural9GRULayerTIfLi1ELi9ELNS_24SampleRateCorrectionModeE0ENS_20DefaultMathsProviderEE7forwardERKN5Eigen6MatrixIfLi1ELi1ELi0ELi1ELi1EEE
                0x24010138      0x6b4 build/amp_module.o
                0x24010138                RTNeural::GRULayerT<float, 1, 9, (RTNeural::SampleRateCorrectionMode)0, RTNeural::DefaultMathsProvider>::forward(Eigen::Matrix<float, 1, 1, 0, 1, 1> const&)
 .text._ZN8RTNeural9GRULayerTIfLi1ELi9ELNS_24SampleRateCorrectionModeE0ENS_20DefaultMathsProviderEEC2Ev
                0x240107ec       0xd0 build/amp_module.o
                0x240107ec                RTNeural::GRULayerT<float, 1, 9, (RTNeural::SampleRateCorrectionMode)0, RTNeural::DefaultMathsProvider>::GRULayerT()
                0x240107ec                RTNeural::GRULayerT<float, 1, 9, (RTNeural::SampleRateCorrectionMode)0, RTNeural::DefaultMathsProvider>::GRULayerT()
 *fill*         0x240108bc        0x4 
 .text.startup._Z41__static_initialization_and_destruction_0ii.constprop.0
                0x240108c0      0x4ec build/amp_module.o
 .text.startup._GLOBAL__sub_I_Model1
                0x24010dac        0x4 build/amp_module.o
 .text._ZN10bkshepherd9AmpModule4InitEf
                0x24010db0      0x1ac build/amp_module.o
                0x24010db0                bkshepherd::AmpModule::Init(float)
 *fill*         0x24010f5c        0x4 
 .text._ZN10bkshepherd9AmpModule11ProcessMonoEf
                0x24010f60      0x1dc build/amp_module.o
                0x24010f60                bkshepherd::AmpModule::ProcessMono(float)
 .text._ZNK10bkshepherd9AmpModule19GetBrightnessForLEDEi
                0x2401113c       0x1c build/amp_module.o
                0x2401113c                bkshepherd::AmpModule::GetBrightnessForLED(int) const
 .text._ZN15ImpulseResponseC2Ev
                0x24011158       0x20 build/ImpulseResponse.o
                0x24011158                ImpulseResponse::ImpulseResponse()
                0x24011158                ImpulseResponse::ImpulseResponse()
 .text._ZN15ImpulseResponseD2Ev
                0x24011178       0x28 build/ImpulseResponse.o
                0x24011178                ImpulseResponse::~ImpulseResponse()
                0x24011178                ImpulseResponse::~ImpulseResponse()
 .text._ZN15ImpulseResponse7ProcessEf
                0x240111a0       0xa8 build/ImpulseResponse.o
                0x240111a0                ImpulseResponse::Process(float)
 .text._ZNSt6vectorIfSaIfEE17_M_default_appendEj
                0x24011248       0xd8 build/ImpulseResponse.o
                0x24011248                std::vector<float, std::allocator<float> >::_M_default_append(unsigned int)
 .text._ZN15ImpulseResponse11_SetWeightsEv
                0x24011320       0xf0 build/ImpulseResponse.o
                0x24011320                ImpulseResponse::_SetWeights()
 .text._ZN15ImpulseResponse4InitESt6vectorIfSaIfEE
                0x24011410       0xc8 build/ImpulseResponse.o
                0x24011410                ImpulseResponse::Init(std::vector<float, std::allocator<float> >)
 .text._ZN7HistoryC2Ev
                0x240114d8       0x10 build/dsp.o
                0x240114d8                History::History()
                0x240114d8                History::History()
 .text._ZN7HistoryD2Ev
                0x240114e8       0x14 build/dsp.o
                0x240114e8                History::~History()
                0x240114e8                History::~History()
 .text._ZN7History20_AdvanceHistoryIndexEj
                0x240114fc        0x8 build/dsp.o
                0x240114fc                History::_AdvanceHistoryIndex(unsigned int)
 .text._ZN7History14_UpdateHistoryEf
                0x24011504       0x40 build/dsp.o
                0x24011504                History::_UpdateHistory(float)
 .text._ZN5daisy9DaisySeed9ConfigureEv
                0x24011544        0x4 ../VCOM-G1/GuitarPedal/libDaisy/build\libdaisy.a(daisy_seed.o)
                0x24011544                daisy::DaisySeed::Configure()
 .text._ZN5daisy9DaisySeed7DelayMsEj
                0x24011548        0x8 ../VCOM-G1/GuitarPedal/libDaisy/build\libdaisy.a(daisy_seed.o)
                0x24011548                daisy::DaisySeed::DelayMs(unsigned int)
 .text._ZN5daisy9DaisySeed10StartAudioEPFvPKPKfPPfjE
                0x24011550        0x8 ../VCOM-G1/GuitarPedal/libDaisy/build\libdaisy.a(daisy_seed.o)
                0x24011550                daisy::DaisySeed::StartAudio(void (*)(float const* const*, float**, unsigned int))
 .text._ZN5daisy9DaisySeed15AudioSampleRateEv
                0x24011558        0x8 ../VCOM-G1/GuitarPedal/libDaisy/build\libdaisy.a(daisy_seed.o)
                0x24011558                daisy::DaisySeed::AudioSampleRate()
 .text._ZN5daisy9DaisySeed17SetAudioBlockSizeEj
                0x24011560       0x38 ../VCOM-G1/GuitarPedal/libDaisy/build\libdaisy.a(daisy_seed.o)
                0x24011560                daisy::DaisySeed::SetAudioBlockSize(unsigned int)
 .text._ZNK5daisy9DaisySeed17AudioCallbackRateEv
                0x24011598        0x8 ../VCOM-G1/GuitarPedal/libDaisy/build\libdaisy.a(daisy_seed.o)
                0x24011598                daisy::DaisySeed::AudioCallbackRate() const
 .text._ZN5daisy9DaisySeed17CheckBoardVersionEv
                0x240115a0       0x6c ../VCOM-G1/GuitarPedal/libDaisy/build\libdaisy.a(daisy_seed.o)
                0x240115a0                daisy::DaisySeed::CheckBoardVersion()
 .text._ZN5daisy9DaisySeed14ConfigureAudioEv
                0x2401160c      0x110 ../VCOM-G1/GuitarPedal/libDaisy/build\libdaisy.a(daisy_seed.o)
                0x2401160c                daisy::DaisySeed::ConfigureAudio()
 .text._ZN5daisy9DaisySeed4InitEb
                0x2401171c      0x104 ../VCOM-G1/GuitarPedal/libDaisy/build\libdaisy.a(daisy_seed.o)
                0x2401171c                daisy::DaisySeed::Init(bool)
 .text._ZN5daisy6Ak45564InitENS_3PinE
                0x24011820       0x44 ../VCOM-G1/GuitarPedal/libDaisy/build\libdaisy.a(codec_ak4556.o)
                0x24011820                daisy::Ak4556::Init(daisy::Pin)
 .text._ZN5daisy6Wm873120WriteControlRegisterEht
                0x24011864       0x3c ../VCOM-G1/GuitarPedal/libDaisy/build\libdaisy.a(codec_wm8731.o)
                0x24011864                daisy::Wm8731::WriteControlRegister(unsigned char, unsigned short)
 .text._ZN5daisy6Wm87314InitERKNS0_6ConfigENS_9I2CHandleE
                0x240118a0      0x1bc ../VCOM-G1/GuitarPedal/libDaisy/build\libdaisy.a(codec_wm8731.o)
                0x240118a0                daisy::Wm8731::Init(daisy::Wm8731::Config const&, daisy::I2CHandle)
 .text._ZN11SdramHandle10DeviceInitEv
                0x24011a5c       0x98 ../VCOM-G1/GuitarPedal/libDaisy/build\libdaisy.a(sdram.o)
                0x24011a5c                SdramHandle::DeviceInit()
 .text._ZN11SdramHandle4InitEv
                0x24011af4       0x7c ../VCOM-G1/GuitarPedal/libDaisy/build\libdaisy.a(sdram.o)
                0x24011af4                SdramHandle::Init()
 .text.HAL_SDRAM_MspInit
                0x24011b70      0x1a8 ../VCOM-G1/GuitarPedal/libDaisy/build\libdaisy.a(sdram.o)
                0x24011b70                HAL_SDRAM_MspInit
 .text._ZN5daisy11AudioHandle4Impl16InternalCallbackEPlS2_j
                0x24011d18      0xbbc ../VCOM-G1/GuitarPedal/libDaisy/build\libdaisy.a(audio.o)
                0x24011d18                daisy::AudioHandle::Impl::InternalCallback(long*, long*, unsigned int)
 .text._ZN5daisy11AudioHandle4InitERKNS0_6ConfigENS_9SaiHandleE
                0x240128d4       0x70 ../VCOM-G1/GuitarPedal/libDaisy/build\libdaisy.a(audio.o)
                0x240128d4                daisy::AudioHandle::Init(daisy::AudioHandle::Config const&, daisy::SaiHandle)
 .text._ZNK5daisy11AudioHandle9GetConfigEv
                0x24012944        0x8 ../VCOM-G1/GuitarPedal/libDaisy/build\libdaisy.a(audio.o)
                0x24012944                daisy::AudioHandle::GetConfig() const
 .text._ZN5daisy11AudioHandle12SetBlockSizeEj
                0x2401294c       0x1c ../VCOM-G1/GuitarPedal/libDaisy/build\libdaisy.a(audio.o)
                0x2401294c                daisy::AudioHandle::SetBlockSize(unsigned int)
 .text._ZN5daisy11AudioHandle13GetSampleRateEv
                0x24012968        0x8 ../VCOM-G1/GuitarPedal/libDaisy/build\libdaisy.a(audio.o)
                0x24012968                daisy::AudioHandle::GetSampleRate()
 .text._ZN5daisy11AudioHandle5StartEPFvPKPKfPPfjE
                0x24012970       0x44 ../VCOM-G1/GuitarPedal/libDaisy/build\libdaisy.a(audio.o)
                0x24012970                daisy::AudioHandle::Start(void (*)(float const* const*, float**, unsigned int))
 .text.startup._GLOBAL__sub_I__ZN5daisy11AudioHandle4Impl4InitENS0_6ConfigENS_9SaiHandleE
                0x240129b4       0x24 ../VCOM-G1/GuitarPedal/libDaisy/build\libdaisy.a(audio.o)
 .text._ZN5daisy13AnalogControl4InitEPtfbbf
                0x240129d8       0x64 ../VCOM-G1/GuitarPedal/libDaisy/build\libdaisy.a(ctrl.o)
                0x240129d8                daisy::AnalogControl::Init(unsigned short*, float, bool, bool, float)
 .text._ZN5daisy13AnalogControl7ProcessEv
                0x24012a3c       0x48 ../VCOM-G1/GuitarPedal/libDaisy/build\libdaisy.a(ctrl.o)
                0x24012a3c                daisy::AnalogControl::Process()
 .text._ZN5daisy13AnalogControl13SetSampleRateEf
                0x24012a84       0x58 ../VCOM-G1/GuitarPedal/libDaisy/build\libdaisy.a(ctrl.o)
                0x24012a84                daisy::AnalogControl::SetSampleRate(float)
 .text._ZN5daisy7Encoder4InitENS_3PinES1_S1_f
                0x24012adc       0x5c ../VCOM-G1/GuitarPedal/libDaisy/build\libdaisy.a(encoder.o)
                0x24012adc                daisy::Encoder::Init(daisy::Pin, daisy::Pin, daisy::Pin, float)
 .text._ZN5daisy7Encoder8DebounceEv
                0x24012b38       0x7c ../VCOM-G1/GuitarPedal/libDaisy/build\libdaisy.a(encoder.o)
                0x24012b38                daisy::Encoder::Debounce()
 .text._ZN5daisy3Led4InitENS_3PinEbf
                0x24012bb4       0x44 ../VCOM-G1/GuitarPedal/libDaisy/build\libdaisy.a(led.o)
                0x24012bb4                daisy::Led::Init(daisy::Pin, bool, float)
 .text._ZN5daisy3Led3SetEf
                0x24012bf8       0x24 ../VCOM-G1/GuitarPedal/libDaisy/build\libdaisy.a(led.o)
                0x24012bf8                daisy::Led::Set(float)
 .text._ZN5daisy3Led6UpdateEv
                0x24012c1c       0x48 ../VCOM-G1/GuitarPedal/libDaisy/build\libdaisy.a(led.o)
                0x24012c1c                daisy::Led::Update()
 .text._ZN5daisy17MidiUartTransport6ConfigC2Ev
                0x24012c64       0x24 ../VCOM-G1/GuitarPedal/libDaisy/build\libdaisy.a(midi.o)
                0x24012c64                daisy::MidiUartTransport::Config::Config()
                0x24012c64                daisy::MidiUartTransport::Config::Config()
 .text._ZN5daisy10MidiParser5ResetEv
                0x24012c88        0xc ../VCOM-G1/GuitarPedal/libDaisy/build\libdaisy.a(midi_parser.o)
                0x24012c88                daisy::MidiParser::Reset()
 .text._ZN5daisy6Switch4InitENS_3PinEf
                0x24012c94       0x30 ../VCOM-G1/GuitarPedal/libDaisy/build\libdaisy.a(switch.o)
                0x24012c94                daisy::Switch::Init(daisy::Pin, float)
 .text._ZN5daisy6Switch8DebounceEv
                0x24012cc4       0x54 ../VCOM-G1/GuitarPedal/libDaisy/build\libdaisy.a(switch.o)
                0x24012cc4                daisy::Switch::Debounce()
 .text._ZN5daisy16AdcChannelConfig10InitSingleENS_3PinENS0_15ConversionSpeedE
                0x24012d18       0x20 ../VCOM-G1/GuitarPedal/libDaisy/build\libdaisy.a(adc.o)
                0x24012d18                daisy::AdcChannelConfig::InitSingle(daisy::Pin, daisy::AdcChannelConfig::ConversionSpeed)
 .text._ZN5daisy9AdcHandle4InitEPNS_16AdcChannelConfigEjNS0_12OverSamplingE
                0x24012d38      0x410 ../VCOM-G1/GuitarPedal/libDaisy/build\libdaisy.a(adc.o)
                0x24012d38                daisy::AdcHandle::Init(daisy::AdcChannelConfig*, unsigned int, daisy::AdcHandle::OverSampling)
 .text._ZN5daisy9AdcHandle5StartEv
                0x24013148       0x2c ../VCOM-G1/GuitarPedal/libDaisy/build\libdaisy.a(adc.o)
                0x24013148                daisy::AdcHandle::Start()
 .text._ZNK5daisy9AdcHandle6GetPtrEh
                0x24013174       0x14 ../VCOM-G1/GuitarPedal/libDaisy/build\libdaisy.a(adc.o)
                0x24013174                daisy::AdcHandle::GetPtr(unsigned char) const
 .text.HAL_ADC_MspInit
                0x24013188       0xa4 ../VCOM-G1/GuitarPedal/libDaisy/build\libdaisy.a(adc.o)
                0x24013188                HAL_ADC_MspInit
 .text.DMA1_Stream2_IRQHandler
                0x2401322c        0xc ../VCOM-G1/GuitarPedal/libDaisy/build\libdaisy.a(adc.o)
                0x2401322c                DMA1_Stream2_IRQHandler
 .text.HAL_ADC_ConvCpltCallback
                0x24013238      0x15c ../VCOM-G1/GuitarPedal/libDaisy/build\libdaisy.a(adc.o)
                0x24013238                HAL_ADC_ConvCpltCallback
 .text.HAL_ADC_ErrorCallback
                0x24013394        0x4 ../VCOM-G1/GuitarPedal/libDaisy/build\libdaisy.a(adc.o)
                0x24013394                HAL_ADC_ErrorCallback
 .text.startup._GLOBAL__sub_I__ZN5daisy16AdcChannelConfig10InitSingleENS_3PinENS0_15ConversionSpeedE
                0x24013398       0x38 ../VCOM-G1/GuitarPedal/libDaisy/build\libdaisy.a(adc.o)
 .text._ZN5daisy4GPIO4InitERKNS0_6ConfigE
                0x240133d0      0x1cc ../VCOM-G1/GuitarPedal/libDaisy/build\libdaisy.a(gpio.o)
                0x240133d0                daisy::GPIO::Init(daisy::GPIO::Config const&)
 .text._ZN5daisy4GPIO4InitEv
                0x2401359c      0x1bc ../VCOM-G1/GuitarPedal/libDaisy/build\libdaisy.a(gpio.o)
                0x2401359c                daisy::GPIO::Init()
 .text._ZN5daisy4GPIO4InitENS_3PinENS0_4ModeENS0_4PullENS0_5SpeedE
                0x24013758      0x1cc ../VCOM-G1/GuitarPedal/libDaisy/build\libdaisy.a(gpio.o)
                0x24013758                daisy::GPIO::Init(daisy::Pin, daisy::GPIO::Mode, daisy::GPIO::Pull, daisy::GPIO::Speed)
 .text._ZN5daisy4GPIO4ReadEv
                0x24013924       0x18 ../VCOM-G1/GuitarPedal/libDaisy/build\libdaisy.a(gpio.o)
                0x24013924                daisy::GPIO::Read()
 .text._ZN5daisy4GPIO5WriteEb
                0x2401393c       0x14 ../VCOM-G1/GuitarPedal/libDaisy/build\libdaisy.a(gpio.o)
                0x2401393c                daisy::GPIO::Write(bool)
 .text._ZN5daisy9I2CHandle4Impl8InitPinsEv
                0x24013950       0x70 ../VCOM-G1/GuitarPedal/libDaisy/build\libdaisy.a(i2c.o)
                0x24013950                daisy::I2CHandle::Impl::InitPins()
 .text.HAL_I2C_MspInit
                0x240139c0      0x1b4 ../VCOM-G1/GuitarPedal/libDaisy/build\libdaisy.a(i2c.o)
                0x240139c0                HAL_I2C_MspInit
 .text.dsy_i2c_global_init
                0x24013b74       0x78 ../VCOM-G1/GuitarPedal/libDaisy/build\libdaisy.a(i2c.o)
                0x24013b74                dsy_i2c_global_init
 .text.DMA1_Stream6_IRQHandler
                0x24013bec       0x34 ../VCOM-G1/GuitarPedal/libDaisy/build\libdaisy.a(i2c.o)
                0x24013bec                DMA1_Stream6_IRQHandler
 .text.I2C1_EV_IRQHandler
                0x24013c20        0xc ../VCOM-G1/GuitarPedal/libDaisy/build\libdaisy.a(i2c.o)
                0x24013c20                I2C1_EV_IRQHandler
 .text.I2C2_EV_IRQHandler
                0x24013c2c        0xc ../VCOM-G1/GuitarPedal/libDaisy/build\libdaisy.a(i2c.o)
                0x24013c2c                I2C2_EV_IRQHandler
 .text.I2C3_EV_IRQHandler
                0x24013c38        0xc ../VCOM-G1/GuitarPedal/libDaisy/build\libdaisy.a(i2c.o)
                0x24013c38                I2C3_EV_IRQHandler
 .text._ZN5daisy9I2CHandle4InitERKNS0_6ConfigE
                0x24013c44      0x130 ../VCOM-G1/GuitarPedal/libDaisy/build\libdaisy.a(i2c.o)
                0x24013c44                daisy::I2CHandle::Init(daisy::I2CHandle::Config const&)
 .text._ZN5daisy9I2CHandle16TransmitBlockingEtPhtm
                0x24013d74       0x50 ../VCOM-G1/GuitarPedal/libDaisy/build\libdaisy.a(i2c.o)
                0x24013d74                daisy::I2CHandle::TransmitBlocking(unsigned short, unsigned char*, unsigned short, unsigned long)
 .text.startup._GLOBAL__sub_I__ZN5daisy9I2CHandle4Impl10GlobalInitEv
                0x24013dc4       0x2c ../VCOM-G1/GuitarPedal/libDaisy/build\libdaisy.a(i2c.o)
 .text._ZN5daisy10QSPIHandle4Impl11WriteEnableEv
                0x24013df0       0x8c ../VCOM-G1/GuitarPedal/libDaisy/build\libdaisy.a(qspi.o)
                0x24013df0                daisy::QSPIHandle::Impl::WriteEnable()
 *fill*         0x24013e7c        0x4 
 .text._ZN5daisy10QSPIHandle4Impl17DummyCyclesConfigENS0_6Config6DeviceE
                0x24013e80      0x118 ../VCOM-G1/GuitarPedal/libDaisy/build\libdaisy.a(qspi.o)
                0x24013e80                daisy::QSPIHandle::Impl::DummyCyclesConfig(daisy::QSPIHandle::Config::Device)
 .text._ZN5daisy10QSPIHandle4Impl10QuadEnableEv
                0x24013f98      0x168 ../VCOM-G1/GuitarPedal/libDaisy/build\libdaisy.a(qspi.o)
                0x24013f98                daisy::QSPIHandle::Impl::QuadEnable()
 .text._ZN5daisy10QSPIHandle4Impl21DefaultStatusRegisterEv
                0x24014100      0x158 ../VCOM-G1/GuitarPedal/libDaisy/build\libdaisy.a(qspi.o)
                0x24014100                daisy::QSPIHandle::Impl::DefaultStatusRegister()
 .text._ZN5daisy10QSPIHandle4Impl7PreInitEm
                0x24014258      0x198 ../VCOM-G1/GuitarPedal/libDaisy/build\libdaisy.a(qspi.o)
                0x24014258                daisy::QSPIHandle::Impl::PreInit(unsigned long)
 .text._ZN5daisy10QSPIHandle4Impl4InitERKNS0_6ConfigE
                0x240143f0      0x1b4 ../VCOM-G1/GuitarPedal/libDaisy/build\libdaisy.a(qspi.o)
                0x240143f0                daisy::QSPIHandle::Impl::Init(daisy::QSPIHandle::Config const&)
 *fill*         0x240145a4        0x4 
 .text._ZN5daisy10QSPIHandle4Impl7SetModeENS0_6Config4ModeE.part.0
                0x240145a8      0x1a4 ../VCOM-G1/GuitarPedal/libDaisy/build\libdaisy.a(qspi.o)
 .text._ZN5daisy10QSPIHandle4Impl9WritePageEmmPhb
                0x2401474c      0x194 ../VCOM-G1/GuitarPedal/libDaisy/build\libdaisy.a(qspi.o)
                0x2401474c                daisy::QSPIHandle::Impl::WritePage(unsigned long, unsigned long, unsigned char*, bool)
 .text._ZN5daisy10QSPIHandle4Impl13EraseBlock64KEm
                0x240148e0      0x124 ../VCOM-G1/GuitarPedal/libDaisy/build\libdaisy.a(qspi.o)
                0x240148e0                daisy::QSPIHandle::Impl::EraseBlock64K(unsigned long)
 *fill*         0x24014a04        0x4 
 .text._ZN5daisy10QSPIHandle4Impl5EraseEmm
                0x24014a08      0x21c ../VCOM-G1/GuitarPedal/libDaisy/build\libdaisy.a(qspi.o)
                0x24014a08                daisy::QSPIHandle::Impl::Erase(unsigned long, unsigned long)
 *fill*         0x24014c24        0x4 
 .text._ZN5daisy10QSPIHandle4Impl5WriteEmmPh
                0x24014c28      0x320 ../VCOM-G1/GuitarPedal/libDaisy/build\libdaisy.a(qspi.o)
                0x24014c28                daisy::QSPIHandle::Impl::Write(unsigned long, unsigned long, unsigned char*)
 .text._ZN5daisy10QSPIHandle4InitERKNS0_6ConfigE
                0x24014f48      0x1b4 ../VCOM-G1/GuitarPedal/libDaisy/build\libdaisy.a(qspi.o)
                0x24014f48                daisy::QSPIHandle::Init(daisy::QSPIHandle::Config const&)
 .text._ZN5daisy10QSPIHandle5WriteEmmPh
                0x240150fc        0x8 ../VCOM-G1/GuitarPedal/libDaisy/build\libdaisy.a(qspi.o)
                0x240150fc                daisy::QSPIHandle::Write(unsigned long, unsigned long, unsigned char*)
 .text._ZN5daisy10QSPIHandle5EraseEmm
                0x24015104        0x8 ../VCOM-G1/GuitarPedal/libDaisy/build\libdaisy.a(qspi.o)
                0x24015104                daisy::QSPIHandle::Erase(unsigned long, unsigned long)
 .text._ZN5daisy10QSPIHandle7GetDataEm
                0x2401510c        0xc ../VCOM-G1/GuitarPedal/libDaisy/build\libdaisy.a(qspi.o)
                0x2401510c                daisy::QSPIHandle::GetData(unsigned long)
 .text.HAL_QSPI_MspInit
                0x24015118      0x194 ../VCOM-G1/GuitarPedal/libDaisy/build\libdaisy.a(qspi.o)
                0x24015118                HAL_QSPI_MspInit
 .text.HAL_QSPI_MspDeInit
                0x240152ac       0x7c ../VCOM-G1/GuitarPedal/libDaisy/build\libdaisy.a(qspi.o)
                0x240152ac                HAL_QSPI_MspDeInit
 .text.QUADSPI_IRQHandler
                0x24015328        0xc ../VCOM-G1/GuitarPedal/libDaisy/build\libdaisy.a(qspi.o)
                0x24015328                QUADSPI_IRQHandler
 .text.startup._GLOBAL__sub_I__ZN5daisy10QSPIHandle4Impl7PreInitEm
                0x24015334       0x40 ../VCOM-G1/GuitarPedal/libDaisy/build\libdaisy.a(qspi.o)
 .text._ZN5daisy9SaiHandle4Impl7InitDmaENS1_15PeripheralBlockE
                0x24015374       0xa0 ../VCOM-G1/GuitarPedal/libDaisy/build\libdaisy.a(sai.o)
                0x24015374                daisy::SaiHandle::Impl::InitDma(daisy::SaiHandle::Impl::PeripheralBlock)
 .text._ZN5daisy9SaiHandle4Impl8InitPinsEv
                0x24015414       0xbc ../VCOM-G1/GuitarPedal/libDaisy/build\libdaisy.a(sai.o)
                0x24015414                daisy::SaiHandle::Impl::InitPins()
 .text.HAL_SAI_MspInit
                0x240154d0      0x164 ../VCOM-G1/GuitarPedal/libDaisy/build\libdaisy.a(sai.o)
                0x240154d0                HAL_SAI_MspInit
 .text.DMA1_Stream0_IRQHandler
                0x24015634        0xc ../VCOM-G1/GuitarPedal/libDaisy/build\libdaisy.a(sai.o)
                0x24015634                DMA1_Stream0_IRQHandler
 .text.DMA1_Stream1_IRQHandler
                0x24015640        0xc ../VCOM-G1/GuitarPedal/libDaisy/build\libdaisy.a(sai.o)
                0x24015640                DMA1_Stream1_IRQHandler
 .text.DMA1_Stream3_IRQHandler
                0x2401564c        0xc ../VCOM-G1/GuitarPedal/libDaisy/build\libdaisy.a(sai.o)
                0x2401564c                DMA1_Stream3_IRQHandler
 .text.DMA1_Stream4_IRQHandler
                0x24015658        0xc ../VCOM-G1/GuitarPedal/libDaisy/build\libdaisy.a(sai.o)
                0x24015658                DMA1_Stream4_IRQHandler
 .text.HAL_SAI_RxHalfCpltCallback
                0x24015664       0x78 ../VCOM-G1/GuitarPedal/libDaisy/build\libdaisy.a(sai.o)
                0x24015664                HAL_SAI_RxHalfCpltCallback
 .text.HAL_SAI_RxCpltCallback
                0x240156dc       0x70 ../VCOM-G1/GuitarPedal/libDaisy/build\libdaisy.a(sai.o)
                0x240156dc                HAL_SAI_RxCpltCallback
 *fill*         0x2401574c        0x4 
 .text._ZN5daisy9SaiHandle4InitERKNS0_6ConfigE
                0x24015750      0x1f0 ../VCOM-G1/GuitarPedal/libDaisy/build\libdaisy.a(sai.o)
                0x24015750                daisy::SaiHandle::Init(daisy::SaiHandle::Config const&)
 .text._ZNK5daisy9SaiHandle9GetConfigEv
                0x24015940        0x4 ../VCOM-G1/GuitarPedal/libDaisy/build\libdaisy.a(sai.o)
                0x24015940                daisy::SaiHandle::GetConfig() const
 .text._ZN5daisy9SaiHandle8StartDmaEPlS1_jPFvS1_S1_jE
                0x24015944       0xbc ../VCOM-G1/GuitarPedal/libDaisy/build\libdaisy.a(sai.o)
                0x24015944                daisy::SaiHandle::StartDma(long*, long*, unsigned int, void (*)(long*, long*, unsigned int))
 .text._ZN5daisy9SaiHandle13GetSampleRateEv
                0x24015a00       0x24 ../VCOM-G1/GuitarPedal/libDaisy/build\libdaisy.a(sai.o)
                0x24015a00                daisy::SaiHandle::GetSampleRate()
 .text._ZNK5daisy9SaiHandle9GetOffsetEv
                0x24015a24        0x8 ../VCOM-G1/GuitarPedal/libDaisy/build\libdaisy.a(sai.o)
                0x24015a24                daisy::SaiHandle::GetOffset() const
 .text.startup._GLOBAL__sub_I__ZN5daisy9SaiHandle4Impl4InitERKNS0_6ConfigE
                0x24015a2c       0x20 ../VCOM-G1/GuitarPedal/libDaisy/build\libdaisy.a(sai.o)
 .text._ZN5daisy9SpiHandle4Impl7InitDmaEv
                0x24015a4c       0xec ../VCOM-G1/GuitarPedal/libDaisy/build\libdaisy.a(spi.o)
                0x24015a4c                daisy::SpiHandle::Impl::InitDma()
 .text._ZN5daisy9SpiHandle4Impl10StartDmaTxEPhjPFvPvEPFvS3_NS0_6ResultEES3_
                0x24015b38       0xc8 ../VCOM-G1/GuitarPedal/libDaisy/build\libdaisy.a(spi.o)
                0x24015b38                daisy::SpiHandle::Impl::StartDmaTx(unsigned char*, unsigned int, void (*)(void*), void (*)(void*, daisy::SpiHandle::Result), void*)
 .text._ZN5daisy9SpiHandle4Impl10StartDmaRxEPhjPFvPvEPFvS3_NS0_6ResultEES3_
                0x24015c00       0xc8 ../VCOM-G1/GuitarPedal/libDaisy/build\libdaisy.a(spi.o)
                0x24015c00                daisy::SpiHandle::Impl::StartDmaRx(unsigned char*, unsigned int, void (*)(void*), void (*)(void*, daisy::SpiHandle::Result), void*)
 .text._ZN5daisy9SpiHandle4Impl12StartDmaRxTxEPhS2_jPFvPvEPFvS3_NS0_6ResultEES3_
                0x24015cc8       0xcc ../VCOM-G1/GuitarPedal/libDaisy/build\libdaisy.a(spi.o)
                0x24015cc8                daisy::SpiHandle::Impl::StartDmaRxTx(unsigned char*, unsigned char*, unsigned int, void (*)(void*), void (*)(void*, daisy::SpiHandle::Result), void*)
 .text._ZN5daisy9SpiHandle4Impl8InitPinsEv
                0x24015d94      0x25c ../VCOM-G1/GuitarPedal/libDaisy/build\libdaisy.a(spi.o)
                0x24015d94                daisy::SpiHandle::Impl::InitPins()
 .text.HAL_SPI_MspInit
                0x24015ff0      0x6e8 ../VCOM-G1/GuitarPedal/libDaisy/build\libdaisy.a(spi.o)
                0x24015ff0                HAL_SPI_MspInit
 .text.dsy_spi_global_init
                0x240166d8       0x80 ../VCOM-G1/GuitarPedal/libDaisy/build\libdaisy.a(spi.o)
                0x240166d8                dsy_spi_global_init
 .text.SPI1_IRQHandler
                0x24016758        0xc ../VCOM-G1/GuitarPedal/libDaisy/build\libdaisy.a(spi.o)
                0x24016758                SPI1_IRQHandler
 .text.SPI2_IRQHandler
                0x24016764        0xc ../VCOM-G1/GuitarPedal/libDaisy/build\libdaisy.a(spi.o)
                0x24016764                SPI2_IRQHandler
 .text.SPI3_IRQHandler
                0x24016770        0xc ../VCOM-G1/GuitarPedal/libDaisy/build\libdaisy.a(spi.o)
                0x24016770                SPI3_IRQHandler
 .text.SPI4_IRQHandler
                0x2401677c        0xc ../VCOM-G1/GuitarPedal/libDaisy/build\libdaisy.a(spi.o)
                0x2401677c                SPI4_IRQHandler
 .text.SPI5_IRQHandler
                0x24016788        0xc ../VCOM-G1/GuitarPedal/libDaisy/build\libdaisy.a(spi.o)
                0x24016788                SPI5_IRQHandler
 .text.DMA2_Stream2_IRQHandler
                0x24016794       0x34 ../VCOM-G1/GuitarPedal/libDaisy/build\libdaisy.a(spi.o)
                0x24016794                DMA2_Stream2_IRQHandler
 .text.DMA2_Stream3_IRQHandler
                0x240167c8       0x38 ../VCOM-G1/GuitarPedal/libDaisy/build\libdaisy.a(spi.o)
                0x240167c8                DMA2_Stream3_IRQHandler
 .text.HAL_SPI_TxCpltCallback
                0x24016800       0xc4 ../VCOM-G1/GuitarPedal/libDaisy/build\libdaisy.a(spi.o)
                0x24016800                HAL_SPI_TxCpltCallback
 .text.HAL_SPI_RxCpltCallback
                0x240168c4       0xc4 ../VCOM-G1/GuitarPedal/libDaisy/build\libdaisy.a(spi.o)
                0x240168c4                HAL_SPI_RxCpltCallback
 .text.HAL_SPI_TxRxCpltCallback
                0x24016988       0xc4 ../VCOM-G1/GuitarPedal/libDaisy/build\libdaisy.a(spi.o)
                0x24016988                HAL_SPI_TxRxCpltCallback
 .text.HAL_SPI_ErrorCallback
                0x24016a4c       0xc8 ../VCOM-G1/GuitarPedal/libDaisy/build\libdaisy.a(spi.o)
                0x24016a4c                HAL_SPI_ErrorCallback
 .text._ZN5daisy9SpiHandle4InitERKNS0_6ConfigE
                0x24016b14      0x110 ../VCOM-G1/GuitarPedal/libDaisy/build\libdaisy.a(spi.o)
                0x24016b14                daisy::SpiHandle::Init(daisy::SpiHandle::Config const&)
 .text._ZN5daisy9SpiHandle16BlockingTransmitEPhjm
                0x24016c24       0x14 ../VCOM-G1/GuitarPedal/libDaisy/build\libdaisy.a(spi.o)
                0x24016c24                daisy::SpiHandle::BlockingTransmit(unsigned char*, unsigned int, unsigned long)
 .text.startup._GLOBAL__sub_I__Z19MapInstanceToHandleP11SPI_TypeDef
                0x24016c38      0x1d8 ../VCOM-G1/GuitarPedal/libDaisy/build\libdaisy.a(spi.o)
 .text._ZL20UART_CheckRxListenerPN5daisy11UartHandler4ImplE
                0x24016e10       0x84 ../VCOM-G1/GuitarPedal/libDaisy/build\libdaisy.a(uart.o)
 .text._ZN5daisy11UartHandler4Impl10StartDmaTxEPhjPFvPvEPFvS3_NS0_6ResultEES3_
                0x24016e94      0x184 ../VCOM-G1/GuitarPedal/libDaisy/build\libdaisy.a(uart.o)
                0x24016e94                daisy::UartHandler::Impl::StartDmaTx(unsigned char*, unsigned int, void (*)(void*), void (*)(void*, daisy::UartHandler::Result), void*)
 .text._ZN5daisy11UartHandler4Impl10StartDmaRxEPhjPFvPvEPFvS3_NS0_6ResultEES3_
                0x24017018      0x184 ../VCOM-G1/GuitarPedal/libDaisy/build\libdaisy.a(uart.o)
                0x24017018                daisy::UartHandler::Impl::StartDmaRx(unsigned char*, unsigned int, void (*)(void*), void (*)(void*, daisy::UartHandler::Result), void*)
 .text._ZN5daisy11UartHandler4Impl19DmaTransferFinishedEP20__UART_HandleTypeDefNS0_6ResultE
                0x2401719c       0xc0 ../VCOM-G1/GuitarPedal/libDaisy/build\libdaisy.a(uart.o)
                0x2401719c                daisy::UartHandler::Impl::DmaTransferFinished(__UART_HandleTypeDef*, daisy::UartHandler::Result)
 .text._ZN5daisy11UartHandler4Impl8InitPinsEv
                0x2401725c      0x148 ../VCOM-G1/GuitarPedal/libDaisy/build\libdaisy.a(uart.o)
                0x2401725c                daisy::UartHandler::Impl::InitPins()
 .text.HAL_UART_MspInit
                0x240173a4      0x4b4 ../VCOM-G1/GuitarPedal/libDaisy/build\libdaisy.a(uart.o)
                0x240173a4                HAL_UART_MspInit
 .text.dsy_uart_global_init
                0x24017858       0xfc ../VCOM-G1/GuitarPedal/libDaisy/build\libdaisy.a(uart.o)
                0x24017858                dsy_uart_global_init
 .text.USART1_IRQHandler
                0x24017954       0x2c ../VCOM-G1/GuitarPedal/libDaisy/build\libdaisy.a(uart.o)
                0x24017954                USART1_IRQHandler
 .text.USART2_IRQHandler
                0x24017980       0x34 ../VCOM-G1/GuitarPedal/libDaisy/build\libdaisy.a(uart.o)
                0x24017980                USART2_IRQHandler
 .text.USART3_IRQHandler
                0x240179b4       0x34 ../VCOM-G1/GuitarPedal/libDaisy/build\libdaisy.a(uart.o)
                0x240179b4                USART3_IRQHandler
 .text.UART4_IRQHandler
                0x240179e8       0x34 ../VCOM-G1/GuitarPedal/libDaisy/build\libdaisy.a(uart.o)
                0x240179e8                UART4_IRQHandler
 .text.UART5_IRQHandler
                0x24017a1c       0x34 ../VCOM-G1/GuitarPedal/libDaisy/build\libdaisy.a(uart.o)
                0x24017a1c                UART5_IRQHandler
 .text.USART6_IRQHandler
                0x24017a50       0x34 ../VCOM-G1/GuitarPedal/libDaisy/build\libdaisy.a(uart.o)
                0x24017a50                USART6_IRQHandler
 .text.UART7_IRQHandler
                0x24017a84       0x34 ../VCOM-G1/GuitarPedal/libDaisy/build\libdaisy.a(uart.o)
                0x24017a84                UART7_IRQHandler
 .text.UART8_IRQHandler
                0x24017ab8       0x34 ../VCOM-G1/GuitarPedal/libDaisy/build\libdaisy.a(uart.o)
                0x24017ab8                UART8_IRQHandler
 .text.LPUART1_IRQHandler
                0x24017aec       0x34 ../VCOM-G1/GuitarPedal/libDaisy/build\libdaisy.a(uart.o)
                0x24017aec                LPUART1_IRQHandler
 .text.DMA1_Stream5_IRQHandler
                0x24017b20       0x34 ../VCOM-G1/GuitarPedal/libDaisy/build\libdaisy.a(uart.o)
                0x24017b20                DMA1_Stream5_IRQHandler
 .text.DMA2_Stream4_IRQHandler
                0x24017b54       0x38 ../VCOM-G1/GuitarPedal/libDaisy/build\libdaisy.a(uart.o)
                0x24017b54                DMA2_Stream4_IRQHandler
 .text.HAL_UART_TxCpltCallback
                0x24017b8c        0x8 ../VCOM-G1/GuitarPedal/libDaisy/build\libdaisy.a(uart.o)
                0x24017b8c                HAL_UART_TxCpltCallback
 .text.HAL_UART_RxCpltCallback
                0x24017b94       0x94 ../VCOM-G1/GuitarPedal/libDaisy/build\libdaisy.a(uart.o)
                0x24017b94                HAL_UART_RxCpltCallback
 .text.HAL_UART_RxHalfCpltCallback
                0x24017c28       0x90 ../VCOM-G1/GuitarPedal/libDaisy/build\libdaisy.a(uart.o)
                0x24017c28                HAL_UART_RxHalfCpltCallback
 .text.HAL_UART_ErrorCallback
                0x24017cb8       0x94 ../VCOM-G1/GuitarPedal/libDaisy/build\libdaisy.a(uart.o)
                0x24017cb8                HAL_UART_ErrorCallback
 .text._ZN5daisy11UartHandler4InitERKNS0_6ConfigE
                0x24017d4c       0xd4 ../VCOM-G1/GuitarPedal/libDaisy/build\libdaisy.a(uart.o)
                0x24017d4c                daisy::UartHandler::Init(daisy::UartHandler::Config const&)
 .text.startup._GLOBAL__sub_I__Z19MapInstanceToHandleP13USART_TypeDef
                0x24017e20      0x1ac ../VCOM-G1/GuitarPedal/libDaisy/build\libdaisy.a(uart.o)
 .text.dsy_dma_init
                0x24017fcc      0x100 ../VCOM-G1/GuitarPedal/libDaisy/build\libdaisy.a(dma.o)
                0x24017fcc                dsy_dma_init
 .text.dsy_dma_invalidate_cache_for_buffer
                0x240180cc       0x2c ../VCOM-G1/GuitarPedal/libDaisy/build\libdaisy.a(dma.o)
                0x240180cc                dsy_dma_invalidate_cache_for_buffer
 .text._ZN5daisy11TimerHandleD2Ev
                0x240180f8        0x4 ../VCOM-G1/GuitarPedal/libDaisy/build\libdaisy.a(system.o)
                0x240180f8                daisy::TimerHandle::~TimerHandle()
                0x240180f8                daisy::TimerHandle::~TimerHandle()
 .text.SysTick_Handler
                0x240180fc       0x10 ../VCOM-G1/GuitarPedal/libDaisy/build\libdaisy.a(system.o)
                0x240180fc                SysTick_Handler
 .text.OTG_HS_EP1_OUT_IRQHandler
                0x2401810c       0x24 ../VCOM-G1/GuitarPedal/libDaisy/build\libdaisy.a(system.o)
                0x2401810c                OTG_HS_EP1_OUT_IRQHandler
 .text.OTG_HS_EP1_IN_IRQHandler
                0x24018130       0x24 ../VCOM-G1/GuitarPedal/libDaisy/build\libdaisy.a(system.o)
                0x24018130                OTG_HS_EP1_IN_IRQHandler
 .text.OTG_HS_IRQHandler
                0x24018154       0x24 ../VCOM-G1/GuitarPedal/libDaisy/build\libdaisy.a(system.o)
                0x24018154                OTG_HS_IRQHandler
 .text.HardFault_Handler
                0x24018178       0xe0 ../VCOM-G1/GuitarPedal/libDaisy/build\libdaisy.a(system.o)
                0x24018178                HardFault_Handler
 .text._ZN5daisy6System6GetNowEv
                0x24018258        0x4 ../VCOM-G1/GuitarPedal/libDaisy/build\libdaisy.a(system.o)
                0x24018258                daisy::System::GetNow()
 .text._ZN5daisy6System5GetUsEv
                0x2401825c        0xc ../VCOM-G1/GuitarPedal/libDaisy/build\libdaisy.a(system.o)
                0x2401825c                daisy::System::GetUs()
 .text._ZN5daisy6System5DelayEm
                0x24018268        0x4 ../VCOM-G1/GuitarPedal/libDaisy/build\libdaisy.a(system.o)
                0x24018268                daisy::System::Delay(unsigned long)
 .text._ZN5daisy6System20GetBootloaderVersionEv
                0x2401826c       0x34 ../VCOM-G1/GuitarPedal/libDaisy/build\libdaisy.a(system.o)
                0x2401826c                daisy::System::GetBootloaderVersion()
 .text._ZN5daisy6System15ConfigureClocksEv
                0x240182a0      0x1a4 ../VCOM-G1/GuitarPedal/libDaisy/build\libdaisy.a(system.o)
                0x240182a0                daisy::System::ConfigureClocks()
 .text._ZN5daisy6System12ConfigureMpuEv
                0x24018444       0x7c ../VCOM-G1/GuitarPedal/libDaisy/build\libdaisy.a(system.o)
                0x24018444                daisy::System::ConfigureMpu()
 .text._ZN5daisy6System4InitERKNS0_6ConfigE
                0x240184c0       0xf8 ../VCOM-G1/GuitarPedal/libDaisy/build\libdaisy.a(system.o)
                0x240184c0                daisy::System::Init(daisy::System::Config const&)
 .text._ZN5daisy6System12GetPClk1FreqEv
                0x240185b8        0x4 ../VCOM-G1/GuitarPedal/libDaisy/build\libdaisy.a(system.o)
                0x240185b8                daisy::System::GetPClk1Freq()
 .text._ZN5daisy6System22GetProgramMemoryRegionEv
                0x240185bc       0x78 ../VCOM-G1/GuitarPedal/libDaisy/build\libdaisy.a(system.o)
                0x240185bc                daisy::System::GetProgramMemoryRegion()
 .text.startup._GLOBAL__sub_I__ZN5daisy9boot_infoE
                0x24018634       0x1c ../VCOM-G1/GuitarPedal/libDaisy/build\libdaisy.a(system.o)
 .text.HAL_PCD_SetupStageCallback
                0x24018650        0xc ../VCOM-G1/GuitarPedal/libDaisy/build\libdaisy.a(usbd_conf.o)
                0x24018650                HAL_PCD_SetupStageCallback
 .text.HAL_PCD_DataOutStageCallback
                0x2401865c       0x14 ../VCOM-G1/GuitarPedal/libDaisy/build\libdaisy.a(usbd_conf.o)
                0x2401865c                HAL_PCD_DataOutStageCallback
 .text.HAL_PCD_DataInStageCallback
                0x24018670       0x14 ../VCOM-G1/GuitarPedal/libDaisy/build\libdaisy.a(usbd_conf.o)
                0x24018670                HAL_PCD_DataInStageCallback
 .text.HAL_PCD_SOFCallback
                0x24018684        0x8 ../VCOM-G1/GuitarPedal/libDaisy/build\libdaisy.a(usbd_conf.o)
                0x24018684                HAL_PCD_SOFCallback
 .text.HAL_PCD_ResetCallback
                0x2401868c       0x24 ../VCOM-G1/GuitarPedal/libDaisy/build\libdaisy.a(usbd_conf.o)
                0x2401868c                HAL_PCD_ResetCallback
 .text.HAL_PCD_SuspendCallback
                0x240186b0       0x30 ../VCOM-G1/GuitarPedal/libDaisy/build\libdaisy.a(usbd_conf.o)
                0x240186b0                HAL_PCD_SuspendCallback
 .text.HAL_PCD_ResumeCallback
                0x240186e0        0x8 ../VCOM-G1/GuitarPedal/libDaisy/build\libdaisy.a(usbd_conf.o)
                0x240186e0                HAL_PCD_ResumeCallback
 .text.HAL_PCD_ISOOUTIncompleteCallback
                0x240186e8        0x8 ../VCOM-G1/GuitarPedal/libDaisy/build\libdaisy.a(usbd_conf.o)
                0x240186e8                HAL_PCD_ISOOUTIncompleteCallback
 .text.HAL_PCD_ISOINIncompleteCallback
                0x240186f0        0x8 ../VCOM-G1/GuitarPedal/libDaisy/build\libdaisy.a(usbd_conf.o)
                0x240186f0                HAL_PCD_ISOINIncompleteCallback
 .text.HAL_PCD_ConnectCallback
                0x240186f8        0x8 ../VCOM-G1/GuitarPedal/libDaisy/build\libdaisy.a(usbd_conf.o)
                0x240186f8                HAL_PCD_ConnectCallback
 .text.HAL_PCD_DisconnectCallback
                0x24018700        0x8 ../VCOM-G1/GuitarPedal/libDaisy/build\libdaisy.a(usbd_conf.o)
                0x24018700                HAL_PCD_DisconnectCallback
 .text.USBD_LL_OpenEP
                0x24018708       0x24 ../VCOM-G1/GuitarPedal/libDaisy/build\libdaisy.a(usbd_conf.o)
                0x24018708                USBD_LL_OpenEP
 .text.USBD_LL_StallEP
                0x2401872c       0x1c ../VCOM-G1/GuitarPedal/libDaisy/build\libdaisy.a(usbd_conf.o)
                0x2401872c                USBD_LL_StallEP
 .text.USBD_LL_ClearStallEP
                0x24018748       0x1c ../VCOM-G1/GuitarPedal/libDaisy/build\libdaisy.a(usbd_conf.o)
                0x24018748                USBD_LL_ClearStallEP
 .text.USBD_LL_IsStallEP
                0x24018764       0x28 ../VCOM-G1/GuitarPedal/libDaisy/build\libdaisy.a(usbd_conf.o)
                0x24018764                USBD_LL_IsStallEP
 .text.USBD_LL_SetUSBAddress
                0x2401878c       0x1c ../VCOM-G1/GuitarPedal/libDaisy/build\libdaisy.a(usbd_conf.o)
                0x2401878c                USBD_LL_SetUSBAddress
 .text.USBD_LL_Transmit
                0x240187a8       0x1c ../VCOM-G1/GuitarPedal/libDaisy/build\libdaisy.a(usbd_conf.o)
                0x240187a8                USBD_LL_Transmit
 .text.USBD_LL_PrepareReceive
                0x240187c4       0x1c ../VCOM-G1/GuitarPedal/libDaisy/build\libdaisy.a(usbd_conf.o)
                0x240187c4                USBD_LL_PrepareReceive
 .text.HAL_HCD_SOF_Callback
                0x240187e0        0x8 ../VCOM-G1/GuitarPedal/libDaisy/build\libdaisy.a(usbh_conf.o)
                0x240187e0                HAL_HCD_SOF_Callback
 .text.HAL_HCD_Connect_Callback
                0x240187e8        0x8 ../VCOM-G1/GuitarPedal/libDaisy/build\libdaisy.a(usbh_conf.o)
                0x240187e8                HAL_HCD_Connect_Callback
 .text.HAL_HCD_Disconnect_Callback
                0x240187f0        0x8 ../VCOM-G1/GuitarPedal/libDaisy/build\libdaisy.a(usbh_conf.o)
                0x240187f0                HAL_HCD_Disconnect_Callback
 .text.HAL_HCD_HC_NotifyURBChange_Callback
                0x240187f8        0x4 ../VCOM-G1/GuitarPedal/libDaisy/build\libdaisy.a(usbh_conf.o)
                0x240187f8                HAL_HCD_HC_NotifyURBChange_Callback
 .text.HAL_HCD_PortEnabled_Callback
                0x240187fc        0x8 ../VCOM-G1/GuitarPedal/libDaisy/build\libdaisy.a(usbh_conf.o)
                0x240187fc                HAL_HCD_PortEnabled_Callback
 .text.HAL_HCD_PortDisabled_Callback
                0x24018804        0x8 ../VCOM-G1/GuitarPedal/libDaisy/build\libdaisy.a(usbh_conf.o)
                0x24018804                HAL_HCD_PortDisabled_Callback
 .text.USBH_LL_Stop
                0x2401880c       0x1c ../VCOM-G1/GuitarPedal/libDaisy/build\libdaisy.a(usbh_conf.o)
                0x2401880c                USBH_LL_Stop
 .text.HAL_MspInit
                0x24018828        0x4 ../VCOM-G1/GuitarPedal/libDaisy/build\libdaisy.a(stm32h7xx_hal.o)
                0x24018828                HAL_MspInit
 .text.HAL_InitTick
                0x2401882c       0x4c ../VCOM-G1/GuitarPedal/libDaisy/build\libdaisy.a(stm32h7xx_hal.o)
                0x2401882c                HAL_InitTick
 .text.HAL_Init
                0x24018878       0x60 ../VCOM-G1/GuitarPedal/libDaisy/build\libdaisy.a(stm32h7xx_hal.o)
                0x24018878                HAL_Init
 .text.HAL_IncTick
                0x240188d8       0x18 ../VCOM-G1/GuitarPedal/libDaisy/build\libdaisy.a(stm32h7xx_hal.o)
                0x240188d8                HAL_IncTick
 .text.HAL_GetTick
                0x240188f0        0xc ../VCOM-G1/GuitarPedal/libDaisy/build\libdaisy.a(stm32h7xx_hal.o)
                0x240188f0                HAL_GetTick
 .text.HAL_Delay
                0x240188fc       0x24 ../VCOM-G1/GuitarPedal/libDaisy/build\libdaisy.a(stm32h7xx_hal.o)
                0x240188fc                HAL_Delay
 .text.HAL_GetREVID
                0x24018920        0xc ../VCOM-G1/GuitarPedal/libDaisy/build\libdaisy.a(stm32h7xx_hal.o)
                0x24018920                HAL_GetREVID
 .text.HAL_ADC_ConvHalfCpltCallback
                0x2401892c        0x4 ../VCOM-G1/GuitarPedal/libDaisy/build\libdaisy.a(stm32h7xx_hal_adc.o)
                0x2401892c                HAL_ADC_ConvHalfCpltCallback
 .text.ADC_DMAHalfConvCplt
                0x24018930        0xc ../VCOM-G1/GuitarPedal/libDaisy/build\libdaisy.a(stm32h7xx_hal_adc.o)
                0x24018930                ADC_DMAHalfConvCplt
 .text.ADC_DMAConvCplt
                0x2401893c       0x6c ../VCOM-G1/GuitarPedal/libDaisy/build\libdaisy.a(stm32h7xx_hal_adc.o)
                0x2401893c                ADC_DMAConvCplt
 .text.ADC_DMAError
                0x240189a8       0x1c ../VCOM-G1/GuitarPedal/libDaisy/build\libdaisy.a(stm32h7xx_hal_adc.o)
                0x240189a8                ADC_DMAError
 .text.HAL_ADC_ConfigChannel
                0x240189c4      0x440 ../VCOM-G1/GuitarPedal/libDaisy/build\libdaisy.a(stm32h7xx_hal_adc.o)
                0x240189c4                HAL_ADC_ConfigChannel
 .text.ADC_Enable
                0x24018e04       0xac ../VCOM-G1/GuitarPedal/libDaisy/build\libdaisy.a(stm32h7xx_hal_adc.o)
                0x24018e04                ADC_Enable
 .text.HAL_ADC_Start_DMA
                0x24018eb0      0x124 ../VCOM-G1/GuitarPedal/libDaisy/build\libdaisy.a(stm32h7xx_hal_adc.o)
                0x24018eb0                HAL_ADC_Start_DMA
 .text.ADC_Disable
                0x24018fd4       0x74 ../VCOM-G1/GuitarPedal/libDaisy/build\libdaisy.a(stm32h7xx_hal_adc.o)
                0x24018fd4                ADC_Disable
 .text.ADC_ConfigureBoostMode
                0x24019048      0x17c ../VCOM-G1/GuitarPedal/libDaisy/build\libdaisy.a(stm32h7xx_hal_adc.o)
                0x24019048                ADC_ConfigureBoostMode
 .text.HAL_ADC_Init
                0x240191c4      0x21c ../VCOM-G1/GuitarPedal/libDaisy/build\libdaisy.a(stm32h7xx_hal_adc.o)
                0x240191c4                HAL_ADC_Init
 .text.HAL_ADCEx_Calibration_Start
                0x240193e0       0xa4 ../VCOM-G1/GuitarPedal/libDaisy/build\libdaisy.a(stm32h7xx_hal_adc_ex.o)
                0x240193e0                HAL_ADCEx_Calibration_Start
 .text.HAL_ADCEx_MultiModeConfigChannel
                0x24019484       0xd0 ../VCOM-G1/GuitarPedal/libDaisy/build\libdaisy.a(stm32h7xx_hal_adc_ex.o)
                0x24019484                HAL_ADCEx_MultiModeConfigChannel
 .text.HAL_NVIC_SetPriorityGrouping
                0x24019554       0x24 ../VCOM-G1/GuitarPedal/libDaisy/build\libdaisy.a(stm32h7xx_hal_cortex.o)
                0x24019554                HAL_NVIC_SetPriorityGrouping
 .text.HAL_NVIC_SetPriority
                0x24019578       0x7c ../VCOM-G1/GuitarPedal/libDaisy/build\libdaisy.a(stm32h7xx_hal_cortex.o)
                0x24019578                HAL_NVIC_SetPriority
 .text.HAL_NVIC_EnableIRQ
                0x240195f4       0x1c ../VCOM-G1/GuitarPedal/libDaisy/build\libdaisy.a(stm32h7xx_hal_cortex.o)
                0x240195f4                HAL_NVIC_EnableIRQ
 .text.HAL_NVIC_DisableIRQ
                0x24019610       0x28 ../VCOM-G1/GuitarPedal/libDaisy/build\libdaisy.a(stm32h7xx_hal_cortex.o)
                0x24019610                HAL_NVIC_DisableIRQ
 .text.HAL_SYSTICK_Config
                0x24019638       0x2c ../VCOM-G1/GuitarPedal/libDaisy/build\libdaisy.a(stm32h7xx_hal_cortex.o)
                0x24019638                HAL_SYSTICK_Config
 .text.HAL_MPU_Disable
                0x24019664       0x1c ../VCOM-G1/GuitarPedal/libDaisy/build\libdaisy.a(stm32h7xx_hal_cortex.o)
                0x24019664                HAL_MPU_Disable
 .text.HAL_MPU_Enable
                0x24019680       0x20 ../VCOM-G1/GuitarPedal/libDaisy/build\libdaisy.a(stm32h7xx_hal_cortex.o)
                0x24019680                HAL_MPU_Enable
 .text.HAL_MPU_ConfigRegion
                0x240196a0       0x64 ../VCOM-G1/GuitarPedal/libDaisy/build\libdaisy.a(stm32h7xx_hal_cortex.o)
                0x240196a0                HAL_MPU_ConfigRegion
 .text.HAL_SYSTICK_Callback
                0x24019704        0x4 ../VCOM-G1/GuitarPedal/libDaisy/build\libdaisy.a(stm32h7xx_hal_cortex.o)
                0x24019704                HAL_SYSTICK_Callback
 .text.HAL_SYSTICK_IRQHandler
                0x24019708        0x8 ../VCOM-G1/GuitarPedal/libDaisy/build\libdaisy.a(stm32h7xx_hal_cortex.o)
                0x24019708                HAL_SYSTICK_IRQHandler
 .text.DMA_CalcBaseAndBitshift
                0x24019710       0xf4 ../VCOM-G1/GuitarPedal/libDaisy/build\libdaisy.a(stm32h7xx_hal_dma.o)
 .text.DMA_CalcDMAMUXChannelBaseAndMask
                0x24019804       0xd8 ../VCOM-G1/GuitarPedal/libDaisy/build\libdaisy.a(stm32h7xx_hal_dma.o)
 .text.HAL_DMA_Init
                0x240198dc      0x4dc ../VCOM-G1/GuitarPedal/libDaisy/build\libdaisy.a(stm32h7xx_hal_dma.o)
                0x240198dc                HAL_DMA_Init
 .text.HAL_DMA_Start_IT
                0x24019db8      0x330 ../VCOM-G1/GuitarPedal/libDaisy/build\libdaisy.a(stm32h7xx_hal_dma.o)
                0x24019db8                HAL_DMA_Start_IT
 .text.HAL_DMA_Abort
                0x2401a0e8      0x2f0 ../VCOM-G1/GuitarPedal/libDaisy/build\libdaisy.a(stm32h7xx_hal_dma.o)
                0x2401a0e8                HAL_DMA_Abort
 .text.HAL_DMA_Abort_IT
                0x2401a3d8      0x194 ../VCOM-G1/GuitarPedal/libDaisy/build\libdaisy.a(stm32h7xx_hal_dma.o)
                0x2401a3d8                HAL_DMA_Abort_IT
 .text.HAL_DMA_IRQHandler
                0x2401a56c      0x6a0 ../VCOM-G1/GuitarPedal/libDaisy/build\libdaisy.a(stm32h7xx_hal_dma.o)
                0x2401a56c                HAL_DMA_IRQHandler
 .text.HAL_DMA_GetError
                0x2401ac0c        0x4 ../VCOM-G1/GuitarPedal/libDaisy/build\libdaisy.a(stm32h7xx_hal_dma.o)
                0x2401ac0c                HAL_DMA_GetError
 .text.HAL_GPIO_Init
                0x2401ac10      0x274 ../VCOM-G1/GuitarPedal/libDaisy/build\libdaisy.a(stm32h7xx_hal_gpio.o)
                0x2401ac10                HAL_GPIO_Init
 .text.HAL_GPIO_DeInit
                0x2401ae84      0x190 ../VCOM-G1/GuitarPedal/libDaisy/build\libdaisy.a(stm32h7xx_hal_gpio.o)
                0x2401ae84                HAL_GPIO_DeInit
 .text.HAL_GPIO_ReadPin
                0x2401b014        0xc ../VCOM-G1/GuitarPedal/libDaisy/build\libdaisy.a(stm32h7xx_hal_gpio.o)
                0x2401b014                HAL_GPIO_ReadPin
 .text.HAL_GPIO_WritePin
                0x2401b020        0x8 ../VCOM-G1/GuitarPedal/libDaisy/build\libdaisy.a(stm32h7xx_hal_gpio.o)
                0x2401b020                HAL_GPIO_WritePin
 .text.HAL_HCD_IRQHandler
                0x2401b028      0x8f4 ../VCOM-G1/GuitarPedal/libDaisy/build\libdaisy.a(stm32h7xx_hal_hcd.o)
                0x2401b028                HAL_HCD_IRQHandler
 .text.HAL_HCD_Stop
                0x2401b91c       0x28 ../VCOM-G1/GuitarPedal/libDaisy/build\libdaisy.a(stm32h7xx_hal_hcd.o)
                0x2401b91c                HAL_HCD_Stop
 .text.I2C_WaitOnTXISFlagUntilTimeout
                0x2401b944      0x16c ../VCOM-G1/GuitarPedal/libDaisy/build\libdaisy.a(stm32h7xx_hal_i2c.o)
 .text.I2C_WaitOnSTOPFlagUntilTimeout
                0x2401bab0      0x168 ../VCOM-G1/GuitarPedal/libDaisy/build\libdaisy.a(stm32h7xx_hal_i2c.o)
 .text.HAL_I2C_Init
                0x2401bc18       0xac ../VCOM-G1/GuitarPedal/libDaisy/build\libdaisy.a(stm32h7xx_hal_i2c.o)
                0x2401bc18                HAL_I2C_Init
 .text.HAL_I2C_Master_Transmit
                0x2401bcc4      0x37c ../VCOM-G1/GuitarPedal/libDaisy/build\libdaisy.a(stm32h7xx_hal_i2c.o)
                0x2401bcc4                HAL_I2C_Master_Transmit
 .text.HAL_I2C_Slave_Transmit
                0x2401c040      0x254 ../VCOM-G1/GuitarPedal/libDaisy/build\libdaisy.a(stm32h7xx_hal_i2c.o)
                0x2401c040                HAL_I2C_Slave_Transmit